Component: ARM Compiler 5.06 update 1 (build 61) Tool: armlink [4d35a8]

==============================================================================

Section Cross References

    main.o(i.main) refers to misc.o(i.NVIC_PriorityGroupConfig) for NVIC_PriorityGroupConfig
    main.o(i.main) refers to delay.o(i.systick_it_init) for systick_it_init
    main.o(i.main) refers to led.o(i.DRV_LED_Init) for DRV_LED_Init
    main.o(i.main) refers to uart.o(i.DRV_USART1_Init) for DRV_USART1_Init
    main.o(i.main) refers to remote_signal.o(i.RC_Init) for RC_Init
    main.o(i.main) refers to spi.o(i.DRV_SPI_Init) for DRV_SPI_Init
    main.o(i.main) refers to icm20602.o(i.DRV_Icm20602_Init) for DRV_Icm20602_Init
    main.o(i.main) refers to imu.o(i.IMU_Init) for IMU_Init
    main.o(i.main) refers to led.o(i.DRV_LED_LIGHTING) for DRV_LED_LIGHTING
    main.o(i.main) refers to delay.o(i.delay_ms) for delay_ms
    main.o(i.main) refers to task_manage.o(i.app_task_reate) for app_task_reate
    main.o(i.main) refers to tasks.o(i.vTaskStartScheduler) for vTaskStartScheduler
    main.o(i.main) refers to delay.o(.data) for RTOS_en
    system_stm32f4xx.o(i.SystemCoreClockUpdate) refers to system_stm32f4xx.o(.data) for SystemCoreClock
    system_stm32f4xx.o(i.SystemInit) refers to system_stm32f4xx.o(i.SetSysClock) for SetSysClock
    imu.o(i.IMU_Calcu) refers to kaiju_math.o(i.my_sqrt_reciprocal) for my_sqrt_reciprocal
    imu.o(i.IMU_Calcu) refers to imu.o(.data) for imu_data
    imu.o(i.IMU_Calcu) refers to imu.o(.bss) for z_vec
    imu.o(i.IMU_Data_Share) refers to queue.o(i.xQueueGenericCreate) for xQueueGenericCreate
    imu.o(i.IMU_Data_Share) refers to queue.o(i.xQueueGenericSend) for xQueueGenericSend
    imu.o(i.IMU_Data_Share) refers to imu.o(.data) for isFullQueue
    imu.o(i.IMU_Data_Update) refers to icm20602.o(i.DRV_Icm20602_Read) for DRV_Icm20602_Read
    imu.o(i.IMU_Data_Update) refers to imu.o(.data) for mpu_data
    imu.o(i.IMU_Data_Update) refers to imu.o(.bss) for gyro_lpf
    imu.o(i.IMU_Init) refers to imu.o(i.IMU_Reset) for IMU_Reset
    imu.o(i.IMU_Init) refers to imu.o(i.MPU_GYRO_Calibration) for MPU_GYRO_Calibration
    imu.o(i.IMU_Init) refers to delay.o(i.delay_ms) for delay_ms
    imu.o(i.IMU_RPY_Calcu) refers to kaiju_math.o(i.fast_atan2) for fast_atan2
    imu.o(i.IMU_RPY_Calcu) refers to kaiju_math.o(i.my_sqrt) for my_sqrt
    imu.o(i.IMU_RPY_Calcu) refers to imu.o(.data) for imu_data
    imu.o(i.IMU_RPY_Calcu) refers to imu.o(.bss) for z_vec
    imu.o(i.IMU_Reset) refers to imu.o(.data) for imu_data
    imu.o(i.MPU_ACC_Calibration) refers to _printf_percent.o(.ARM.Collect$$_printf_percent$$00000000) for _printf_percent
    imu.o(i.MPU_ACC_Calibration) refers to _printf_d.o(.ARM.Collect$$_printf_percent$$00000009) for _printf_d
    imu.o(i.MPU_ACC_Calibration) refers to _printf_dec.o(.text) for _printf_int_dec
    imu.o(i.MPU_ACC_Calibration) refers to icm20602.o(i.DRV_Icm20602_Read) for DRV_Icm20602_Read
    imu.o(i.MPU_ACC_Calibration) refers to noretval__2printf.o(.text) for __2printf
    imu.o(i.MPU_ACC_Calibration) refers to delay.o(i.delay_ms) for delay_ms
    imu.o(i.MPU_ACC_Calibration) refers to uart.o(.data) for Rx_data
    imu.o(i.MPU_ACC_Calibration) refers to imu.o(.data) for mpu_data
    imu.o(i.MPU_GYRO_Calibration) refers to icm20602.o(i.DRV_Icm20602_Read) for DRV_Icm20602_Read
    imu.o(i.MPU_GYRO_Calibration) refers to delay.o(i.delay_ms) for delay_ms
    imu.o(i.MPU_GYRO_Calibration) refers to imu.o(.data) for mpu_data
    remote_signal.o(i.RC_Init) refers to uart.o(i.DRV_UART5_Init) for DRV_UART5_Init
    remote_signal.o(i.RC_Offline_Check) refers to remote_signal.o(i.RC_SBUS_Offline_Check) for RC_SBUS_Offline_Check
    remote_signal.o(i.RC_Offline_Check) refers to remote_signal.o(i.RC_SBUS_Data_Limited) for RC_SBUS_Data_Limited
    remote_signal.o(i.RC_PPM_Calcu) refers to remote_signal.o(i.RC_PPM_Watch_Dog_Feed) for RC_PPM_Watch_Dog_Feed
    remote_signal.o(i.RC_PPM_Calcu) refers to remote_signal.o(.data) for channel_num
    remote_signal.o(i.RC_PPM_Calcu) refers to remote_signal.o(.bss) for rc_data
    remote_signal.o(i.RC_PPM_Data_Limited) refers to remote_signal.o(.bss) for rc_data
    remote_signal.o(i.RC_PPM_Offline_Check) refers to remote_signal.o(.bss) for ch_offline_time
    remote_signal.o(i.RC_PPM_Watch_Dog_Feed) refers to remote_signal.o(.bss) for ch_offline_time
    remote_signal.o(i.RC_SBUS_Analysis) refers to remote_signal.o(i.RC_SBUS_Offline_Reset) for RC_SBUS_Offline_Reset
    remote_signal.o(i.RC_SBUS_Analysis) refers to remote_signal.o(.bss) for rc_data
    remote_signal.o(i.RC_SBUS_ByteGet) refers to remote_signal.o(i.RC_SBUS_Analysis) for RC_SBUS_Analysis
    remote_signal.o(i.RC_SBUS_ByteGet) refers to remote_signal.o(.data) for cnt
    remote_signal.o(i.RC_SBUS_ByteGet) refers to remote_signal.o(.bss) for datatmp
    remote_signal.o(i.RC_SBUS_Data_Limited) refers to remote_signal.o(.bss) for rc_data
[...]
    i.DRV_SPI_Read_Write_Byte                0x080007ac   Section        0  spi.o(i.DRV_SPI_Read_Write_Byte)
    i.DRV_SPI_Receive                        0x0800080c   Section        0  spi.o(i.DRV_SPI_Receive)
    i.DRV_UART5_Init                         0x0800082c   Section        0  uart.o(i.DRV_UART5_Init)
    i.DRV_USART1_Init                        0x08000908   Section        0  uart.o(i.DRV_USART1_Init)
    i.DRV_USART1_Send                        0x080009f8   Section        0  uart.o(i.DRV_USART1_Send)
    i.DebugMon_Handler                       0x08000a40   Section        0  stm32f4xx_it.o(i.DebugMon_Handler)
    i.GPIO_Init                              0x08000a42   Section        0  stm32f4xx_gpio.o(i.GPIO_Init)
    i.GPIO_PinAFConfig                       0x08000ad2   Section        0  stm32f4xx_gpio.o(i.GPIO_PinAFConfig)
    i.GPIO_ResetBits                         0x08000b18   Section        0  stm32f4xx_gpio.o(i.GPIO_ResetBits)
    i.GPIO_SetBits                           0x08000b1c   Section        0  stm32f4xx_gpio.o(i.GPIO_SetBits)
    i.HardFault_Handler                      0x08000b20   Section        0  stm32f4xx_it.o(i.HardFault_Handler)
    i.IMU_Calcu                              0x08000b24   Section        0  imu.o(i.IMU_Calcu)
    i.IMU_Data_Share                         0x08000fc0   Section        0  imu.o(i.IMU_Data_Share)
    i.IMU_Data_Update                        0x08001008   Section        0  imu.o(i.IMU_Data_Update)
    i.IMU_Init                               0x0800137c   Section        0  imu.o(i.IMU_Init)
    i.IMU_RPY_Calcu                          0x08001390   Section        0  imu.o(i.IMU_RPY_Calcu)
    i.IMU_Reset                              0x080014b8   Section        0  imu.o(i.IMU_Reset)
    i.MPU_GYRO_Calibration                   0x0800152c   Section        0  imu.o(i.MPU_GYRO_Calibration)
    i.MSG_Send                               0x0800160c   Section        0  msg_interchange.o(i.MSG_Send)
    i.MemManage_Handler                      0x080016f8   Section        0  stm32f4xx_it.o(i.MemManage_Handler)
    i.NMI_Handler                            0x080016fc   Section        0  stm32f4xx_it.o(i.NMI_Handler)
    i.NVIC_Init                              0x08001700   Section        0  misc.o(i.NVIC_Init)
    i.NVIC_PriorityGroupConfig               0x08001778   Section        0  misc.o(i.NVIC_PriorityGroupConfig)
    i.RCC_AHB1PeriphClockCmd                 0x0800178c   Section        0  stm32f4xx_rcc.o(i.RCC_AHB1PeriphClockCmd)
    i.RCC_APB1PeriphClockCmd                 0x080017ac   Section        0  stm32f4xx_rcc.o(i.RCC_APB1PeriphClockCmd)
    i.RCC_APB1PeriphResetCmd                 0x080017cc   Section        0  stm32f4xx_rcc.o(i.RCC_APB1PeriphResetCmd)
    i.RCC_APB2PeriphClockCmd                 0x080017ec   Section        0  stm32f4xx_rcc.o(i.RCC_APB2PeriphClockCmd)
    i.RCC_APB2PeriphResetCmd                 0x0800180c   Section        0  stm32f4xx_rcc.o(i.RCC_APB2PeriphResetCmd)
    i.RCC_GetClocksFreq                      0x0800182c   Section        0  stm32f4xx_rcc.o(i.RCC_GetClocksFreq)
    i.RC_Init                                0x08001914   Section        0  remote_signal.o(i.RC_Init)
    i.RC_Offline_Check                       0x08001924   Section        0  remote_signal.o(i.RC_Offline_Check)
    i.RC_PPM_Calcu                           0x08001934   Section        0  remote_signal.o(i.RC_PPM_Calcu)
    i.RC_PPM_Watch_Dog_Feed                  0x08001988   Section        0  remote_signal.o(i.RC_PPM_Watch_Dog_Feed)
    i.RC_SBUS_Analysis                       0x08001998   Section        0  remote_signal.o(i.RC_SBUS_Analysis)
    i.RC_SBUS_ByteGet                        0x08001a58   Section        0  remote_signal.o(i.RC_SBUS_ByteGet)
    i.RC_SBUS_Data_Limited                   0x08001c68   Section        0  remote_signal.o(i.RC_SBUS_Data_Limited)
    i.RC_SBUS_Offline_Check                  0x08001ca0   Section        0  remote_signal.o(i.RC_SBUS_Offline_Check)
    i.RC_SBUS_Offline_Reset                  0x08001cc8   Section        0  remote_signal.o(i.RC_SBUS_Offline_Reset)
    i.SPI_Cmd                                0x08001cd4   Section        0  stm32f4xx_spi.o(i.SPI_Cmd)
    i.SPI_I2S_DeInit                         0x08001cec   Section        0  stm32f4xx_spi.o(i.SPI_I2S_DeInit)
    i.SPI_I2S_GetFlagStatus                  0x08001d9c   Section        0  stm32f4xx_spi.o(i.SPI_I2S_GetFlagStatus)
    i.SPI_I2S_ReceiveData                    0x08001dae   Section        0  stm32f4xx_spi.o(i.SPI_I2S_ReceiveData)
    i.SPI_I2S_SendData                       0x08001db4   Section        0  stm32f4xx_spi.o(i.SPI_I2S_SendData)
    i.SPI_Init                               0x08001db8   Section        0  stm32f4xx_spi.o(i.SPI_Init)
    i.SetSysClock                            0x08001df4   Section        0  system_stm32f4xx.o(i.SetSysClock)
    SetSysClock                              0x08001df5   Thumb Code   220  system_stm32f4xx.o(i.SetSysClock)
    i.SysTick_CLKSourceConfig                0x08001ee0   Section        0  misc.o(i.SysTick_CLKSourceConfig)
    i.SysTick_Handler                        0x08001f08   Section        0  delay.o(i.SysTick_Handler)
    i.SystemInit                             0x08001f2c   Section        0  system_stm32f4xx.o(i.SystemInit)
    i.TIM1_CC_IRQHandler                     0x08001f94   Section        0  remote_signal.o(i.TIM1_CC_IRQHandler)
    i.TIM_ClearITPendingBit                  0x08001fd8   Section        0  stm32f4xx_tim.o(i.TIM_ClearITPendingBit)
    i.TIM_GetCapture1                        0x08001fde   Section        0  stm32f4xx_tim.o(i.TIM_GetCapture1)
    i.UART5_IRQHandler                       0x08001fe4   Section        0  uart.o(i.UART5_IRQHandler)
    i.USART1_IRQHandler                      0x08002010   Section        0  uart.o(i.USART1_IRQHandler)
    i.USART3_IRQHandler                      0x08002084   Section        0  uart.o(i.USART3_IRQHandler)
    i.USART_ClearITPendingBit                0x080020f4   Section        0  stm32f4xx_usart.o(i.USART_ClearITPendingBit)
    i.USART_ClockInit                        0x08002112   Section        0  stm32f4xx_usart.o(i.USART_ClockInit)
    i.USART_Cmd                              0x08002132   Section        0  stm32f4xx_usart.o(i.USART_Cmd)
    i.USART_GetITStatus                      0x0800214a   Section        0  stm32f4xx_usart.o(i.USART_GetITStatus)
    i.USART_ITConfig                         0x0800219e   Section        0  stm32f4xx_usart.o(i.USART_ITConfig)
    i.USART_Init                             0x080021e8   Section        0  stm32f4xx_usart.o(i.USART_Init)
    i.USART_ReceiveData                      0x080022bc   Section        0  stm32f4xx_usart.o(i.USART_ReceiveData)
    i.UsageFault_Handler                     0x080022c6   Section        0  stm32f4xx_it.o(i.UsageFault_Handler)
    i._sys_exit                              0x080022ca   Section        0  uart.o(i._sys_exit)
    i.app_task_reate                         0x080022d0   Section        0  task_manage.o(i.app_task_reate)
    i.delay_ms                               0x08002344   Section        0  delay.o(i.delay_ms)
    i.fast_atan2                             0x0800235c   Section        0  kaiju_math.o(i.fast_atan2)
    i.icm20602_enable                        0x080024d8   Section        0  icm20602.o(i.icm20602_enable)
    icm20602_enable                          0x080024d9   Thumb Code    26  icm20602.o(i.icm20602_enable)
    i.icm20602_readbuf                       0x080024f8   Section        0  icm20602.o(i.icm20602_readbuf)
    icm20602_readbuf                         0x080024f9   Thumb Code    38  icm20602.o(i.icm20602_readbuf)
    i.icm20602_writebyte                     0x0800251e   Section        0  icm20602.o(i.icm20602_writebyte)
    icm20602_writebyte                       0x0800251f   Thumb Code    36  icm20602.o(i.icm20602_writebyte)
    i.main                                   0x08002544   Section        0  main.o(i.main)
    i.my_abs                                 0x0800259c   Section        0  kaiju_math.o(i.my_abs)
    i.my_sqrt                                0x080025b6   Section        0  kaiju_math.o(i.my_sqrt)
    i.my_sqrt_reciprocal                     0x080025cc   Section        0  kaiju_math.o(i.my_sqrt_reciprocal)
    i.prvAddCurrentTaskToDelayedList         0x0800261c   Section        0  tasks.o(i.prvAddCurrentTaskToDelayedList)
    prvAddCurrentTaskToDelayedList           0x0800261d   Thumb Code   164  tasks.o(i.prvAddCurrentTaskToDelayedList)
    i.prvAddNewTaskToReadyList               0x080026dc   Section        0  tasks.o(i.prvAddNewTaskToReadyList)
    prvAddNewTaskToReadyList                 0x080026dd   Thumb Code   206  tasks.o(i.prvAddNewTaskToReadyList)
    i.prvCheckForValidListAndQueue           0x080027c8   Section        0  timers.o(i.prvCheckForValidListAndQueue)
    prvCheckForValidListAndQueue             0x080027c9   Thumb Code    72  timers.o(i.prvCheckForValidListAndQueue)
    i.prvCheckTasksWaitingTermination        0x0800282c   Section        0  tasks.o(i.prvCheckTasksWaitingTermination)
    prvCheckTasksWaitingTermination          0x0800282d   Thumb Code    60  tasks.o(i.prvCheckTasksWaitingTermination)
    i.prvCopyDataFromQueue                   0x08002874   Section        0  queue.o(i.prvCopyDataFromQueue)
    prvCopyDataFromQueue                     0x08002875   Thumb Code    42  queue.o(i.prvCopyDataFromQueue)
    i.prvCopyDataToQueue                     0x0800289e   Section        0  queue.o(i.prvCopyDataToQueue)
    prvCopyDataToQueue                       0x0800289f   Thumb Code   126  queue.o(i.prvCopyDataToQueue)
    i.prvDeleteTCB                           0x0800291c   Section        0  tasks.o(i.prvDeleteTCB)
    prvDeleteTCB                             0x0800291d   Thumb Code    18  tasks.o(i.prvDeleteTCB)
    i.prvGetNextExpireTime                   0x08002930   Section        0  timers.o(i.prvGetNextExpireTime)
    prvGetNextExpireTime                     0x08002931   Thumb Code    36  timers.o(i.prvGetNextExpireTime)
    i.prvHeapInit                            0x08002958   Section        0  heap_4.o(i.prvHeapInit)
    prvHeapInit                              0x08002959   Thumb Code    98  heap_4.o(i.prvHeapInit)
    i.prvIdleTask                            0x080029d4   Section        0  tasks.o(i.prvIdleTask)
    prvIdleTask                              0x080029d5   Thumb Code    32  tasks.o(i.prvIdleTask)
    i.prvInitialiseNewQueue                  0x080029fc   Section        0  queue.o(i.prvInitialiseNewQueue)
    prvInitialiseNewQueue                    0x080029fd   Thumb Code    46  queue.o(i.prvInitialiseNewQueue)
    i.prvInitialiseNewTask                   0x08002a2a   Section        0  tasks.o(i.prvInitialiseNewTask)
    prvInitialiseNewTask                     0x08002a2b   Thumb Code   224  tasks.o(i.prvInitialiseNewTask)
    i.prvInitialiseTaskLists                 0x08002b0c   Section        0  tasks.o(i.prvInitialiseTaskLists)
    prvInitialiseTaskLists                   0x08002b0d   Thumb Code    70  tasks.o(i.prvInitialiseTaskLists)
    i.prvInsertBlockIntoFreeList             0x08002b74   Section        0  heap_4.o(i.prvInsertBlockIntoFreeList)
    prvInsertBlockIntoFreeList               0x08002b75   Thumb Code    96  heap_4.o(i.prvInsertBlockIntoFreeList)
    i.prvInsertTimerInActiveList             0x08002bdc   Section        0  timers.o(i.prvInsertTimerInActiveList)
    prvInsertTimerInActiveList               0x08002bdd   Thumb Code    80  timers.o(i.prvInsertTimerInActiveList)
    i.prvIsQueueEmpty                        0x08002c34   Section        0  queue.o(i.prvIsQueueEmpty)
    prvIsQueueEmpty                          0x08002c35   Thumb Code    26  queue.o(i.prvIsQueueEmpty)
    i.prvIsQueueFull                         0x08002c4e   Section        0  queue.o(i.prvIsQueueFull)
    prvIsQueueFull                           0x08002c4f   Thumb Code    30  queue.o(i.prvIsQueueFull)
    i.prvNotifyQueueSetContainer             0x08002c6c   Section        0  queue.o(i.prvNotifyQueueSetContainer)
    prvNotifyQueueSetContainer               0x08002c6d   Thumb Code   172  queue.o(i.prvNotifyQueueSetContainer)
    i.prvProcessExpiredTimer                 0x08002d18   Section        0  timers.o(i.prvProcessExpiredTimer)
    prvProcessExpiredTimer                   0x08002d19   Thumb Code    62  timers.o(i.prvProcessExpiredTimer)
    i.prvProcessReceivedCommands             0x08002d5c   Section        0  timers.o(i.prvProcessReceivedCommands)
    prvProcessReceivedCommands               0x08002d5d   Thumb Code   326  timers.o(i.prvProcessReceivedCommands)
    i.prvProcessTimerOrBlockTask             0x08002ea8   Section        0  timers.o(i.prvProcessTimerOrBlockTask)
    prvProcessTimerOrBlockTask               0x08002ea9   Thumb Code   102  timers.o(i.prvProcessTimerOrBlockTask)
    i.prvReloadTimer                         0x08002f1c   Section        0  timers.o(i.prvReloadTimer)
    prvReloadTimer                           0x08002f1d   Thumb Code    40  timers.o(i.prvReloadTimer)
    i.prvResetNextTaskUnblockTime            0x08002f44   Section        0  tasks.o(i.prvResetNextTaskUnblockTime)
    prvResetNextTaskUnblockTime              0x08002f45   Thumb Code    40  tasks.o(i.prvResetNextTaskUnblockTime)
    i.prvSampleTimeNow                       0x08002f74   Section        0  timers.o(i.prvSampleTimeNow)
    prvSampleTimeNow                         0x08002f75   Thumb Code    40  timers.o(i.prvSampleTimeNow)
    i.prvSwitchTimerLists                    0x08002fa0   Section        0  timers.o(i.prvSwitchTimerLists)
    prvSwitchTimerLists                      0x08002fa1   Thumb Code    58  timers.o(i.prvSwitchTimerLists)
    i.prvTaskExitError                       0x08002fe4   Section        0  port.o(i.prvTaskExitError)
    prvTaskExitError                         0x08002fe5   Thumb Code    60  port.o(i.prvTaskExitError)
    i.prvTimerTask                           0x08003024   Section        0  timers.o(i.prvTimerTask)
    prvTimerTask                             0x08003025   Thumb Code    26  timers.o(i.prvTimerTask)
    i.prvUnlockQueue                         0x0800303e   Section        0  queue.o(i.prvUnlockQueue)
    prvUnlockQueue                           0x0800303f   Thumb Code   144  queue.o(i.prvUnlockQueue)
    i.pvPortMalloc                           0x080030d0   Section        0  heap_4.o(i.pvPortMalloc)
    i.pxPortInitialiseStack                  0x0800323c   Section        0  port.o(i.pxPortInitialiseStack)
    i.systick_it_init                        0x08003268   Section        0  delay.o(i.systick_it_init)
    i.task_1ms                               0x080032f8   Section        0  task_manage.o(i.task_1ms)
    i.task_200ms                             0x08003324   Section        0  task_manage.o(i.task_200ms)
    i.task_20ms                              0x08003340   Section        0  task_manage.o(i.task_20ms)
    i.uxListRemove                           0x0800335e   Section        0  list.o(i.uxListRemove)
    i.vListInitialise                        0x08003386   Section        0  list.o(i.vListInitialise)
    i.vListInitialiseItem                    0x080033a0   Section        0  list.o(i.vListInitialiseItem)
    i.vListInsert                            0x080033a6   Section        0  list.o(i.vListInsert)
    i.vPortEnterCritical                     0x080033dc   Section        0  port.o(i.vPortEnterCritical)
    i.vPortExitCritical                      0x08003430   Section        0  port.o(i.vPortExitCritical)
    i.vPortFree                              0x0800346c   Section        0  heap_4.o(i.vPortFree)
    i.vPortSetupTimerInterrupt               0x08003510   Section        0  port.o(i.vPortSetupTimerInterrupt)
    i.vQueueAddToRegistry                    0x08003538   Section        0  queue.o(i.vQueueAddToRegistry)
    i.vQueueWaitForMessageRestricted         0x08003598   Section        0  queue.o(i.vQueueWaitForMessageRestricted)
    i.vTaskDelay                             0x080035e4   Section        0  tasks.o(i.vTaskDelay)
    i.vTaskInternalSetTimeOutState           0x08003640   Section        0  tasks.o(i.vTaskInternalSetTimeOutState)
    i.vTaskMissedYield                       0x08003658   Section        0  tasks.o(i.vTaskMissedYield)
    i.vTaskPlaceOnEventList                  0x08003664   Section        0  tasks.o(i.vTaskPlaceOnEventList)
    i.vTaskPlaceOnEventListRestricted        0x0800369c   Section        0  tasks.o(i.vTaskPlaceOnEventListRestricted)
    i.vTaskStartScheduler                    0x08003700   Section        0  tasks.o(i.vTaskStartScheduler)
    i.vTaskSuspendAll                        0x0800379c   Section        0  tasks.o(i.vTaskSuspendAll)
    i.vTaskSwitchContext                     0x080037ac   Section        0  tasks.o(i.vTaskSwitchContext)
    i.xPortStartScheduler                    0x08003838   Section        0  port.o(i.xPortStartScheduler)
    i.xPortSysTickHandler                    0x080039a0   Section        0  port.o(i.xPortSysTickHandler)
    i.xQueueGenericCreate                    0x080039d4   Section        0  queue.o(i.xQueueGenericCreate)
    i.xQueueGenericReset                     0x08003a3c   Section        0  queue.o(i.xQueueGenericReset)
    i.xQueueGenericSend                      0x08003b18   Section        0  queue.o(i.xQueueGenericSend)
    i.xQueuePeek                             0x08003cf0   Section        0  queue.o(i.xQueuePeek)
    i.xQueueReceive                          0x08003e60   Section        0  queue.o(i.xQueueReceive)
    i.xTaskCheckForTimeOut                   0x08003fc8   Section        0  tasks.o(i.xTaskCheckForTimeOut)
    i.xTaskCreate                            0x08004058   Section        0  tasks.o(i.xTaskCreate)
    i.xTaskDelayUntil                        0x080040b8   Section        0  tasks.o(i.xTaskDelayUntil)
    i.xTaskGetSchedulerState                 0x08004190   Section        0  tasks.o(i.xTaskGetSchedulerState)
    i.xTaskGetTickCount                      0x080041b0   Section        0  tasks.o(i.xTaskGetTickCount)
    i.xTaskIncrementTick                     0x080041bc   Section        0  tasks.o(i.xTaskIncrementTick)
    i.xTaskPriorityDisinherit                0x08004378   Section        0  tasks.o(i.xTaskPriorityDisinherit)
    i.xTaskRemoveFromEventList               0x08004468   Section        0  tasks.o(i.xTaskRemoveFromEventList)
    i.xTaskResumeAll                         0x08004588   Section        0  tasks.o(i.xTaskResumeAll)
    i.xTimerCreateTimerTask                  0x08004700   Section        0  timers.o(i.xTimerCreateTimerTask)
    x$fpl$fpinit                             0x08004758   Section       10  fpinit.o(x$fpl$fpinit)
    $v0                                      0x08004758   Number         0  fpinit.o(x$fpl$fpinit)
    .constdata                               0x08004764   Section     1028  kaiju_math.o(.constdata)
    .data                                    0x20000000   Section       20  system_stm32f4xx.o(.data)
    .data                                    0x20000014   Section      157  imu.o(.data)
    mpu_data                                 0x20000014   Data          48  imu.o(.data)
    imu_data                                 0x20000044   Data         100  imu.o(.data)
    t_temp                                   0x200000ac   Data           4  imu.o(.data)
    isFullQueue                              0x200000b0   Data           1  imu.o(.data)
    .data                                    0x200000b4   Section       21  remote_signal.o(.data)
    sbus_time                                0x200000b8   Data           8  remote_signal.o(.data)
    cnt                                      0x200000c0   Data           1  remote_signal.o(.data)
    frame_cnt                                0x200000c1   Data           1  remote_signal.o(.data)
    begin_counter                            0x200000c4   Data           4  remote_signal.o(.data)
    channel_num                              0x200000c8   Data           1  remote_signal.o(.data)
    .data                                    0x200000cc   Section        9  uart.o(.data)
    .data                                    0x200000d5   Section        1  icm20602.o(.data)
    .data                                    0x200000d8   Section        9  delay.o(.data)
    fac_us                                   0x200000d8   Data           1  delay.o(.data)
    fac_ms                                   0x200000da   Data           2  delay.o(.data)
    .data                                    0x200000e4   Section       64  tasks.o(.data)
    pxDelayedTaskList                        0x200000e8   Data           4  tasks.o(.data)
    pxOverflowDelayedTaskList                0x200000ec   Data           4  tasks.o(.data)
    uxDeletedTasksWaitingCleanUp             0x200000f0   Data           4  tasks.o(.data)
    uxCurrentNumberOfTasks                   0x200000f4   Data           4  tasks.o(.data)
    xTickCount                               0x200000f8   Data           4  tasks.o(.data)
    uxTopReadyPriority                       0x200000fc   Data           4  tasks.o(.data)
    xSchedulerRunning                        0x20000100   Data           4  tasks.o(.data)
    xPendedTicks                             0x20000104   Data           4  tasks.o(.data)
    xYieldPending                            0x20000108   Data           4  tasks.o(.data)
    xNumOfOverflows                          0x2000010c   Data           4  tasks.o(.data)
    uxTaskNumber                             0x20000110   Data           4  tasks.o(.data)
    xNextTaskUnblockTime                     0x20000114   Data           4  tasks.o(.data)
    xIdleTaskHandle                          0x20000118   Data           4  tasks.o(.data)
    uxSchedulerSuspended                     0x20000120   Data           4  tasks.o(.data)
    .data                                    0x20000124   Section       20  timers.o(.data)
    pxCurrentTimerList                       0x20000124   Data           4  timers.o(.data)
    pxOverflowTimerList                      0x20000128   Data           4  timers.o(.data)
    xTimerQueue                              0x2000012c   Data           4  timers.o(.data)
    xTimerTaskHandle                         0x20000130   Data           4  timers.o(.data)
    xLastTime                                0x20000134   Data           4  timers.o(.data)
    .data                                    0x20000138   Section       32  heap_4.o(.data)
    xStart                                   0x20000138   Data           8  heap_4.o(.data)
    pxEnd                                    0x20000140   Data           4  heap_4.o(.data)
    xFreeBytesRemaining                      0x20000144   Data           4  heap_4.o(.data)
    xMinimumEverFreeBytesRemaining           0x20000148   Data           4  heap_4.o(.data)
    xNumberOfSuccessfulAllocations           0x2000014c   Data           4  heap_4.o(.data)
    xNumberOfSuccessfulFrees                 0x20000150   Data           4  heap_4.o(.data)
    xBlockAllocatedBit                       0x20000154   Data           4  heap_4.o(.data)
    .data                                    0x20000158   Section       12  port.o(.data)
    uxCriticalNesting                        0x20000158   Data           4  port.o(.data)
    ucMaxSysCallPriority                     0x2000015c   Data           1  port.o(.data)
    ulMaxPRIGROUPValue                       0x20000160   Data           4  port.o(.data)
    .data                                    0x20000164   Section       16  stm32f4xx_rcc.o(.data)
    APBAHBPrescTable                         0x20000164   Data          16  stm32f4xx_rcc.o(.data)
    .bss                                     0x20000174   Section      144  imu.o(.bss)
    gyro_lpf                                 0x2000018c   Data          60  imu.o(.bss)
    acc_lpf                                  0x200001c8   Data          60  imu.o(.bss)
    .bss                                     0x20000204   Section      125  remote_signal.o(.bss)
    datatmp                                  0x20000268   Data          25  remote_signal.o(.bss)
    .bss                                     0x20000281   Section      512  uart.o(.bss)
    .bss                                     0x20000484   Section       64  queue.o(.bss)
    .bss                                     0x200004c4   Section      740  tasks.o(.bss)
    pxReadyTasksLists                        0x200004c4   Data         640  tasks.o(.bss)
    xDelayedTaskList1                        0x20000744   Data          20  tasks.o(.bss)
    xDelayedTaskList2                        0x20000758   Data          20  tasks.o(.bss)
    xPendingReadyList                        0x2000076c   Data          20  tasks.o(.bss)
    xTasksWaitingTermination                 0x20000780   Data          20  tasks.o(.bss)
    xSuspendedTaskList                       0x20000794   Data          20  tasks.o(.bss)
    .bss                                     0x200007a8   Section       40  timers.o(.bss)
    xActiveTimerList1                        0x200007a8   Data          20  timers.o(.bss)
    xActiveTimerList2                        0x200007bc   Data          20  timers.o(.bss)
    .bss                                     0x200007d0   Section    20480  heap_4.o(.bss)
    ucHeap                                   0x200007d0   Data       20480  heap_4.o(.bss)
    .bss                                     0x200057d0   Section       96  libspace.o(.bss)
    HEAP                                     0x20005830   Section      512  startup_stm32f40_41xxx.o(HEAP)
    Heap_Mem                                 0x20005830   Data         512  startup_stm32f40_41xxx.o(HEAP)
    STACK                                    0x20005a30   Section     8192  startup_stm32f40_41xxx.o(STACK)
    Stack_Mem                                0x20005a30   Data        8192  startup_stm32f40_41xxx.o(STACK)
    __initial_sp                             0x20007a30   Data           0  startup_stm32f40_41xxx.o(STACK)

    Global Symbols

    Symbol Name                              Value     Ov Type        Size  Object(Section)

    BuildAttributes$$THM_ISAv4$E$P$D$K$B$S$7EM$VFPi3$EXTD16$VFPS$VFMA$PE$A:L22UL41UL21$X:L11$S22US41US21$IEEE1$IW$USESV6$~STKCKD$USESV7$~SHL$OSPACE$ROPI$EBA8$UX$STANDARDLIB$REQ8$PRES8$EABIv2 0x00000000   Number         0  anon$$obj.o ABSOLUTE
    __ARM_use_no_argv                        0x00000000   Number         0  main.o ABSOLUTE
    __ARM_exceptions_init                     - Undefined Weak Reference
    __alloca_initialize                       - Undefined Weak Reference
    __arm_preinit_                            - Undefined Weak Reference
    __cpp_initialize__aeabi_                  - Undefined Weak Reference
    __cxa_finalize                            - Undefined Weak Reference
    __rt_locale                               - Undefined Weak Reference
    __sigvec_lookup                           - Undefined Weak Reference
    _atexit_init                              - Undefined Weak Reference
    _call_atexit_fns                          - Undefined Weak Reference
    _clock_init                               - Undefined Weak Reference
    _fp_trap_init                             - Undefined Weak Reference
    _fp_trap_shutdown                         - Undefined Weak Reference
    _get_lc_collate                           - Undefined Weak Reference
    _get_lc_ctype                             - Undefined Weak Reference
    _get_lc_monetary                          - Undefined Weak Reference
    _get_lc_numeric                           - Undefined Weak Reference
    _get_lc_time                              - Undefined Weak Reference
    _getenv_init                              - Undefined Weak Reference
    _handle_redirection                       - Undefined Weak Reference
    _init_alloc                               - Undefined Weak Reference
    _init_user_alloc                          - Undefined Weak Reference
    _initio                                   - Undefined Weak Reference
    _mutex_acquire                            - Undefined Weak Reference
    _mutex_release                            - Undefined Weak Reference
    _printf_mbtowc                            - Undefined Weak Reference
    _printf_post_padding                      - Undefined Weak Reference
    _printf_pre_padding                       - Undefined Weak Reference
    _printf_truncate_signed                   - Undefined Weak Reference
    _printf_truncate_unsigned                 - Undefined Weak Reference
    _rand_init                                - Undefined Weak Reference
    _signal_finish                            - Undefined Weak Reference
    _signal_init                              - Undefined Weak Reference
    _terminate_alloc                          - Undefined Weak Reference
    _terminate_user_alloc                     - Undefined Weak Reference
    _terminateio                              - Undefined Weak Reference
    __Vectors_Size                           0x00000188   Number         0  startup_stm32f40_41xxx.o ABSOLUTE
    __Vectors                                0x08000000   Data           4  startup_stm32f40_41xxx.o(RESET)
    __Vectors_End                            0x08000188   Data           0  startup_stm32f40_41xxx.o(RESET)
    __main                                   0x08000189   Thumb Code     8  __main.o(!!!main)
    __scatterload                            0x08000191   Thumb Code     0  __scatter.o(!!!scatter)
    __scatterload_rt2                        0x08000191   Thumb Code    44  __scatter.o(!!!scatter)
    __scatterload_rt2_thumb_only             0x08000191   Thumb Code     0  __scatter.o(!!!scatter)
    __scatterload_null                       0x0800019f   Thumb Code     0  __scatter.o(!!!scatter)
    __decompress                             0x080001c5   Thumb Code    58  __dczerorl.o(!!dczerorl)
    __decompress0                            0x080001c5   Thumb Code     0  __dczerorl.o(!!dczerorl)
    __scatterload_zeroinit                   0x08000201   Thumb Code    28  __scatter_zi.o(!!handler_zi)
    __rt_lib_init                            0x0800021d   Thumb Code     0  libinit.o(.ARM.Collect$$libinit$$00000000)
    __rt_lib_init_fp_1                       0x0800021f   Thumb Code     0  libinit2.o(.ARM.Collect$$libinit$$00000001)
    __rt_lib_init_alloca_1                   0x08000223   Thumb Code     0  libinit2.o(.ARM.Collect$$libinit$$0000002E)
    __rt_lib_init_argv_1                     0x08000223   Thumb Code     0  libinit2.o(.ARM.Collect$$libinit$$0000002C)
    __rt_lib_init_atexit_1                   0x08000223   Thumb Code     0  libinit2.o(.ARM.Collect$$libinit$$0000001B)
    __rt_lib_init_clock_1                    0x08000223   Thumb Code     0  libinit2.o(.ARM.Collect$$libinit$$00000021)
    __rt_lib_init_cpp_1                      0x08000223   Thumb Code     0  libinit2.o(.ARM.Collect$$libinit$$00000032)
    __rt_lib_init_exceptions_1               0x08000223   Thumb Code     0  libinit2.o(.ARM.Collect$$libinit$$00000030)
    __rt_lib_init_fp_trap_1                  0x08000223   Thumb Code     0  libinit2.o(.ARM.Collect$$libinit$$0000001F)
    __rt_lib_init_getenv_1                   0x08000223   Thumb Code     0  libinit2.o(.ARM.Collect$$libinit$$00000023)
    __rt_lib_init_heap_1                     0x08000223   Thumb Code     0  libinit2.o(.ARM.Collect$$libinit$$0000000A)
    __rt_lib_init_lc_collate_1               0x08000223   Thumb Code     0  libinit2.o(.ARM.Collect$$libinit$$00000011)
    __rt_lib_init_lc_ctype_1                 0x08000223   Thumb Code     0  libinit2.o(.ARM.Collect$$libinit$$00000013)
    __rt_lib_init_lc_monetary_1              0x08000223   Thumb Code     0  libinit2.o(.ARM.Collect$$libinit$$00000015)
    __rt_lib_init_lc_numeric_1               0x08000223   Thumb Code     0  libinit2.o(.ARM.Collect$$libinit$$00000017)
    __rt_lib_init_lc_time_1                  0x08000223   Thumb Code     0  libinit2.o(.ARM.Collect$$libinit$$00000019)
    __rt_lib_init_preinit_1                  0x08000223   Thumb Code     0  libinit2.o(.ARM.Collect$$libinit$$00000004)
    __rt_lib_init_rand_1                     0x08000223   Thumb Code     0  libinit2.o(.ARM.Collect$$libinit$$0000000E)
    __rt_lib_init_return                     0x08000223   Thumb Code     0  libinit2.o(.ARM.Collect$$libinit$$00000033)
    __rt_lib_init_signal_1                   0x08000223   Thumb Code     0  libinit2.o(.ARM.Collect$$libinit$$0000001D)
    __rt_lib_init_stdio_1                    0x08000223   Thumb Code     0  libinit2.o(.ARM.Collect$$libinit$$00000025)
    __rt_lib_init_user_alloc_1               0x08000223   Thumb Code     0  libinit2.o(.ARM.Collect$$libinit$$0000000C)
    __rt_lib_shutdown                        0x08000225   Thumb Code     0  libshutdown.o(.ARM.Collect$$libshutdown$$00000000)
    __rt_lib_shutdown_cpp_1                  0x08000227   Thumb Code     0  libshutdown2.o(.ARM.Collect$$libshutdown$$00000002)
    __rt_lib_shutdown_fp_trap_1              0x08000227   Thumb Code     0  libshutdown2.o(.ARM.Collect$$libshutdown$$00000007)
    __rt_lib_shutdown_heap_1                 0x08000227   Thumb Code     0  libshutdown2.o(.ARM.Collect$$libshutdown$$0000000F)
    __rt_lib_shutdown_return                 0x08000227   Thumb Code     0  libshutdown2.o(.ARM.Collect$$libshutdown$$00000010)
    __rt_lib_shutdown_signal_1               0x08000227   Thumb Code     0  libshutdown2.o(.ARM.Collect$$libshutdown$$0000000A)
    __rt_lib_shutdown_stdio_1                0x08000227   Thumb Code     0  libshutdown2.o(.ARM.Collect$$libshutdown$$00000004)
    __rt_lib_shutdown_user_alloc_1           0x08000227   Thumb Code     0  libshutdown2.o(.ARM.Collect$$libshutdown$$0000000C)
    __rt_entry                               0x08000229   Thumb Code     0  __rtentry.o(.ARM.Collect$$rtentry$$00000000)
    __rt_entry_presh_1                       0x08000229   Thumb Code     0  __rtentry2.o(.ARM.Collect$$rtentry$$00000002)
    __rt_entry_sh                            0x08000229   Thumb Code     0  __rtentry4.o(.ARM.Collect$$rtentry$$00000004)
    __rt_entry_li                            0x0800022f   Thumb Code     0  __rtentry2.o(.ARM.Collect$$rtentry$$0000000A)
    __rt_entry_postsh_1                      0x0800022f   Thumb Code     0  __rtentry2.o(.ARM.Collect$$rtentry$$00000009)
    __rt_entry_main                          0x08000233   Thumb Code     0  __rtentry2.o(.ARM.Collect$$rtentry$$0000000D)
    __rt_entry_postli_1                      0x08000233   Thumb Code     0  __rtentry2.o(.ARM.Collect$$rtentry$$0000000C)
    __rt_exit                                0x0800023b   Thumb Code     0  rtexit.o(.ARM.Collect$$rtexit$$00000000)
    __rt_exit_ls                             0x0800023d   Thumb Code     0  rtexit2.o(.ARM.Collect$$rtexit$$00000003)
    __rt_exit_prels_1                        0x0800023d   Thumb Code     0  rtexit2.o(.ARM.Collect$$rtexit$$00000002)
    __rt_exit_exit                           0x08000241   Thumb Code     0  rtexit2.o(.ARM.Collect$$rtexit$$00000004)
    SVC_Handler                              0x08000249   Thumb Code    28  port.o(.emb_text)
    __asm___6_port_c_39a90d8d__prvStartFirstTask 0x08000269   Thumb Code    36  port.o(.emb_text)
    __asm___6_port_c_39a90d8d__prvEnableVFP  0x08000291   Thumb Code    16  port.o(.emb_text)
    PendSV_Handler                           0x080002a5   Thumb Code    88  port.o(.emb_text)
    vPortGetIPSR                             0x08000301   Thumb Code     6  port.o(.emb_text)
    Reset_Handler                            0x08000309   Thumb Code     8  startup_stm32f40_41xxx.o(.text)
    ADC_IRQHandler                           0x08000323   Thumb Code     0  startup_stm32f40_41xxx.o(.text)
    CAN1_RX0_IRQHandler                      0x08000323   Thumb Code     0  startup_stm32f40_41xxx.o(.text)
    CAN1_RX1_IRQHandler                      0x08000323   Thumb Code     0  startup_stm32f40_41xxx.o(.text)
    CAN1_SCE_IRQHandler                      0x08000323   Thumb Code     0  startup_stm32f40_41xxx.o(.text)
    CAN1_TX_IRQHandler                       0x08000323   Thumb Code     0  startup_stm32f40_41xxx.o(.text)
    CAN2_RX0_IRQHandler                      0x08000323   Thumb Code     0  startup_stm32f40_41xxx.o(.text)
    CAN2_RX1_IRQHandler                      0x08000323   Thumb Code     0  startup_stm32f40_41xxx.o(.text)
    CAN2_SCE_IRQHandler                      0x08000323   Thumb Code     0  startup_stm32f40_41xxx.o(.text)
    CAN2_TX_IRQHandler                       0x08000323   Thumb Code     0  startup_stm32f40_41xxx.o(.text)
    CRYP_IRQHandler                          0x08000323   Thumb Code     0  startup_stm32f40_41xxx.o(.text)
    DCMI_IRQHandler                          0x08000323   Thumb Code     0  startup_stm32f40_41xxx.o(.text)
    DMA1_Stream0_IRQHandler                  0x08000323   Thumb Code     0  startup_stm32f40_41xxx.o(.text)
    DMA1_Stream1_IRQHandler                  0x08000323   Thumb Code     0  startup_stm32f40_41xxx.o(.text)
    DMA1_Stream2_IRQHandler                  0x08000323   Thumb Code     0  startup_stm32f40_41xxx.o(.text)
    DMA1_Stream3_IRQHandler                  0x08000323   Thumb Code     0  startup_stm32f40_41xxx.o(.text)
    DMA1_Stream4_IRQHandler                  0x08000323   Thumb Code     0  startup_stm32f40_41xxx.o(.text)
    DMA1_Stream5_IRQHandler                  0x08000323   Thumb Code     0  startup_stm32f40_41xxx.o(.text)
    DMA1_Stream6_IRQHandler                  0x08000323   Thumb Code     0  startup_stm32f40_41xxx.o(.text)
    DMA1_Stream7_IRQHandler                  0x08000323   Thumb Code     0  startup_stm32f40_41xxx.o(.text)
    DMA2_Stream0_IRQHandler                  0x08000323   Thumb Code     0  startup_stm32f40_41xxx.o(.text)
    DMA2_Stream1_IRQHandler                  0x08000323   Thumb Code     0  startup_stm32f40_41xxx.o(.text)
    DMA2_Stream2_IRQHandler                  0x08000323   Thumb Code     0  startup_stm32f40_41xxx.o(.text)
    DMA2_Stream3_IRQHandler                  0x08000323   Thumb Code     0  startup_stm32f40_41xxx.o(.text)
    DMA2_Stream4_IRQHandler                  0x08000323   Thumb Code     0  startup_stm32f40_41xxx.o(.text)
    DMA2_Stream5_IRQHandler                  0x08000323   Thumb Code     0  startup_stm32f40_41xxx.o(.text)
    DMA2_Stream6_IRQHandler                  0x08000323   Thumb Code     0  startup_stm32f40_41xxx.o(.text)
    DMA2_Stream7_IRQHandler                  0x08000323   Thumb Code     0  startup_stm32f40_41xxx.o(.text)
    ETH_IRQHandler                           0x08000323   Thumb Code     0  startup_stm32f40_41xxx.o(.text)
    ETH_WKUP_IRQHandler                      0x08000323   Thumb Code     0  startup_stm32f40_41xxx.o(.text)
    EXTI0_IRQHandler                         0x08000323   Thumb Code     0  startup_stm32f40_41xxx.o(.text)
    EXTI15_10_IRQHandler                     0x08000323   Thumb Code     0  startup_stm32f40_41xxx.o(.text)
    EXTI1_IRQHandler                         0x08000323   Thumb Code     0  startup_stm32f40_41xxx.o(.text)
    EXTI2_IRQHandler                         0x08000323   Thumb Code     0  startup_stm32f40_41xxx.o(.text)
    EXTI3_IRQHandler                         0x08000323   Thumb Code     0  startup_stm32f40_41xxx.o(.text)
    EXTI4_IRQHandler                         0x08000323   Thumb Code     0  startup_stm32f40_41xxx.o(.text)
    EXTI9_5_IRQHandler                       0x08000323   Thumb Code     0  startup_stm32f40_41xxx.o(.text)
    FLASH_IRQHandler                         0x08000323   Thumb Code     0  startup_stm32f40_41xxx.o(.text)
    FPU_IRQHandler                           0x08000323   Thumb Code     0  startup_stm32f40_41xxx.o(.text)
    FSMC_IRQHandler                          0x08000323   Thumb Code     0  startup_stm32f40_41xxx.o(.text)
    HASH_RNG_IRQHandler                      0x08000323   Thumb Code     0  startup_stm32f40_41xxx.o(.text)
    I2C1_ER_IRQHandler                       0x08000323   Thumb Code     0  startup_stm32f40_41xxx.o(.text)
    I2C1_EV_IRQHandler                       0x08000323   Thumb Code     0  startup_stm32f40_41xxx.o(.text)
    I2C2_ER_IRQHandler                       0x08000323   Thumb Code     0  startup_stm32f40_41xxx.o(.text)
    I2C2_EV_IRQHandler                       0x08000323   Thumb Code     0  startup_stm32f40_41xxx.o(.text)
    I2C3_ER_IRQHandler                       0x08000323   Thumb Code     0  startup_stm32f40_41xxx.o(.text)
    I2C3_EV_IRQHandler                       0x08000323   Thumb Code     0  startup_stm32f40_41xxx.o(.text)
    OTG_FS_IRQHandler                        0x08000323   Thumb Code     0  startup_stm32f40_41xxx.o(.text)
    OTG_FS_WKUP_IRQHandler                   0x08000323   Thumb Code     0  startup_stm32f40_41xxx.o(.text)
    OTG_HS_EP1_IN_IRQHandler                 0x08000323   Thumb Code     0  startup_stm32f40_41xxx.o(.text)
    OTG_HS_EP1_OUT_IRQHandler                0x08000323   Thumb Code     0  startup_stm32f40_41xxx.o(.text)
    OTG_HS_IRQHandler                        0x08000323   Thumb Code     0  startup_stm32f40_41xxx.o(.text)
    OTG_HS_WKUP_IRQHandler                   0x08000323   Thumb Code     0  startup_stm32f40_41xxx.o(.text)
    PVD_IRQHandler                           0x08000323   Thumb Code     0  startup_stm32f40_41xxx.o(.text)
    RCC_IRQHandler                           0x08000323   Thumb Code     0  startup_stm32f40_41xxx.o(.text)
    RTC_Alarm_IRQHandler                     0x08000323   Thumb Code     0  startup_stm32f40_41xxx.o(.text)
    RTC_WKUP_IRQHandler                      0x08000323   Thumb Code     0  startup_stm32f40_41xxx.o(.text)
    SDIO_IRQHandler                          0x08000323   Thumb Code     0  startup_stm32f40_41xxx.o(.text)
    SPI1_IRQHandler                          0x08000323   Thumb Code     0  startup_stm32f40_41xxx.o(.text)
    SPI2_IRQHandler                          0x08000323   Thumb Code     0  startup_stm32f40_41xxx.o(.text)
    SPI3_IRQHandler                          0x08000323   Thumb Code     0  startup_stm32f40_41xxx.o(.text)
    TAMP_STAMP_IRQHandler                    0x08000323   Thumb Code     0  startup_stm32f40_41xxx.o(.text)
    TIM1_BRK_TIM9_IRQHandler                 0x08000323   Thumb Code     0  startup_stm32f40_41xxx.o(.text)
    TIM1_TRG_COM_TIM11_IRQHandler            0x08000323   Thumb Code     0  startup_stm32f40_41xxx.o(.text)
    TIM1_UP_TIM10_IRQHandler                 0x08000323   Thumb Code     0  startup_stm32f40_41xxx.o(.text)
    TIM2_IRQHandler                          0x08000323   Thumb Code     0  startup_stm32f40_41xxx.o(.text)
    TIM3_IRQHandler                          0x08000323   Thumb Code     0  startup_stm32f40_41xxx.o(.text)
    TIM4_IRQHandler                          0x08000323   Thumb Code     0  startup_stm32f40_41xxx.o(.text)
    TIM5_IRQHandler                          0x08000323   Thumb Code     0  startup_stm32f40_41xxx.o(.text)
    TIM6_DAC_IRQHandler                      0x08000323   Thumb Code     0  startup_stm32f40_41xxx.o(.text)
    TIM7_IRQHandler                          0x08000323   Thumb Code     0  startup_stm32f40_41xxx.o(.text)
    TIM8_BRK_TIM12_IRQHandler                0x08000323   Thumb Code     0  startup_stm32f40_41xxx.o(.text)
    TIM8_CC_IRQHandler                       0x08000323   Thumb Code     0  startup_stm32f40_41xxx.o(.text)
    TIM8_TRG_COM_TIM14_IRQHandler            0x08000323   Thumb Code     0  startup_stm32f40_41xxx.o(.text)
    TIM8_UP_TIM13_IRQHandler                 0x08000323   Thumb Code     0  startup_stm32f40_41xxx.o(.text)
    UART4_IRQHandler                         0x08000323   Thumb Code     0  startup_stm32f40_41xxx.o(.text)
    USART2_IRQHandler                        0x08000323   Thumb Code     0  startup_stm32f40_41xxx.o(.text)
    USART6_IRQHandler                        0x08000323   Thumb Code     0  startup_stm32f40_41xxx.o(.text)
    WWDG_IRQHandler                          0x08000323   Thumb Code     0  startup_stm32f40_41xxx.o(.text)
    __user_initial_stackheap                 0x08000325   Thumb Code     0  startup_stm32f40_41xxx.o(.text)
    __use_no_semihosting                     0x08000349   Thumb Code     2  use_no_semi_2.o(.text)
    __aeabi_memcpy                           0x0800034b   Thumb Code     0  rt_memcpy_v6.o(.text)
    __rt_memcpy                              0x0800034b   Thumb Code   138  rt_memcpy_v6.o(.text)
    _memcpy_lastbytes                        0x080003b1   Thumb Code     0  rt_memcpy_v6.o(.text)
    __aeabi_memcpy4                          0x080003d5   Thumb Code     0  rt_memcpy_w.o(.text)
    __aeabi_memcpy8                          0x080003d5   Thumb Code     0  rt_memcpy_w.o(.text)
    __rt_memcpy_w                            0x080003d5   Thumb Code   100  rt_memcpy_w.o(.text)
    _memcpy_lastbytes_aligned                0x0800041d   Thumb Code     0  rt_memcpy_w.o(.text)
    __aeabi_memset                           0x08000439   Thumb Code    16  aeabi_memset.o(.text)
    __aeabi_memclr4                          0x08000449   Thumb Code     0  rt_memclr_w.o(.text)
    __aeabi_memclr8                          0x08000449   Thumb Code     0  rt_memclr_w.o(.text)
    __rt_memclr_w                            0x08000449   Thumb Code    78  rt_memclr_w.o(.text)
    _memset_w                                0x0800044d   Thumb Code     0  rt_memclr_w.o(.text)
    __use_two_region_memory                  0x08000497   Thumb Code     2  heapauxi.o(.text)
    __rt_heap_escrow$2region                 0x08000499   Thumb Code     2  heapauxi.o(.text)
    __rt_heap_expand$2region                 0x0800049b   Thumb Code     2  heapauxi.o(.text)
    __I$use$semihosting                      0x0800049d   Thumb Code     0  use_no_semi.o(.text)
    __use_no_semihosting_swi                 0x0800049d   Thumb Code     2  use_no_semi.o(.text)
    __aeabi_memclr                           0x0800049f   Thumb Code     0  rt_memclr.o(.text)
    __rt_memclr                              0x0800049f   Thumb Code    68  rt_memclr.o(.text)
    _memset                                  0x080004a3   Thumb Code     0  rt_memclr.o(.text)
    __user_setup_stackheap                   0x080004e3   Thumb Code    74  sys_stackheap_outer.o(.text)
    exit                                     0x0800052d   Thumb Code    18  exit.o(.text)
    __user_libspace                          0x08000541   Thumb Code     8  libspace.o(.text)
    __user_perproc_libspace                  0x08000541   Thumb Code     0  libspace.o(.text)
    __user_perthread_libspace                0x08000541   Thumb Code     0  libspace.o(.text)
    BusFault_Handler                         0x08000549   Thumb Code     4  stm32f4xx_it.o(i.BusFault_Handler)
    DRV_Icm20602_Init                        0x0800054d   Thumb Code   260  icm20602.o(i.DRV_Icm20602_Init)
    DRV_Icm20602_Read                        0x08000655   Thumb Code    16  icm20602.o(i.DRV_Icm20602_Read)
    DRV_LED_Init                             0x08000665   Thumb Code    50  led.o(i.DRV_LED_Init)
    DRV_LED_LIGHTING                         0x0800069d   Thumb Code    30  led.o(i.DRV_LED_LIGHTING)
    DRV_SPI_Init                             0x080006c1   Thumb Code   226  spi.o(i.DRV_SPI_Init)
    DRV_SPI_Read_Write_Byte                  0x080007ad   Thumb Code    92  spi.o(i.DRV_SPI_Read_Write_Byte)
    DRV_SPI_Receive                          0x0800080d   Thumb Code    30  spi.o(i.DRV_SPI_Receive)
    DRV_UART5_Init                           0x0800082d   Thumb Code   206  uart.o(i.DRV_UART5_Init)
    DRV_USART1_Init                          0x08000909   Thumb Code   232  uart.o(i.DRV_USART1_Init)
    DRV_USART1_Send                          0x080009f9   Thumb Code    60  uart.o(i.DRV_USART1_Send)
    DebugMon_Handler                         0x08000a41   Thumb Code     2  stm32f4xx_it.o(i.DebugMon_Handler)
    GPIO_Init                                0x08000a43   Thumb Code   144  stm32f4xx_gpio.o(i.GPIO_Init)
    GPIO_PinAFConfig                         0x08000ad3   Thumb Code    70  stm32f4xx_gpio.o(i.GPIO_PinAFConfig)
    GPIO_ResetBits                           0x08000b19   Thumb Code     4  stm32f4xx_gpio.o(i.GPIO_ResetBits)
    GPIO_SetBits                             0x08000b1d   Thumb Code     4  stm32f4xx_gpio.o(i.GPIO_SetBits)
    HardFault_Handler                        0x08000b21   Thumb Code     4  stm32f4xx_it.o(i.HardFault_Handler)
    IMU_Calcu                                0x08000b25   Thumb Code  1174  imu.o(i.IMU_Calcu)
    IMU_Data_Share                           0x08000fc1   Thumb Code    58  imu.o(i.IMU_Data_Share)
    IMU_Data_Update                          0x08001009   Thumb Code   834  imu.o(i.IMU_Data_Update)
    IMU_Init                                 0x0800137d   Thumb Code    20  imu.o(i.IMU_Init)
    IMU_RPY_Calcu                            0x08001391   Thumb Code   266  imu.o(i.IMU_RPY_Calcu)
    IMU_Reset                                0x080014b9   Thumb Code   108  imu.o(i.IMU_Reset)
    MPU_GYRO_Calibration                     0x0800152d   Thumb Code   212  imu.o(i.MPU_GYRO_Calibration)
    MSG_Send                                 0x0800160d   Thumb Code   178  msg_interchange.o(i.MSG_Send)
    MemManage_Handler                        0x080016f9   Thumb Code     4  stm32f4xx_it.o(i.MemManage_Handler)
    NMI_Handler                              0x080016fd   Thumb Code     2  stm32f4xx_it.o(i.NMI_Handler)
    NVIC_Init                                0x08001701   Thumb Code   106  misc.o(i.NVIC_Init)
    NVIC_PriorityGroupConfig                 0x08001779   Thumb Code    10  misc.o(i.NVIC_PriorityGroupConfig)
    RCC_AHB1PeriphClockCmd                   0x0800178d   Thumb Code    26  stm32f4xx_rcc.o(i.RCC_AHB1PeriphClockCmd)
    RCC_APB1PeriphClockCmd                   0x080017ad   Thumb Code    26  stm32f4xx_rcc.o(i.RCC_APB1PeriphClockCmd)
    RCC_APB1PeriphResetCmd                   0x080017cd   Thumb Code    26  stm32f4xx_rcc.o(i.RCC_APB1PeriphResetCmd)
    RCC_APB2PeriphClockCmd                   0x080017ed   Thumb Code    26  stm32f4xx_rcc.o(i.RCC_APB2PeriphClockCmd)
    RCC_APB2PeriphResetCmd                   0x0800180d   Thumb Code    26  stm32f4xx_rcc.o(i.RCC_APB2PeriphResetCmd)
    RCC_GetClocksFreq                        0x0800182d   Thumb Code   214  stm32f4xx_rcc.o(i.RCC_GetClocksFreq)
    RC_Init                                  0x08001915   Thumb Code    10  remote_signal.o(i.RC_Init)
    RC_Offline_Check                         0x08001925   Thumb Code    16  remote_signal.o(i.RC_Offline_Check)
    RC_PPM_Calcu                             0x08001935   Thumb Code    76  remote_signal.o(i.RC_PPM_Calcu)
    RC_PPM_Watch_Dog_Feed                    0x08001989   Thumb Code    10  remote_signal.o(i.RC_PPM_Watch_Dog_Feed)
    RC_SBUS_Analysis                         0x08001999   Thumb Code   176  remote_signal.o(i.RC_SBUS_Analysis)
    RC_SBUS_ByteGet                          0x08001a59   Thumb Code   506  remote_signal.o(i.RC_SBUS_ByteGet)
    RC_SBUS_Data_Limited                     0x08001c69   Thumb Code    52  remote_signal.o(i.RC_SBUS_Data_Limited)
    RC_SBUS_Offline_Check                    0x08001ca1   Thumb Code    32  remote_signal.o(i.RC_SBUS_Offline_Check)
    RC_SBUS_Offline_Reset                    0x08001cc9   Thumb Code     8  remote_signal.o(i.RC_SBUS_Offline_Reset)
    SPI_Cmd                                  0x08001cd5   Thumb Code    24  stm32f4xx_spi.o(i.SPI_Cmd)
    SPI_I2S_DeInit                           0x08001ced   Thumb Code   152  stm32f4xx_spi.o(i.SPI_I2S_DeInit)
    SPI_I2S_GetFlagStatus                    0x08001d9d   Thumb Code    18  stm32f4xx_spi.o(i.SPI_I2S_GetFlagStatus)
    SPI_I2S_ReceiveData                      0x08001daf   Thumb Code     6  stm32f4xx_spi.o(i.SPI_I2S_ReceiveData)
    SPI_I2S_SendData                         0x08001db5   Thumb Code     4  stm32f4xx_spi.o(i.SPI_I2S_SendData)
    SPI_Init                                 0x08001db9   Thumb Code    60  stm32f4xx_spi.o(i.SPI_Init)
    SysTick_CLKSourceConfig                  0x08001ee1   Thumb Code    40  misc.o(i.SysTick_CLKSourceConfig)
    SysTick_Handler                          0x08001f09   Thumb Code    26  delay.o(i.SysTick_Handler)
    SystemInit                               0x08001f2d   Thumb Code    88  system_stm32f4xx.o(i.SystemInit)
    TIM1_CC_IRQHandler                       0x08001f95   Thumb Code    58  remote_signal.o(i.TIM1_CC_IRQHandler)
    TIM_ClearITPendingBit                    0x08001fd9   Thumb Code     6  stm32f4xx_tim.o(i.TIM_ClearITPendingBit)
    TIM_GetCapture1                          0x08001fdf   Thumb Code     6  stm32f4xx_tim.o(i.TIM_GetCapture1)
    UART5_IRQHandler                         0x08001fe5   Thumb Code    40  uart.o(i.UART5_IRQHandler)
    USART1_IRQHandler                        0x08002011   Thumb Code    94  uart.o(i.USART1_IRQHandler)
    USART3_IRQHandler                        0x08002085   Thumb Code    96  uart.o(i.USART3_IRQHandler)
    USART_ClearITPendingBit                  0x080020f5   Thumb Code    30  stm32f4xx_usart.o(i.USART_ClearITPendingBit)
    USART_ClockInit                          0x08002113   Thumb Code    32  stm32f4xx_usart.o(i.USART_ClockInit)
    USART_Cmd                                0x08002133   Thumb Code    24  stm32f4xx_usart.o(i.USART_Cmd)
    USART_GetITStatus                        0x0800214b   Thumb Code    84  stm32f4xx_usart.o(i.USART_GetITStatus)
    USART_ITConfig                           0x0800219f   Thumb Code    74  stm32f4xx_usart.o(i.USART_ITConfig)
    USART_Init                               0x080021e9   Thumb Code   204  stm32f4xx_usart.o(i.USART_Init)
    USART_ReceiveData                        0x080022bd   Thumb Code    10  stm32f4xx_usart.o(i.USART_ReceiveData)
    UsageFault_Handler                       0x080022c7   Thumb Code     4  stm32f4xx_it.o(i.UsageFault_Handler)
    _sys_exit                                0x080022cb   Thumb Code     4  uart.o(i._sys_exit)
    app_task_reate                           0x080022d1   Thumb Code    68  task_manage.o(i.app_task_reate)
    delay_ms                                 0x08002345   Thumb Code    18  delay.o(i.delay_ms)
    fast_atan2                               0x0800235d   Thumb Code   350  kaiju_math.o(i.fast_atan2)
    main                                     0x08002545   Thumb Code    84  main.o(i.main)
    my_abs                                   0x0800259d   Thumb Code    26  kaiju_math.o(i.my_abs)
    my_sqrt                                  0x080025b7   Thumb Code    20  kaiju_math.o(i.my_sqrt)
    my_sqrt_reciprocal                       0x080025cd   Thumb Code    76  kaiju_math.o(i.my_sqrt_reciprocal)
    pvPortMalloc                             0x080030d1   Thumb Code   338  heap_4.o(i.pvPortMalloc)
    pxPortInitialiseStack                    0x0800323d   Thumb Code    38  port.o(i.pxPortInitialiseStack)
    systick_it_init                          0x08003269   Thumb Code   120  delay.o(i.systick_it_init)
    task_1ms                                 0x080032f9   Thumb Code    40  task_manage.o(i.task_1ms)
    task_200ms                               0x08003325   Thumb Code    28  task_manage.o(i.task_200ms)
    task_20ms                                0x08003341   Thumb Code    30  task_manage.o(i.task_20ms)
    uxListRemove                             0x0800335f   Thumb Code    40  list.o(i.uxListRemove)
    vListInitialise                          0x08003387   Thumb Code    26  list.o(i.vListInitialise)
    vListInitialiseItem                      0x080033a1   Thumb Code     6  list.o(i.vListInitialiseItem)
    vListInsert                              0x080033a7   Thumb Code    52  list.o(i.vListInsert)
    vPortEnterCritical                       0x080033dd   Thumb Code    76  port.o(i.vPortEnterCritical)
    vPortExitCritical                        0x08003431   Thumb Code    56  port.o(i.vPortExitCritical)
    vPortFree                                0x0800346d   Thumb Code   150  heap_4.o(i.vPortFree)
    vPortSetupTimerInterrupt                 0x08003511   Thumb Code    36  port.o(i.vPortSetupTimerInterrupt)
    vQueueAddToRegistry                      0x08003539   Thumb Code    90  queue.o(i.vQueueAddToRegistry)
    vQueueWaitForMessageRestricted           0x08003599   Thumb Code    74  queue.o(i.vQueueWaitForMessageRestricted)
    vTaskDelay                               0x080035e5   Thumb Code    82  tasks.o(i.vTaskDelay)
    vTaskInternalSetTimeOutState             0x08003641   Thumb Code    14  tasks.o(i.vTaskInternalSetTimeOutState)
    vTaskMissedYield                         0x08003659   Thumb Code     8  tasks.o(i.vTaskMissedYield)
    vTaskPlaceOnEventList                    0x08003665   Thumb Code    52  tasks.o(i.vTaskPlaceOnEventList)
    vTaskPlaceOnEventListRestricted          0x0800369d   Thumb Code    94  tasks.o(i.vTaskPlaceOnEventListRestricted)
    vTaskStartScheduler                      0x08003701   Thumb Code   122  tasks.o(i.vTaskStartScheduler)
    vTaskSuspendAll                          0x0800379d   Thumb Code    12  tasks.o(i.vTaskSuspendAll)
    vTaskSwitchContext                       0x080037ad   Thumb Code   118  tasks.o(i.vTaskSwitchContext)
    xPortStartScheduler                      0x08003839   Thumb Code   330  port.o(i.xPortStartScheduler)
    xPortSysTickHandler                      0x080039a1   Thumb Code    46  port.o(i.xPortSysTickHandler)
    xQueueGenericCreate                      0x080039d5   Thumb Code   102  queue.o(i.xQueueGenericCreate)
    xQueueGenericReset                       0x08003a3d   Thumb Code   214  queue.o(i.xQueueGenericReset)
    xQueueGenericSend                        0x08003b19   Thumb Code   466  queue.o(i.xQueueGenericSend)
    xQueuePeek                               0x08003cf1   Thumb Code   362  queue.o(i.xQueuePeek)
    xQueueReceive                            0x08003e61   Thumb Code   356  queue.o(i.xQueueReceive)
    xTaskCheckForTimeOut                     0x08003fc9   Thumb Code   136  tasks.o(i.xTaskCheckForTimeOut)
    xTaskCreate                              0x08004059   Thumb Code    96  tasks.o(i.xTaskCreate)
    xTaskDelayUntil                          0x080040b9   Thumb Code   202  tasks.o(i.xTaskDelayUntil)
    xTaskGetSchedulerState                   0x08004191   Thumb Code    24  tasks.o(i.xTaskGetSchedulerState)
    xTaskGetTickCount                        0x080041b1   Thumb Code     6  tasks.o(i.xTaskGetTickCount)
    xTaskIncrementTick                       0x080041bd   Thumb Code   398  tasks.o(i.xTaskIncrementTick)
    xTaskPriorityDisinherit                  0x08004379   Thumb Code   226  tasks.o(i.xTaskPriorityDisinherit)
    xTaskRemoveFromEventList                 0x08004469   Thumb Code   264  tasks.o(i.xTaskRemoveFromEventList)
    xTaskResumeAll                           0x08004589   Thumb Code   338  tasks.o(i.xTaskResumeAll)
    xTimerCreateTimerTask                    0x08004701   Thumb Code    66  timers.o(i.xTimerCreateTimerTask)
    _fp_init                                 0x08004759   Thumb Code    10  fpinit.o(x$fpl$fpinit)
    __fplib_config_fpu_vfp                   0x08004761   Thumb Code     0  fpinit.o(x$fpl$fpinit)
    __fplib_config_pureend_doubles           0x08004761   Thumb Code     0  fpinit.o(x$fpl$fpinit)
    fast_atan_table                          0x08004764   Data        1028  kaiju_math.o(.constdata)
    Region$$Table$$Base                      0x08004b68   Number         0  anon$$obj.o(Region$$Table)
    Region$$Table$$Limit                     0x08004b88   Number         0  anon$$obj.o(Region$$Table)
    SystemCoreClock                          0x20000000   Data           4  system_stm32f4xx.o(.data)
    AHBPrescTable                            0x20000004   Data          16  system_stm32f4xx.o(.data)
    imu_data_queue                           0x200000a8   Data           4  imu.o(.data)
    deadline_count                           0x200000b4   Data           2  remote_signal.o(.data)
    __stdout                                 0x200000cc   Data           4  uart.o(.data)
    TxCounter1                               0x200000d0   Data           1  uart.o(.data)
    count1                                   0x200000d1   Data           1  uart.o(.data)
    Rx_data                                  0x200000d2   Data           1  uart.o(.data)
    TxCounter2                               0x200000d3   Data           1  uart.o(.data)
    count2                                   0x200000d4   Data           1  uart.o(.data)
    ICM_ID                                   0x200000d5   Data           1  icm20602.o(.data)
    systime_ms                               0x200000dc   Data           4  delay.o(.data)
    RTOS_en                                  0x200000e0   Data           1  delay.o(.data)
    pxCurrentTCB                             0x200000e4   Data           4  tasks.o(.data)
    uxTopUsedPriority                        0x2000011c   Data           4  tasks.o(.data)
    z_vec                                    0x20000174   Data          12  imu.o(.bss)
    vec_err_i                                0x20000180   Data          12  imu.o(.bss)
    rc_data                                  0x20000204   Data          84  remote_signal.o(.bss)
    ch_offline_time                          0x20000258   Data          16  remote_signal.o(.bss)
    TxBuffer1                                0x20000281   Data         256  uart.o(.bss)
    TxBuffer2                                0x20000381   Data         256  uart.o(.bss)
    xQueueRegistry                           0x20000484   Data          64  queue.o(.bss)
    __libspace_start                         0x200057d0   Data          96  libspace.o(.bss)
    __temporary_stack_top$libspace           0x20005830   Data           0  libspace.o(.bss)



==============================================================================

Memory Map of the image

  Image Entry point : 0x08000189

  Load Region LR_IROM1 (Base: 0x08000000, Size: 0x00004cfc, Max: 0x00080000, ABSOLUTE, COMPRESSED[0x00004bc0])

    Execution Region ER_IROM1 (Exec base: 0x08000000, Load base: 0x08000000, Size: 0x00004b88, Max: 0x00080000, ABSOLUTE)

    Exec Addr    Load Addr    Size         Type   Attr      Idx    E Section Name        Object

    0x08000000   0x08000000   0x00000188   Data   RO         2328    RESET               startup_stm32f40_41xxx.o
    0x08000188   0x08000188   0x00000008   Code   RO         7396  * !!!main             c_w.l(__main.o)
    0x08000190   0x08000190   0x00000034   Code   RO         7572    !!!scatter          c_w.l(__scatter.o)
    0x080001c4   0x080001c4   0x0000003a   Code   RO         7570    !!dczerorl          c_w.l(__dczerorl.o)
    0x080001fe   0x080001fe   0x00000002   PAD
    0x08000200   0x08000200   0x0000001c   Code   RO         7574    !!handler_zi        c_w.l(__scatter_zi.o)
    0x0800021c   0x0800021c   0x00000002   Code   RO         7444    .ARM.Collect$$libinit$$00000000  c_w.l(libinit.o)
    0x0800021e   0x0800021e   0x00000004   Code   RO         7450    .ARM.Collect$$libinit$$00000001  c_w.l(libinit2.o)
    0x08000222   0x08000222   0x00000000   Code   RO         7453    .ARM.Collect$$libinit$$00000004  c_w.l(libinit2.o)
    0x08000222   0x08000222   0x00000000   Code   RO         7456    .ARM.Collect$$libinit$$0000000A  c_w.l(libinit2.o)
    0x08000222   0x08000222   0x00000000   Code   RO         7458    .ARM.Collect$$libinit$$0000000C  c_w.l(libinit2.o)
    0x08000222   0x08000222   0x00000000   Code   RO         7460    .ARM.Collect$$libinit$$0000000E  c_w.l(libinit2.o)
    0x08000222   0x08000222   0x00000000   Code   RO         7463    .ARM.Collect$$libinit$$00000011  c_w.l(libinit2.o)
    0x08000222   0x08000222   0x00000000   Code   RO         7465    .ARM.Collect$$libinit$$00000013  c_w.l(libinit2.o)
    0x08000222   0x08000222   0x00000000   Code   RO         7467    .ARM.Collect$$libinit$$00000015  c_w.l(libinit2.o)
    0x08000222   0x08000222   0x00000000   Code   RO         7469    .ARM.Collect$$libinit$$00000017  c_w.l(libinit2.o)
    0x08000222   0x08000222   0x00000000   Code   RO         7471    .ARM.Collect$$libinit$$00000019  c_w.l(libinit2.o)
    0x08000222   0x08000222   0x00000000   Code   RO         7473    .ARM.Collect$$libinit$$0000001B  c_w.l(libinit2.o)
    0x08000222   0x08000222   0x00000000   Code   RO         7475    .ARM.Collect$$libinit$$0000001D  c_w.l(libinit2.o)
    0x08000222   0x08000222   0x00000000   Code   RO         7477    .ARM.Collect$$libinit$$0000001F  c_w.l(libinit2.o)
    0x08000222   0x08000222   0x00000000   Code   RO         7479    .ARM.Collect$$libinit$$00000021  c_w.l(libinit2.o)
    0x08000222   0x08000222   0x00000000   Code   RO         7481    .ARM.Collect$$libinit$$00000023  c_w.l(libinit2.o)
    0x08000222   0x08000222   0x00000000   Code   RO         7483    .ARM.Collect$$libinit$$00000025  c_w.l(libinit2.o)
    0x08000222   0x08000222   0x00000000   Code   RO         7487    .ARM.Collect$$libinit$$0000002C  c_w.l(libinit2.o)
    0x08000222   0x08000222   0x00000000   Code   RO         7489    .ARM.Collect$$libinit$$0000002E  c_w.l(libinit2.o)
    0x08000222   0x08000222   0x00000000   Code   RO         7491    .ARM.Collect$$libinit$$00000030  c_w.l(libinit2.o)
    0x08000222   0x08000222   0x00000000   Code   RO         7493    .ARM.Collect$$libinit$$00000032  c_w.l(libinit2.o)
    0x08000222   0x08000222   0x00000002   Code   RO         7494    .ARM.Collect$$libinit$$00000033  c_w.l(libinit2.o)
    0x08000224   0x08000224   0x00000002   Code   RO         7512    .ARM.Collect$$libshutdown$$00000000  c_w.l(libshutdown.o)
    0x08000226   0x08000226   0x00000000   Code   RO         7522    .ARM.Collect$$libshutdown$$00000002  c_w.l(libshutdown2.o)
    0x08000226   0x08000226   0x00000000   Code   RO         7524    .ARM.Collect$$libshutdown$$00000004  c_w.l(libshutdown2.o)
    0x08000226   0x08000226   0x00000000   Code   RO         7527    .ARM.Collect$$libshutdown$$00000007  c_w.l(libshutdown2.o)
    0x08000226   0x08000226   0x00000000   Code   RO         7530    .ARM.Collect$$libshutdown$$0000000A  c_w.l(libshutdown2.o)
    0x08000226   0x08000226   0x00000000   Code   RO         7532    .ARM.Collect$$libshutdown$$0000000C  c_w.l(libshutdown2.o)
    0x08000226   0x08000226   0x00000000   Code   RO         7535    .ARM.Collect$$libshutdown$$0000000F  c_w.l(libshutdown2.o)
    0x08000226   0x08000226   0x00000002   Code   RO         7536    .ARM.Collect$$libshutdown$$00000010  c_w.l(libshutdown2.o)
    0x08000228   0x08000228   0x00000000   Code   RO         7400    .ARM.Collect$$rtentry$$00000000  c_w.l(__rtentry.o)
    0x08000228   0x08000228   0x00000000   Code   RO         7415    .ARM.Collect$$rtentry$$00000002  c_w.l(__rtentry2.o)
    0x08000228   0x08000228   0x00000006   Code   RO         7427    .ARM.Collect$$rtentry$$00000004  c_w.l(__rtentry4.o)
    0x0800022e   0x0800022e   0x00000000   Code   RO         7417    .ARM.Collect$$rtentry$$00000009  c_w.l(__rtentry2.o)
    0x0800022e   0x0800022e   0x00000004   Code   RO         7418    .ARM.Collect$$rtentry$$0000000A  c_w.l(__rtentry2.o)
    0x08000232   0x08000232   0x00000000   Code   RO         7420    .ARM.Collect$$rtentry$$0000000C  c_w.l(__rtentry2.o)
    0x08000232   0x08000232   0x00000008   Code   RO         7421    .ARM.Collect$$rtentry$$0000000D  c_w.l(__rtentry2.o)
    0x0800023a   0x0800023a   0x00000002   Code   RO         7448    .ARM.Collect$$rtexit$$00000000  c_w.l(rtexit.o)
    0x0800023c   0x0800023c   0x00000000   Code   RO         7496    .ARM.Collect$$rtexit$$00000002  c_w.l(rtexit2.o)
    0x0800023c   0x0800023c   0x00000004   Code   RO         7497    .ARM.Collect$$rtexit$$00000003  c_w.l(rtexit2.o)
    0x08000240   0x08000240   0x00000006   Code   RO         7498    .ARM.Collect$$rtexit$$00000004  c_w.l(rtexit2.o)
    0x08000246   0x08000246   0x00000002   PAD
    0x08000248   0x08000248   0x000000be   Code   RO         2249    .emb_text           port.o
    0x08000306   0x08000306   0x00000002   PAD
    0x08000308   0x08000308   0x00000040   Code   RO         2329    .text               startup_stm32f40_41xxx.o
    0x08000348   0x08000348   0x00000002   Code   RO         7340    .text               c_w.l(use_no_semi_2.o)
    0x0800034a   0x0800034a   0x0000008a   Code   RO         7384    .text               c_w.l(rt_memcpy_v6.o)
    0x080003d4   0x080003d4   0x00000064   Code   RO         7386    .text               c_w.l(rt_memcpy_w.o)
    0x08000438   0x08000438   0x00000010   Code   RO         7390    .text               c_w.l(aeabi_memset.o)
    0x08000448   0x08000448   0x0000004e   Code   RO         7392    .text               c_w.l(rt_memclr_w.o)
    0x08000496   0x08000496   0x00000006   Code   RO         7394    .text               c_w.l(heapauxi.o)
    0x0800049c   0x0800049c   0x00000002   Code   RO         7398    .text               c_w.l(use_no_semi.o)
    0x0800049e   0x0800049e   0x00000044   Code   RO         7412    .text               c_w.l(rt_memclr.o)
    0x080004e2   0x080004e2   0x0000004a   Code   RO         7435    .text               c_w.l(sys_stackheap_outer.o)
    0x0800052c   0x0800052c   0x00000012   Code   RO         7437    .text               c_w.l(exit.o)
    0x0800053e   0x0800053e   0x00000002   PAD
    0x08000540   0x08000540   0x00000008   Code   RO         7445    .text               c_w.l(libspace.o)
    0x08000548   0x08000548   0x00000004   Code   RO          200    i.BusFault_Handler  stm32f4xx_it.o
    0x0800054c   0x0800054c   0x00000108   Code   RO          794    i.DRV_Icm20602_Init  icm20602.o
    0x08000654   0x08000654   0x00000010   Code   RO          795    i.DRV_Icm20602_Read  icm20602.o
    0x08000664   0x08000664   0x00000038   Code   RO          842    i.DRV_LED_Init      led.o
    0x0800069c   0x0800069c   0x00000024   Code   RO          843    i.DRV_LED_LIGHTING  led.o
    0x080006c0   0x080006c0   0x000000ec   Code   RO          657    i.DRV_SPI_Init      spi.o
    0x080007ac   0x080007ac   0x00000060   Code   RO          658    i.DRV_SPI_Read_Write_Byte  spi.o
    0x0800080c   0x0800080c   0x0000001e   Code   RO          659    i.DRV_SPI_Receive   spi.o
    0x0800082a   0x0800082a   0x00000002   PAD
    0x0800082c   0x0800082c   0x000000dc   Code   RO          699    i.DRV_UART5_Init    uart.o
    0x08000908   0x08000908   0x000000f0   Code   RO          701    i.DRV_USART1_Init   uart.o
    0x080009f8   0x080009f8   0x00000048   Code   RO          702    i.DRV_USART1_Send   uart.o
    0x08000a40   0x08000a40   0x00000002   Code   RO          201    i.DebugMon_Handler  stm32f4xx_it.o
    0x08000a42   0x08000a42   0x00000090   Code   RO         4211    i.GPIO_Init         stm32f4xx_gpio.o
    0x08000ad2   0x08000ad2   0x00000046   Code   RO         4212    i.GPIO_PinAFConfig  stm32f4xx_gpio.o
    0x08000b18   0x08000b18   0x00000004   Code   RO         4218    i.GPIO_ResetBits    stm32f4xx_gpio.o
    0x08000b1c   0x08000b1c   0x00000004   Code   RO         4219    i.GPIO_SetBits      stm32f4xx_gpio.o
    0x08000b20   0x08000b20   0x00000004   Code   RO          202    i.HardFault_Handler  stm32f4xx_it.o
    0x08000b24   0x08000b24   0x0000049c   Code   RO          298    i.IMU_Calcu         imu.o
    0x08000fc0   0x08000fc0   0x00000048   Code   RO          299    i.IMU_Data_Share    imu.o
    0x08001008   0x08001008   0x00000374   Code   RO          300    i.IMU_Data_Update   imu.o
    0x0800137c   0x0800137c   0x00000014   Code   RO          301    i.IMU_Init          imu.o
    0x08001390   0x08001390   0x00000128   Code   RO          302    i.IMU_RPY_Calcu     imu.o
    0x080014b8   0x080014b8   0x00000074   Code   RO          303    i.IMU_Reset         imu.o
    0x0800152c   0x0800152c   0x000000e0   Code   RO          305    i.MPU_GYRO_Calibration  imu.o
    0x0800160c   0x0800160c   0x000000ec   Code   RO          596    i.MSG_Send          msg_interchange.o
    0x080016f8   0x080016f8   0x00000004   Code   RO          203    i.MemManage_Handler  stm32f4xx_it.o
    0x080016fc   0x080016fc   0x00000002   Code   RO          204    i.NMI_Handler       stm32f4xx_it.o
    0x080016fe   0x080016fe   0x00000002   PAD
    0x08001700   0x08001700   0x00000078   Code   RO         2336    i.NVIC_Init         misc.o
    0x08001778   0x08001778   0x00000014   Code   RO         2337    i.NVIC_PriorityGroupConfig  misc.o
    0x0800178c   0x0800178c   0x00000020   Code   RO         5137    i.RCC_AHB1PeriphClockCmd  stm32f4xx_rcc.o
    0x080017ac   0x080017ac   0x00000020   Code   RO         5146    i.RCC_APB1PeriphClockCmd  stm32f4xx_rcc.o
    0x080017cc   0x080017cc   0x00000020   Code   RO         5148    i.RCC_APB1PeriphResetCmd  stm32f4xx_rcc.o
    0x080017ec   0x080017ec   0x00000020   Code   RO         5149    i.RCC_APB2PeriphClockCmd  stm32f4xx_rcc.o
    0x0800180c   0x0800180c   0x00000020   Code   RO         5151    i.RCC_APB2PeriphResetCmd  stm32f4xx_rcc.o
    0x0800182c   0x0800182c   0x000000e8   Code   RO         5158    i.RCC_GetClocksFreq  stm32f4xx_rcc.o
    0x08001914   0x08001914   0x00000010   Code   RO          387    i.RC_Init           remote_signal.o
    0x08001924   0x08001924   0x00000010   Code   RO          388    i.RC_Offline_Check  remote_signal.o
    0x08001934   0x08001934   0x00000054   Code   RO          389    i.RC_PPM_Calcu      remote_signal.o
    0x08001988   0x08001988   0x00000010   Code   RO          392    i.RC_PPM_Watch_Dog_Feed  remote_signal.o
    0x08001998   0x08001998   0x000000c0   Code   RO          393    i.RC_SBUS_Analysis  remote_signal.o
    0x08001a58   0x08001a58   0x00000210   Code   RO          394    i.RC_SBUS_ByteGet   remote_signal.o
    0x08001c68   0x08001c68   0x00000038   Code   RO          395    i.RC_SBUS_Data_Limited  remote_signal.o
    0x08001ca0   0x08001ca0   0x00000028   Code   RO          396    i.RC_SBUS_Offline_Check  remote_signal.o
    0x08001cc8   0x08001cc8   0x0000000c   Code   RO          397    i.RC_SBUS_Offline_Reset  remote_signal.o
    0x08001cd4   0x08001cd4   0x00000018   Code   RO         6295    i.SPI_Cmd           stm32f4xx_spi.o
    0x08001cec   0x08001cec   0x000000b0   Code   RO         6302    i.SPI_I2S_DeInit    stm32f4xx_spi.o
    0x08001d9c   0x08001d9c   0x00000012   Code   RO         6303    i.SPI_I2S_GetFlagStatus  stm32f4xx_spi.o
    0x08001dae   0x08001dae   0x00000006   Code   RO         6306    i.SPI_I2S_ReceiveData  stm32f4xx_spi.o
    0x08001db4   0x08001db4   0x00000004   Code   RO         6307    i.SPI_I2S_SendData  stm32f4xx_spi.o
    0x08001db8   0x08001db8   0x0000003c   Code   RO         6308    i.SPI_Init          stm32f4xx_spi.o
    0x08001df4   0x08001df4   0x000000ec   Code   RO          257    i.SetSysClock       system_stm32f4xx.o
    0x08001ee0   0x08001ee0   0x00000028   Code   RO         2340    i.SysTick_CLKSourceConfig  misc.o
    0x08001f08   0x08001f08   0x00000024   Code   RO          947    i.SysTick_Handler   delay.o
    0x08001f2c   0x08001f2c   0x00000068   Code   RO          259    i.SystemInit        system_stm32f4xx.o
    0x08001f94   0x08001f94   0x00000044   Code   RO          398    i.TIM1_CC_IRQHandler  remote_signal.o
    0x08001fd8   0x08001fd8   0x00000006   Code   RO         6528    i.TIM_ClearITPendingBit  stm32f4xx_tim.o
    0x08001fde   0x08001fde   0x00000006   Code   RO         6548    i.TIM_GetCapture1   stm32f4xx_tim.o
    0x08001fe4   0x08001fe4   0x0000002c   Code   RO          705    i.UART5_IRQHandler  uart.o
    0x08002010   0x08002010   0x00000074   Code   RO          706    i.USART1_IRQHandler  uart.o
    0x08002084   0x08002084   0x00000070   Code   RO          707    i.USART3_IRQHandler  uart.o
    0x080020f4   0x080020f4   0x0000001e   Code   RO         7084    i.USART_ClearITPendingBit  stm32f4xx_usart.o
    0x08002112   0x08002112   0x00000020   Code   RO         7085    i.USART_ClockInit   stm32f4xx_usart.o
    0x08002132   0x08002132   0x00000018   Code   RO         7087    i.USART_Cmd         stm32f4xx_usart.o
    0x0800214a   0x0800214a   0x00000054   Code   RO         7091    i.USART_GetITStatus  stm32f4xx_usart.o
    0x0800219e   0x0800219e   0x0000004a   Code   RO         7093    i.USART_ITConfig    stm32f4xx_usart.o
    0x080021e8   0x080021e8   0x000000d4   Code   RO         7094    i.USART_Init        stm32f4xx_usart.o
    0x080022bc   0x080022bc   0x0000000a   Code   RO         7101    i.USART_ReceiveData  stm32f4xx_usart.o
    0x080022c6   0x080022c6   0x00000004   Code   RO          205    i.UsageFault_Handler  stm32f4xx_it.o
    0x080022ca   0x080022ca   0x00000004   Code   RO          708    i._sys_exit         uart.o
    0x080022ce   0x080022ce   0x00000002   PAD
    0x080022d0   0x080022d0   0x00000074   Code   RO         1017    i.app_task_reate    task_manage.o
    0x08002344   0x08002344   0x00000018   Code   RO          949    i.delay_ms          delay.o
    0x0800235c   0x0800235c   0x0000017c   Code   RO          896    i.fast_atan2        kaiju_math.o
    0x080024d8   0x080024d8   0x00000020   Code   RO          796    i.icm20602_enable   icm20602.o
    0x080024f8   0x080024f8   0x00000026   Code   RO          797    i.icm20602_readbuf  icm20602.o
    0x0800251e   0x0800251e   0x00000024   Code   RO          798    i.icm20602_writebyte  icm20602.o
    0x08002542   0x08002542   0x00000002   PAD
    0x08002544   0x08002544   0x00000058   Code   RO            4    i.main              main.o
    0x0800259c   0x0800259c   0x0000001a   Code   RO          897    i.my_abs            kaiju_math.o
    0x080025b6   0x080025b6   0x00000014   Code   RO          898    i.my_sqrt           kaiju_math.o
    0x080025ca   0x080025ca   0x00000002   PAD
    0x080025cc   0x080025cc   0x00000050   Code   RO          899    i.my_sqrt_reciprocal  kaiju_math.o
    0x0800261c   0x0800261c   0x000000c0   Code   RO         1641    i.prvAddCurrentTaskToDelayedList  tasks.o
    0x080026dc   0x080026dc   0x000000ec   Code   RO         1642    i.prvAddNewTaskToReadyList  tasks.o
    0x080027c8   0x080027c8   0x00000064   Code   RO         2020    i.prvCheckForValidListAndQueue  timers.o
    0x0800282c   0x0800282c   0x00000048   Code   RO         1643    i.prvCheckTasksWaitingTermination  tasks.o
    0x08002874   0x08002874   0x0000002a   Code   RO         1229    i.prvCopyDataFromQueue  queue.o
    0x0800289e   0x0800289e   0x0000007e   Code   RO         1230    i.prvCopyDataToQueue  queue.o
    0x0800291c   0x0800291c   0x00000012   Code   RO         1644    i.prvDeleteTCB      tasks.o
    0x0800292e   0x0800292e   0x00000002   PAD
    0x08002930   0x08002930   0x00000028   Code   RO         2021    i.prvGetNextExpireTime  timers.o
    0x08002958   0x08002958   0x0000007c   Code   RO         2194    i.prvHeapInit       heap_4.o
    0x080029d4   0x080029d4   0x00000028   Code   RO         1645    i.prvIdleTask       tasks.o
    0x080029fc   0x080029fc   0x0000002e   Code   RO         1233    i.prvInitialiseNewQueue  queue.o
    0x08002a2a   0x08002a2a   0x000000e0   Code   RO         1646    i.prvInitialiseNewTask  tasks.o
    0x08002b0a   0x08002b0a   0x00000002   PAD
    0x08002b0c   0x08002b0c   0x00000068   Code   RO         1647    i.prvInitialiseTaskLists  tasks.o
    0x08002b74   0x08002b74   0x00000068   Code   RO         2195    i.prvInsertBlockIntoFreeList  heap_4.o
    0x08002bdc   0x08002bdc   0x00000058   Code   RO         2023    i.prvInsertTimerInActiveList  timers.o
    0x08002c34   0x08002c34   0x0000001a   Code   RO         1234    i.prvIsQueueEmpty   queue.o
    0x08002c4e   0x08002c4e   0x0000001e   Code   RO         1235    i.prvIsQueueFull    queue.o
    0x08002c6c   0x08002c6c   0x000000ac   Code   RO         1236    i.prvNotifyQueueSetContainer  queue.o
    0x08002d18   0x08002d18   0x00000044   Code   RO         2024    i.prvProcessExpiredTimer  timers.o
    0x08002d5c   0x08002d5c   0x0000014c   Code   RO         2025    i.prvProcessReceivedCommands  timers.o
    0x08002ea8   0x08002ea8   0x00000074   Code   RO         2026    i.prvProcessTimerOrBlockTask  timers.o
    0x08002f1c   0x08002f1c   0x00000028   Code   RO         2027    i.prvReloadTimer    timers.o
    0x08002f44   0x08002f44   0x00000030   Code   RO         1649    i.prvResetNextTaskUnblockTime  tasks.o
    0x08002f74   0x08002f74   0x0000002c   Code   RO         2028    i.prvSampleTimeNow  timers.o
    0x08002fa0   0x08002fa0   0x00000044   Code   RO         2029    i.prvSwitchTimerLists  timers.o
    0x08002fe4   0x08002fe4   0x00000040   Code   RO         2250    i.prvTaskExitError  port.o
    0x08003024   0x08003024   0x0000001a   Code   RO         2030    i.prvTimerTask      timers.o
    0x0800303e   0x0800303e   0x00000090   Code   RO         1237    i.prvUnlockQueue    queue.o
    0x080030ce   0x080030ce   0x00000002   PAD
    0x080030d0   0x080030d0   0x0000016c   Code   RO         2196    i.pvPortMalloc      heap_4.o
    0x0800323c   0x0800323c   0x0000002c   Code   RO         2251    i.pxPortInitialiseStack  port.o
    0x08003268   0x08003268   0x00000090   Code   RO          953    i.systick_it_init   delay.o
    0x080032f8   0x080032f8   0x0000002c   Code   RO         1018    i.task_1ms          task_manage.o
    0x08003324   0x08003324   0x0000001c   Code   RO         1019    i.task_200ms        task_manage.o
    0x08003340   0x08003340   0x0000001e   Code   RO         1020    i.task_20ms         task_manage.o
    0x0800335e   0x0800335e   0x00000028   Code   RO         1189    i.uxListRemove      list.o
    0x08003386   0x08003386   0x0000001a   Code   RO         1190    i.vListInitialise   list.o
    0x080033a0   0x080033a0   0x00000006   Code   RO         1191    i.vListInitialiseItem  list.o
    0x080033a6   0x080033a6   0x00000034   Code   RO         1192    i.vListInsert       list.o
    0x080033da   0x080033da   0x00000002   PAD
    0x080033dc   0x080033dc   0x00000054   Code   RO         2253    i.vPortEnterCritical  port.o
    0x08003430   0x08003430   0x0000003c   Code   RO         2254    i.vPortExitCritical  port.o
    0x0800346c   0x0800346c   0x000000a4   Code   RO         2197    i.vPortFree         heap_4.o
    0x08003510   0x08003510   0x00000028   Code   RO         2255    i.vPortSetupTimerInterrupt  port.o
    0x08003538   0x08003538   0x00000060   Code   RO         1243    i.vQueueAddToRegistry  queue.o
    0x08003598   0x08003598   0x0000004a   Code   RO         1247    i.vQueueWaitForMessageRestricted  queue.o
    0x080035e2   0x080035e2   0x00000002   PAD
    0x080035e4   0x080035e4   0x0000005c   Code   RO         1662    i.vTaskDelay        tasks.o
    0x08003640   0x08003640   0x00000018   Code   RO         1667    i.vTaskInternalSetTimeOutState  tasks.o
    0x08003658   0x08003658   0x0000000c   Code   RO         1669    i.vTaskMissedYield  tasks.o
    0x08003664   0x08003664   0x00000038   Code   RO         1670    i.vTaskPlaceOnEventList  tasks.o
    0x0800369c   0x0800369c   0x00000064   Code   RO         1671    i.vTaskPlaceOnEventListRestricted  tasks.o
    0x08003700   0x08003700   0x0000009c   Code   RO         1679    i.vTaskStartScheduler  tasks.o
    0x0800379c   0x0800379c   0x00000010   Code   RO         1681    i.vTaskSuspendAll   tasks.o
    0x080037ac   0x080037ac   0x0000008c   Code   RO         1682    i.vTaskSwitchContext  tasks.o
    0x08003838   0x08003838   0x00000168   Code   RO         2257    i.xPortStartScheduler  port.o
    0x080039a0   0x080039a0   0x00000034   Code   RO         2258    i.xPortSysTickHandler  port.o
    0x080039d4   0x080039d4   0x00000066   Code   RO         1252    i.xQueueGenericCreate  queue.o
    0x08003a3a   0x08003a3a   0x00000002   PAD
    0x08003a3c   0x08003a3c   0x000000dc   Code   RO         1253    i.xQueueGenericReset  queue.o
    0x08003b18   0x08003b18   0x000001d8   Code   RO         1254    i.xQueueGenericSend  queue.o
    0x08003cf0   0x08003cf0   0x00000170   Code   RO         1260    i.xQueuePeek        queue.o
    0x08003e60   0x08003e60   0x00000168   Code   RO         1262    i.xQueueReceive     queue.o
    0x08003fc8   0x08003fc8   0x00000090   Code   RO         1684    i.xTaskCheckForTimeOut  tasks.o
    0x08004058   0x08004058   0x00000060   Code   RO         1685    i.xTaskCreate       tasks.o
    0x080040b8   0x080040b8   0x000000d8   Code   RO         1686    i.xTaskDelayUntil   tasks.o
    0x08004190   0x08004190   0x00000020   Code   RO         1692    i.xTaskGetSchedulerState  tasks.o
    0x080041b0   0x080041b0   0x0000000c   Code   RO         1693    i.xTaskGetTickCount  tasks.o
    0x080041bc   0x080041bc   0x000001bc   Code   RO         1695    i.xTaskIncrementTick  tasks.o
    0x08004378   0x08004378   0x000000f0   Code   RO         1696    i.xTaskPriorityDisinherit  tasks.o
    0x08004468   0x08004468   0x00000120   Code   RO         1698    i.xTaskRemoveFromEventList  tasks.o
    0x08004588   0x08004588   0x00000178   Code   RO         1699    i.xTaskResumeAll    tasks.o
    0x08004700   0x08004700   0x00000058   Code   RO         2038    i.xTimerCreateTimerTask  timers.o
    0x08004758   0x08004758   0x0000000a   Code   RO         7504    x$fpl$fpinit        fz_wm.l(fpinit.o)
    0x08004762   0x08004762   0x00000002   PAD
    0x08004764   0x08004764   0x00000404   Data   RO          901    .constdata          kaiju_math.o
    0x08004b68   0x08004b68   0x00000020   Data   RO         7568    Region$$Table       anon$$obj.o


    Execution Region RW_IRAM2 (Exec base: 0x10000000, Load base: 0x08004bc0, Size: 0x00000000, Max: 0x00010000, ABSOLUTE)

    **** No section assigned to this execution region ****


    Execution Region RW_IRAM1 (Exec base: 0x20000000, Load base: 0x08004b88, Size: 0x00007a30, Max: 0x00020000, ABSOLUTE, COMPRESSED[0x00000038])

    Exec Addr    Load Addr    Size         Type   Attr      Idx    E Section Name        Object

    0x20000000   COMPRESSED   0x00000014   Data   RW          260    .data               system_stm32f4xx.o
    0x20000014   COMPRESSED   0x0000009d   Data   RW          307    .data               imu.o
    0x200000b1   COMPRESSED   0x00000003   PAD
    0x200000b4   COMPRESSED   0x00000015   Data   RW          401    .data               remote_signal.o
    0x200000c9   COMPRESSED   0x00000003   PAD
    0x200000cc   COMPRESSED   0x00000009   Data   RW          711    .data               uart.o
    0x200000d5   COMPRESSED   0x00000001   Data   RW          799    .data               icm20602.o
    0x200000d6   COMPRESSED   0x00000002   PAD
    0x200000d8   COMPRESSED   0x00000009   Data   RW          954    .data               delay.o
    0x200000e1   COMPRESSED   0x00000003   PAD
    0x200000e4   COMPRESSED   0x00000040   Data   RW         1702    .data               tasks.o
    0x20000124   COMPRESSED   0x00000014   Data   RW         2047    .data               timers.o
    0x20000138   COMPRESSED   0x00000020   Data   RW         2203    .data               heap_4.o
    0x20000158   COMPRESSED   0x0000000c   Data   RW         2259    .data               port.o
    0x20000164   COMPRESSED   0x00000010   Data   RW         5190    .data               stm32f4xx_rcc.o
    0x20000174        -       0x00000090   Zero   RW          306    .bss                imu.o
    0x20000204        -       0x0000007d   Zero   RW          400    .bss                remote_signal.o
    0x20000281        -       0x00000200   Zero   RW          710    .bss                uart.o
    0x20000481   COMPRESSED   0x00000003   PAD
    0x20000484        -       0x00000040   Zero   RW         1269    .bss                queue.o
    0x200004c4        -       0x000002e4   Zero   RW         1701    .bss                tasks.o
    0x200007a8        -       0x00000028   Zero   RW         2046    .bss                timers.o
    0x200007d0        -       0x00005000   Zero   RW         2202    .bss                heap_4.o
    0x200057d0        -       0x00000060   Zero   RW         7446    .bss                c_w.l(libspace.o)
    0x20005830        -       0x00000200   Zero   RW         2327    HEAP                startup_stm32f40_41xxx.o
    0x20005a30        -       0x00002000   Zero   RW         2326    STACK               startup_stm32f40_41xxx.o


==============================================================================

Image component sizes


      Code (inc. data)   RO Data    RW Data    ZI Data      Debug   Object Name

       204         40          0          9          0      28247   delay.o
         0          0          0          0          0      14568   event_groups.o
       756         74          0         32      20480       4683   heap_4.o
       386         10          0          1          0       3829   icm20602.o
      2792        156          0        157        144       8122   imu.o
       506         34       1028          0          0       3671   kaiju_math.o
        92         12          0          0          0       1126   led.o
       124          0          0          0          0       2897   list.o
        88          4          0          0          0     311428   main.o
       180         24          0          0          0       2237   misc.o
       236         58          0          0          0        703   msg_interchange.o
       894         78          0         12          0      10836   port.o
      2278         28          0          0         64      17456   queue.o
      1028         84          0         21        125       7806   remote_signal.o
       362         14          0          0          0       2503   spi.o
        64         26        392          0       8704        856   startup_stm32f40_41xxx.o
       222          0          0          0          0       3043   stm32f4xx_gpio.o
        20          0          0          0          0       2881   stm32f4xx_it.o
       392         48          0         16          0       6045   stm32f4xx_rcc.o
       288         24          0          0          0       4327   stm32f4xx_spi.o
        12          0          0          0          0       1838   stm32f4xx_tim.o
       466          8          0          0          0       5758   stm32f4xx_usart.o
       340         32          0         20          0       1973   system_stm32f4xx.o
       218         52          0          0          0       2313   task_manage.o
      3378        372          0         64        740      29634   tasks.o
      1010        112          0         20         40      23776   timers.o
       808         76          0          9        512       6762   uart.o

    ----------------------------------------------------------------------
     17168       1366       1452        372      30812     509318   Object Totals
         0          0         32          0          0          0   (incl. Generated)
        24          0          0         11          3          0   (incl. Padding)

    ----------------------------------------------------------------------

      Code (inc. data)   RO Data    RW Data    ZI Data      Debug   Library Member Name

        58          0          0          0          0          0   __dczerorl.o
         8          0          0          0          0         68   __main.o
         0          0          0          0          0          0   __rtentry.o
        12          0          0          0          0          0   __rtentry2.o
         6          0          0          0          0          0   __rtentry4.o
        52          8          0          0          0          0   __scatter.o
        28          0          0          0          0          0   __scatter_zi.o
        16          0          0          0          0         68   aeabi_memset.o
        18          0          0          0          0         80   exit.o
         6          0          0          0          0        152   heapauxi.o
         2          0          0          0          0          0   libinit.o
         6          0          0          0          0          0   libinit2.o
         2          0          0          0          0          0   libshutdown.o
         2          0          0          0          0          0   libshutdown2.o
         8          4          0          0         96         68   libspace.o
        68          0          0          0          0         68   rt_memclr.o
        78          0          0          0          0         80   rt_memclr_w.o
       138          0          0          0          0         68   rt_memcpy_v6.o
       100          0          0          0          0         80   rt_memcpy_w.o
         2          0          0          0          0          0   rtexit.o
        10          0          0          0          0          0   rtexit2.o
        74          0          0          0          0         80   sys_stackheap_outer.o
         2          0          0          0          0         68   use_no_semi.o
         2          0          0          0          0         68   use_no_semi_2.o
        10          0          0          0          0        116   fpinit.o

    ----------------------------------------------------------------------
       716         12          0          0         96       1064   Library Totals
         8          0          0          0          0          0   (incl. Padding)

    ----------------------------------------------------------------------

      Code (inc. data)   RO Data    RW Data    ZI Data      Debug   Library Name

       698         12          0          0         96        948   c_w.l
        10          0          0          0          0        116   fz_wm.l

    ----------------------------------------------------------------------
       716         12          0          0         96       1064   Library Totals

    ----------------------------------------------------------------------

==============================================================================


      Code (inc. data)   RO Data    RW Data    ZI Data      Debug   

     17884       1378       1452        372      30908     496166   Grand Totals
     17884       1378       1452         56      30908     496166   ELF Image Totals (compressed)
     17884       1378       1452         56          0          0   ROM Totals

==============================================================================

    Total RO  Size (Code + RO Data)                19336 (  18.88kB)
    Total RW  Size (RW Data + ZI Data)             31280 (  30.55kB)
    Total ROM Size (Code + RO Data + RW Data)      19392 (  18.94kB)

==============================================================================

