Component: ARM Compiler 5.06 update 1 (build 61) Tool: armlink [4d35a8]

==============================================================================

Section Cross References

    main.o(i.main) refers to misc.o(i.NVIC_PriorityGroupConfig) for NVIC_PriorityGroupConfig
    main.o(i.main) refers to delay.o(i.systick_it_init) for systick_it_init
    main.o(i.main) refers to led.o(i.DRV_LED_Init) for DRV_LED_Init
    main.o(i.main) refers to uart.o(i.DRV_USART1_Init) for DRV_USART1_Init
    main.o(i.main) refers to remote_signal.o(i.RC_Init) for RC_Init
    main.o(i.main) refers to spi.o(i.DRV_SPI_Init) for DRV_SPI_Init
    main.o(i.main) refers to iic.o(i.DRV_IIC_Init) for DRV_IIC_Init
    main.o(i.main) refers to pwm.o(i.DRV_PWM_Init) for DRV_PWM_Init
    main.o(i.main) refers to icm20602.o(i.DRV_Icm20602_Init) for DRV_Icm20602_Init
    main.o(i.main) refers to imu.o(i.IMU_Init) for IMU_Init
    main.o(i.main) refers to msg_interchange.o(i.DT_MSG_Init) for DT_MSG_Init
    main.o(i.main) refers to par_manage.o(i.PAR_Load) for PAR_Load
    main.o(i.main) refers to led.o(i.DRV_LED_LIGHTING) for DRV_LED_LIGHTING
    main.o(i.main) refers to delay.o(i.delay_ms) for delay_ms
    main.o(i.main) refers to task_manage.o(i.app_task_reate) for app_task_reate
    main.o(i.main) refers to tasks.o(i.vTaskStartScheduler) for vTaskStartScheduler
    main.o(i.main) refers to delay.o(.data) for RTOS_en
    system_stm32f4xx.o(i.SystemCoreClockUpdate) refers to system_stm32f4xx.o(.data) for SystemCoreClock
    system_stm32f4xx.o(i.SystemInit) refers to system_stm32f4xx.o(i.SetSysClock) for SetSysClock
    imu.o(i.IMU_Calcu) refers to kaiju_math.o(i.my_sqrt_reciprocal) for my_sqrt_reciprocal
    imu.o(i.IMU_Calcu) refers to imu.o(.data) for imu_data
    imu.o(i.IMU_Calcu) refers to imu.o(.bss) for z_vec
    imu.o(i.IMU_Data_Share) refers to queue.o(i.xQueueGenericCreate) for xQueueGenericCreate
    imu.o(i.IMU_Data_Share) refers to queue.o(i.xQueueGenericSend) for xQueueGenericSend
    imu.o(i.IMU_Data_Share) refers to imu.o(.data) for isFullQueue
    imu.o(i.IMU_Data_Update) refers to icm20602.o(i.DRV_Icm20602_Read) for DRV_Icm20602_Read
    imu.o(i.IMU_Data_Update) refers to imu.o(.data) for mpu_data
    imu.o(i.IMU_Data_Update) refers to imu.o(.bss) for gyro_lpf
    imu.o(i.IMU_Init) refers to imu.o(i.IMU_Reset) for IMU_Reset
    imu.o(i.IMU_Init) refers to imu.o(i.MPU_GYRO_Calibration) for MPU_GYRO_Calibration
    imu.o(i.IMU_Init) refers to delay.o(i.delay_ms) for delay_ms
    imu.o(i.IMU_RPY_Calcu) refers to kaiju_math.o(i.fast_atan2) for fast_atan2
    imu.o(i.IMU_RPY_Calcu) refers to kaiju_math.o(i.my_sqrt) for my_sqrt
    imu.o(i.IMU_RPY_Calcu) refers to imu.o(.data) for imu_data
    imu.o(i.IMU_RPY_Calcu) refers to imu.o(.bss) for z_vec
    imu.o(i.IMU_RPY_Calcu) refers to par_manage.o(.data) for fl_par
    imu.o(i.IMU_Reset) refers to imu.o(.data) for imu_data
    imu.o(i.MPU_ACC_Calibration) refers to _printf_percent.o(.ARM.Collect$$_printf_percent$$00000000) for _printf_percent
    imu.o(i.MPU_ACC_Calibration) refers to _printf_d.o(.ARM.Collect$$_printf_percent$$00000009) for _printf_d
    imu.o(i.MPU_ACC_Calibration) refers to _printf_dec.o(.text) for _printf_int_dec
    imu.o(i.MPU_ACC_Calibration) refers to icm20602.o(i.DRV_Icm20602_Read) for DRV_Icm20602_Read
    imu.o(i.MPU_ACC_Calibration) refers to noretval__2printf.o(.text) for __2printf
    imu.o(i.MPU_ACC_Calibration) refers to delay.o(i.delay_ms) for delay_ms
    imu.o(i.MPU_ACC_Calibration) refers to uart.o(.data) for Rx_data
    imu.o(i.MPU_ACC_Calibration) refers to imu.o(.data) for mpu_data
    imu.o(i.MPU_GYRO_Calibration) refers to icm20602.o(i.DRV_Icm20602_Read) for DRV_Icm20602_Read
    imu.o(i.MPU_GYRO_Calibration) refers to delay.o(i.delay_ms) for delay_ms
    imu.o(i.MPU_GYRO_Calibration) refers to imu.o(.data) for mpu_data
    remote_signal.o(i.RC_Data_Share) refers to queue.o(i.xQueueGenericCreate) for xQueueGenericCreate
    remote_signal.o(i.RC_Data_Share) refers to queue.o(i.xQueueGenericSend) for xQueueGenericSend
    remote_signal.o(i.RC_Data_Share) refers to remote_signal.o(.data) for isFullQueue
    remote_signal.o(i.RC_Data_Share) refers to remote_signal.o(.bss) for rc_data
    remote_signal.o(i.RC_Init) refers to uart.o(i.DRV_UART5_Init) for DRV_UART5_Init
    remote_signal.o(i.RC_Offline_Check) refers to remote_signal.o(i.RC_SBUS_Offline_Check) for RC_SBUS_Offline_Check
    remote_signal.o(i.RC_Offline_Check) refers to remote_signal.o(i.RC_SBUS_Data_Limited) for RC_SBUS_Data_Limited
    remote_signal.o(i.RC_PPM_Calcu) refers to remote_signal.o(i.RC_PPM_Watch_Dog_Feed) for RC_PPM_Watch_Dog_Feed
    remote_signal.o(i.RC_PPM_Calcu) refers to remote_signal.o(.data) for channel_num
    remote_signal.o(i.RC_PPM_Calcu) refers to remote_signal.o(.bss) for rc_data
    remote_signal.o(i.RC_PPM_Data_Limited) refers to remote_signal.o(.bss) for rc_data
[...]
    pxCurrentTimerList                       0x20000608   Data           4  timers.o(.data)
    pxOverflowTimerList                      0x2000060c   Data           4  timers.o(.data)
    xTimerQueue                              0x20000610   Data           4  timers.o(.data)
    xTimerTaskHandle                         0x20000614   Data           4  timers.o(.data)
    xLastTime                                0x20000618   Data           4  timers.o(.data)
    .data                                    0x2000061c   Section       32  heap_4.o(.data)
    xStart                                   0x2000061c   Data           8  heap_4.o(.data)
    pxEnd                                    0x20000624   Data           4  heap_4.o(.data)
    xFreeBytesRemaining                      0x20000628   Data           4  heap_4.o(.data)
    xMinimumEverFreeBytesRemaining           0x2000062c   Data           4  heap_4.o(.data)
    xNumberOfSuccessfulAllocations           0x20000630   Data           4  heap_4.o(.data)
    xNumberOfSuccessfulFrees                 0x20000634   Data           4  heap_4.o(.data)
    xBlockAllocatedBit                       0x20000638   Data           4  heap_4.o(.data)
    .data                                    0x2000063c   Section       12  port.o(.data)
    uxCriticalNesting                        0x2000063c   Data           4  port.o(.data)
    ucMaxSysCallPriority                     0x20000640   Data           1  port.o(.data)
    ulMaxPRIGROUPValue                       0x20000644   Data           4  port.o(.data)
    .data                                    0x20000648   Section       16  stm32f4xx_rcc.o(.data)
    APBAHBPrescTable                         0x20000648   Data          16  stm32f4xx_rcc.o(.data)
    .bss                                     0x20000658   Section      144  imu.o(.bss)
    gyro_lpf                                 0x20000670   Data          60  imu.o(.bss)
    acc_lpf                                  0x200006ac   Data          60  imu.o(.bss)
    .bss                                     0x200006e8   Section      125  remote_signal.o(.bss)
    datatmp                                  0x2000074c   Data          25  remote_signal.o(.bss)
    .bss                                     0x20000768   Section      144  att_ctrl.o(.bss)
    .bss                                     0x200007f8   Section       10  flight_ctrl.o(.bss)
    .bss                                     0x20000802   Section      142  msg_interchange.o(.bss)
    .bss                                     0x20000890   Section      512  uart.o(.bss)
    .bss                                     0x20000a90   Section       64  par_manage.o(.bss)
    .bss                                     0x20000ad0   Section       64  queue.o(.bss)
    .bss                                     0x20000b10   Section      740  tasks.o(.bss)
    pxReadyTasksLists                        0x20000b10   Data         640  tasks.o(.bss)
    xDelayedTaskList1                        0x20000d90   Data          20  tasks.o(.bss)
    xDelayedTaskList2                        0x20000da4   Data          20  tasks.o(.bss)
    xPendingReadyList                        0x20000db8   Data          20  tasks.o(.bss)
    xTasksWaitingTermination                 0x20000dcc   Data          20  tasks.o(.bss)
    xSuspendedTaskList                       0x20000de0   Data          20  tasks.o(.bss)
    .bss                                     0x20000df4   Section       40  timers.o(.bss)
    xActiveTimerList1                        0x20000df4   Data          20  timers.o(.bss)
    xActiveTimerList2                        0x20000e08   Data          20  timers.o(.bss)
    .bss                                     0x20000e1c   Section    30720  heap_4.o(.bss)
    ucHeap                                   0x20000e1c   Data       30720  heap_4.o(.bss)
    .bss                                     0x2000861c   Section       96  libspace.o(.bss)
    HEAP                                     0x20008680   Section      512  startup_stm32f40_41xxx.o(HEAP)
    Heap_Mem                                 0x20008680   Data         512  startup_stm32f40_41xxx.o(HEAP)
    STACK                                    0x20008880   Section     8192  startup_stm32f40_41xxx.o(STACK)
    Stack_Mem                                0x20008880   Data        8192  startup_stm32f40_41xxx.o(STACK)
    __initial_sp                             0x2000a880   Data           0  startup_stm32f40_41xxx.o(STACK)

    Global Symbols

    Symbol Name                              Value     Ov Type        Size  Object(Section)

    BuildAttributes$$THM_ISAv4$E$P$D$K$B$S$7EM$VFPi3$EXTD16$VFPS$VFMA$PE$A:L22UL41UL21$X:L11$S22US41US21$IEEE1$IW$USESV6$~STKCKD$USESV7$~SHL$OSPACE$ROPI$EBA8$UX$STANDARDLIB$REQ8$PRES8$EABIv2 0x00000000   Number         0  anon$$obj.o ABSOLUTE
    __ARM_use_no_argv                        0x00000000   Number         0  main.o ABSOLUTE
    __ARM_exceptions_init                     - Undefined Weak Reference
    __alloca_initialize                       - Undefined Weak Reference
    __arm_preinit_                            - Undefined Weak Reference
    __cpp_initialize__aeabi_                  - Undefined Weak Reference
    __cxa_finalize                            - Undefined Weak Reference
    __rt_locale                               - Undefined Weak Reference
    __sigvec_lookup                           - Undefined Weak Reference
    _atexit_init                              - Undefined Weak Reference
    _call_atexit_fns                          - Undefined Weak Reference
    _clock_init                               - Undefined Weak Reference
    _fp_trap_init                             - Undefined Weak Reference
    _fp_trap_shutdown                         - Undefined Weak Reference
    _get_lc_collate                           - Undefined Weak Reference
    _get_lc_ctype                             - Undefined Weak Reference
    _get_lc_monetary                          - Undefined Weak Reference
    _get_lc_numeric                           - Undefined Weak Reference
    _get_lc_time                              - Undefined Weak Reference
    _getenv_init                              - Undefined Weak Reference
    _handle_redirection                       - Undefined Weak Reference
    _init_alloc                               - Undefined Weak Reference
    _init_user_alloc                          - Undefined Weak Reference
    _initio                                   - Undefined Weak Reference
    _mutex_acquire                            - Undefined Weak Reference
    _mutex_release                            - Undefined Weak Reference
    _printf_mbtowc                            - Undefined Weak Reference
    _printf_post_padding                      - Undefined Weak Reference
    _printf_pre_padding                       - Undefined Weak Reference
    _printf_truncate_signed                   - Undefined Weak Reference
    _printf_truncate_unsigned                 - Undefined Weak Reference
    _rand_init                                - Undefined Weak Reference
    _signal_finish                            - Undefined Weak Reference
    _signal_init                              - Undefined Weak Reference
    _terminate_alloc                          - Undefined Weak Reference
    _terminate_user_alloc                     - Undefined Weak Reference
    _terminateio                              - Undefined Weak Reference
    __Vectors_Size                           0x00000188   Number         0  startup_stm32f40_41xxx.o ABSOLUTE
    __Vectors                                0x08000000   Data           4  startup_stm32f40_41xxx.o(RESET)
    __Vectors_End                            0x08000188   Data           0  startup_stm32f40_41xxx.o(RESET)
    __main                                   0x08000189   Thumb Code     8  __main.o(!!!main)
    __scatterload                            0x08000191   Thumb Code     0  __scatter.o(!!!scatter)
    __scatterload_rt2                        0x08000191   Thumb Code    44  __scatter.o(!!!scatter)
    __scatterload_rt2_thumb_only             0x08000191   Thumb Code     0  __scatter.o(!!!scatter)
    __scatterload_null                       0x0800019f   Thumb Code     0  __scatter.o(!!!scatter)
    __decompress                             0x080001c5   Thumb Code    90  __dczerorl2.o(!!dczerorl2)
    __decompress1                            0x080001c5   Thumb Code     0  __dczerorl2.o(!!dczerorl2)
    __scatterload_zeroinit                   0x08000221   Thumb Code    28  __scatter_zi.o(!!handler_zi)
    __rt_lib_init                            0x0800023d   Thumb Code     0  libinit.o(.ARM.Collect$$libinit$$00000000)
    __rt_lib_init_fp_1                       0x0800023f   Thumb Code     0  libinit2.o(.ARM.Collect$$libinit$$00000001)
    __rt_lib_init_alloca_1                   0x08000243   Thumb Code     0  libinit2.o(.ARM.Collect$$libinit$$0000002E)
    __rt_lib_init_argv_1                     0x08000243   Thumb Code     0  libinit2.o(.ARM.Collect$$libinit$$0000002C)
    __rt_lib_init_atexit_1                   0x08000243   Thumb Code     0  libinit2.o(.ARM.Collect$$libinit$$0000001B)
    __rt_lib_init_clock_1                    0x08000243   Thumb Code     0  libinit2.o(.ARM.Collect$$libinit$$00000021)
    __rt_lib_init_cpp_1                      0x08000243   Thumb Code     0  libinit2.o(.ARM.Collect$$libinit$$00000032)
    __rt_lib_init_exceptions_1               0x08000243   Thumb Code     0  libinit2.o(.ARM.Collect$$libinit$$00000030)
    __rt_lib_init_fp_trap_1                  0x08000243   Thumb Code     0  libinit2.o(.ARM.Collect$$libinit$$0000001F)
    __rt_lib_init_getenv_1                   0x08000243   Thumb Code     0  libinit2.o(.ARM.Collect$$libinit$$00000023)
    __rt_lib_init_heap_1                     0x08000243   Thumb Code     0  libinit2.o(.ARM.Collect$$libinit$$0000000A)
    __rt_lib_init_lc_collate_1               0x08000243   Thumb Code     0  libinit2.o(.ARM.Collect$$libinit$$00000011)
    __rt_lib_init_lc_ctype_1                 0x08000243   Thumb Code     0  libinit2.o(.ARM.Collect$$libinit$$00000013)
    __rt_lib_init_lc_monetary_1              0x08000243   Thumb Code     0  libinit2.o(.ARM.Collect$$libinit$$00000015)
    __rt_lib_init_lc_numeric_1               0x08000243   Thumb Code     0  libinit2.o(.ARM.Collect$$libinit$$00000017)
    __rt_lib_init_lc_time_1                  0x08000243   Thumb Code     0  libinit2.o(.ARM.Collect$$libinit$$00000019)
    __rt_lib_init_preinit_1                  0x08000243   Thumb Code     0  libinit2.o(.ARM.Collect$$libinit$$00000004)
    __rt_lib_init_rand_1                     0x08000243   Thumb Code     0  libinit2.o(.ARM.Collect$$libinit$$0000000E)
    __rt_lib_init_return                     0x08000243   Thumb Code     0  libinit2.o(.ARM.Collect$$libinit$$00000033)
    __rt_lib_init_signal_1                   0x08000243   Thumb Code     0  libinit2.o(.ARM.Collect$$libinit$$0000001D)
    __rt_lib_init_stdio_1                    0x08000243   Thumb Code     0  libinit2.o(.ARM.Collect$$libinit$$00000025)
    __rt_lib_init_user_alloc_1               0x08000243   Thumb Code     0  libinit2.o(.ARM.Collect$$libinit$$0000000C)
    __rt_lib_shutdown                        0x08000245   Thumb Code     0  libshutdown.o(.ARM.Collect$$libshutdown$$00000000)
    __rt_lib_shutdown_cpp_1                  0x08000247   Thumb Code     0  libshutdown2.o(.ARM.Collect$$libshutdown$$00000002)
    __rt_lib_shutdown_fp_trap_1              0x08000247   Thumb Code     0  libshutdown2.o(.ARM.Collect$$libshutdown$$00000007)
    __rt_lib_shutdown_heap_1                 0x08000247   Thumb Code     0  libshutdown2.o(.ARM.Collect$$libshutdown$$0000000F)
    __rt_lib_shutdown_return                 0x08000247   Thumb Code     0  libshutdown2.o(.ARM.Collect$$libshutdown$$00000010)
    __rt_lib_shutdown_signal_1               0x08000247   Thumb Code     0  libshutdown2.o(.ARM.Collect$$libshutdown$$0000000A)
    __rt_lib_shutdown_stdio_1                0x08000247   Thumb Code     0  libshutdown2.o(.ARM.Collect$$libshutdown$$00000004)
    __rt_lib_shutdown_user_alloc_1           0x08000247   Thumb Code     0  libshutdown2.o(.ARM.Collect$$libshutdown$$0000000C)
    __rt_entry                               0x08000249   Thumb Code     0  __rtentry.o(.ARM.Collect$$rtentry$$00000000)
    __rt_entry_presh_1                       0x08000249   Thumb Code     0  __rtentry2.o(.ARM.Collect$$rtentry$$00000002)
    __rt_entry_sh                            0x08000249   Thumb Code     0  __rtentry4.o(.ARM.Collect$$rtentry$$00000004)
    __rt_entry_li                            0x0800024f   Thumb Code     0  __rtentry2.o(.ARM.Collect$$rtentry$$0000000A)
    __rt_entry_postsh_1                      0x0800024f   Thumb Code     0  __rtentry2.o(.ARM.Collect$$rtentry$$00000009)
    __rt_entry_main                          0x08000253   Thumb Code     0  __rtentry2.o(.ARM.Collect$$rtentry$$0000000D)
    __rt_entry_postli_1                      0x08000253   Thumb Code     0  __rtentry2.o(.ARM.Collect$$rtentry$$0000000C)
    __rt_exit                                0x0800025b   Thumb Code     0  rtexit.o(.ARM.Collect$$rtexit$$00000000)
    __rt_exit_ls                             0x0800025d   Thumb Code     0  rtexit2.o(.ARM.Collect$$rtexit$$00000003)
    __rt_exit_prels_1                        0x0800025d   Thumb Code     0  rtexit2.o(.ARM.Collect$$rtexit$$00000002)
    __rt_exit_exit                           0x08000261   Thumb Code     0  rtexit2.o(.ARM.Collect$$rtexit$$00000004)
    SVC_Handler                              0x08000269   Thumb Code    28  port.o(.emb_text)
    __asm___6_port_c_39a90d8d__prvStartFirstTask 0x08000289   Thumb Code    36  port.o(.emb_text)
    __asm___6_port_c_39a90d8d__prvEnableVFP  0x080002b1   Thumb Code    16  port.o(.emb_text)
    PendSV_Handler                           0x080002c5   Thumb Code    88  port.o(.emb_text)
    vPortGetIPSR                             0x08000321   Thumb Code     6  port.o(.emb_text)
    Reset_Handler                            0x08000329   Thumb Code     8  startup_stm32f40_41xxx.o(.text)
    ADC_IRQHandler                           0x08000343   Thumb Code     0  startup_stm32f40_41xxx.o(.text)
    CAN1_RX0_IRQHandler                      0x08000343   Thumb Code     0  startup_stm32f40_41xxx.o(.text)
    CAN1_RX1_IRQHandler                      0x08000343   Thumb Code     0  startup_stm32f40_41xxx.o(.text)
    CAN1_SCE_IRQHandler                      0x08000343   Thumb Code     0  startup_stm32f40_41xxx.o(.text)
    CAN1_TX_IRQHandler                       0x08000343   Thumb Code     0  startup_stm32f40_41xxx.o(.text)
    CAN2_RX0_IRQHandler                      0x08000343   Thumb Code     0  startup_stm32f40_41xxx.o(.text)
    CAN2_RX1_IRQHandler                      0x08000343   Thumb Code     0  startup_stm32f40_41xxx.o(.text)
    CAN2_SCE_IRQHandler                      0x08000343   Thumb Code     0  startup_stm32f40_41xxx.o(.text)
    CAN2_TX_IRQHandler                       0x08000343   Thumb Code     0  startup_stm32f40_41xxx.o(.text)
    CRYP_IRQHandler                          0x08000343   Thumb Code     0  startup_stm32f40_41xxx.o(.text)
    DCMI_IRQHandler                          0x08000343   Thumb Code     0  startup_stm32f40_41xxx.o(.text)
    DMA1_Stream0_IRQHandler                  0x08000343   Thumb Code     0  startup_stm32f40_41xxx.o(.text)
    DMA1_Stream1_IRQHandler                  0x08000343   Thumb Code     0  startup_stm32f40_41xxx.o(.text)
    DMA1_Stream2_IRQHandler                  0x08000343   Thumb Code     0  startup_stm32f40_41xxx.o(.text)
    DMA1_Stream3_IRQHandler                  0x08000343   Thumb Code     0  startup_stm32f40_41xxx.o(.text)
    DMA1_Stream4_IRQHandler                  0x08000343   Thumb Code     0  startup_stm32f40_41xxx.o(.text)
    DMA1_Stream5_IRQHandler                  0x08000343   Thumb Code     0  startup_stm32f40_41xxx.o(.text)
    DMA1_Stream6_IRQHandler                  0x08000343   Thumb Code     0  startup_stm32f40_41xxx.o(.text)
    DMA1_Stream7_IRQHandler                  0x08000343   Thumb Code     0  startup_stm32f40_41xxx.o(.text)
    DMA2_Stream0_IRQHandler                  0x08000343   Thumb Code     0  startup_stm32f40_41xxx.o(.text)
    DMA2_Stream1_IRQHandler                  0x08000343   Thumb Code     0  startup_stm32f40_41xxx.o(.text)
    DMA2_Stream2_IRQHandler                  0x08000343   Thumb Code     0  startup_stm32f40_41xxx.o(.text)
    DMA2_Stream3_IRQHandler                  0x08000343   Thumb Code     0  startup_stm32f40_41xxx.o(.text)
    DMA2_Stream4_IRQHandler                  0x08000343   Thumb Code     0  startup_stm32f40_41xxx.o(.text)
    DMA2_Stream5_IRQHandler                  0x08000343   Thumb Code     0  startup_stm32f40_41xxx.o(.text)
    DMA2_Stream6_IRQHandler                  0x08000343   Thumb Code     0  startup_stm32f40_41xxx.o(.text)
    DMA2_Stream7_IRQHandler                  0x08000343   Thumb Code     0  startup_stm32f40_41xxx.o(.text)
    ETH_IRQHandler                           0x08000343   Thumb Code     0  startup_stm32f40_41xxx.o(.text)
    ETH_WKUP_IRQHandler                      0x08000343   Thumb Code     0  startup_stm32f40_41xxx.o(.text)
    EXTI0_IRQHandler                         0x08000343   Thumb Code     0  startup_stm32f40_41xxx.o(.text)
    EXTI15_10_IRQHandler                     0x08000343   Thumb Code     0  startup_stm32f40_41xxx.o(.text)
    EXTI1_IRQHandler                         0x08000343   Thumb Code     0  startup_stm32f40_41xxx.o(.text)
    EXTI2_IRQHandler                         0x08000343   Thumb Code     0  startup_stm32f40_41xxx.o(.text)
    EXTI3_IRQHandler                         0x08000343   Thumb Code     0  startup_stm32f40_41xxx.o(.text)
    EXTI4_IRQHandler                         0x08000343   Thumb Code     0  startup_stm32f40_41xxx.o(.text)
    EXTI9_5_IRQHandler                       0x08000343   Thumb Code     0  startup_stm32f40_41xxx.o(.text)
    FLASH_IRQHandler                         0x08000343   Thumb Code     0  startup_stm32f40_41xxx.o(.text)
    FPU_IRQHandler                           0x08000343   Thumb Code     0  startup_stm32f40_41xxx.o(.text)
    FSMC_IRQHandler                          0x08000343   Thumb Code     0  startup_stm32f40_41xxx.o(.text)
    HASH_RNG_IRQHandler                      0x08000343   Thumb Code     0  startup_stm32f40_41xxx.o(.text)
    I2C1_ER_IRQHandler                       0x08000343   Thumb Code     0  startup_stm32f40_41xxx.o(.text)
    I2C1_EV_IRQHandler                       0x08000343   Thumb Code     0  startup_stm32f40_41xxx.o(.text)
    I2C2_ER_IRQHandler                       0x08000343   Thumb Code     0  startup_stm32f40_41xxx.o(.text)
    I2C2_EV_IRQHandler                       0x08000343   Thumb Code     0  startup_stm32f40_41xxx.o(.text)
    I2C3_ER_IRQHandler                       0x08000343   Thumb Code     0  startup_stm32f40_41xxx.o(.text)
    I2C3_EV_IRQHandler                       0x08000343   Thumb Code     0  startup_stm32f40_41xxx.o(.text)
    OTG_FS_IRQHandler                        0x08000343   Thumb Code     0  startup_stm32f40_41xxx.o(.text)
    OTG_FS_WKUP_IRQHandler                   0x08000343   Thumb Code     0  startup_stm32f40_41xxx.o(.text)
    OTG_HS_EP1_IN_IRQHandler                 0x08000343   Thumb Code     0  startup_stm32f40_41xxx.o(.text)
    OTG_HS_EP1_OUT_IRQHandler                0x08000343   Thumb Code     0  startup_stm32f40_41xxx.o(.text)
    OTG_HS_IRQHandler                        0x08000343   Thumb Code     0  startup_stm32f40_41xxx.o(.text)
    OTG_HS_WKUP_IRQHandler                   0x08000343   Thumb Code     0  startup_stm32f40_41xxx.o(.text)
    PVD_IRQHandler                           0x08000343   Thumb Code     0  startup_stm32f40_41xxx.o(.text)
    RCC_IRQHandler                           0x08000343   Thumb Code     0  startup_stm32f40_41xxx.o(.text)
    RTC_Alarm_IRQHandler                     0x08000343   Thumb Code     0  startup_stm32f40_41xxx.o(.text)
    RTC_WKUP_IRQHandler                      0x08000343   Thumb Code     0  startup_stm32f40_41xxx.o(.text)
    SDIO_IRQHandler                          0x08000343   Thumb Code     0  startup_stm32f40_41xxx.o(.text)
    SPI1_IRQHandler                          0x08000343   Thumb Code     0  startup_stm32f40_41xxx.o(.text)
    SPI2_IRQHandler                          0x08000343   Thumb Code     0  startup_stm32f40_41xxx.o(.text)
    SPI3_IRQHandler                          0x08000343   Thumb Code     0  startup_stm32f40_41xxx.o(.text)
    TAMP_STAMP_IRQHandler                    0x08000343   Thumb Code     0  startup_stm32f40_41xxx.o(.text)
    TIM1_BRK_TIM9_IRQHandler                 0x08000343   Thumb Code     0  startup_stm32f40_41xxx.o(.text)
    TIM1_TRG_COM_TIM11_IRQHandler            0x08000343   Thumb Code     0  startup_stm32f40_41xxx.o(.text)
    TIM1_UP_TIM10_IRQHandler                 0x08000343   Thumb Code     0  startup_stm32f40_41xxx.o(.text)
    TIM2_IRQHandler                          0x08000343   Thumb Code     0  startup_stm32f40_41xxx.o(.text)
    TIM3_IRQHandler                          0x08000343   Thumb Code     0  startup_stm32f40_41xxx.o(.text)
    TIM4_IRQHandler                          0x08000343   Thumb Code     0  startup_stm32f40_41xxx.o(.text)
    TIM5_IRQHandler                          0x08000343   Thumb Code     0  startup_stm32f40_41xxx.o(.text)
    TIM6_DAC_IRQHandler                      0x08000343   Thumb Code     0  startup_stm32f40_41xxx.o(.text)
    TIM7_IRQHandler                          0x08000343   Thumb Code     0  startup_stm32f40_41xxx.o(.text)
    TIM8_BRK_TIM12_IRQHandler                0x08000343   Thumb Code     0  startup_stm32f40_41xxx.o(.text)
    TIM8_CC_IRQHandler                       0x08000343   Thumb Code     0  startup_stm32f40_41xxx.o(.text)
    TIM8_TRG_COM_TIM14_IRQHandler            0x08000343   Thumb Code     0  startup_stm32f40_41xxx.o(.text)
    TIM8_UP_TIM13_IRQHandler                 0x08000343   Thumb Code     0  startup_stm32f40_41xxx.o(.text)
    UART4_IRQHandler                         0x08000343   Thumb Code     0  startup_stm32f40_41xxx.o(.text)
    USART2_IRQHandler                        0x08000343   Thumb Code     0  startup_stm32f40_41xxx.o(.text)
    USART6_IRQHandler                        0x08000343   Thumb Code     0  startup_stm32f40_41xxx.o(.text)
    WWDG_IRQHandler                          0x08000343   Thumb Code     0  startup_stm32f40_41xxx.o(.text)
    __user_initial_stackheap                 0x08000345   Thumb Code     0  startup_stm32f40_41xxx.o(.text)
    __use_no_semihosting                     0x08000369   Thumb Code     2  use_no_semi_2.o(.text)
    __aeabi_memcpy                           0x0800036b   Thumb Code     0  rt_memcpy_v6.o(.text)
    __rt_memcpy                              0x0800036b   Thumb Code   138  rt_memcpy_v6.o(.text)
    _memcpy_lastbytes                        0x080003d1   Thumb Code     0  rt_memcpy_v6.o(.text)
    __aeabi_memset                           0x080003f5   Thumb Code    16  aeabi_memset.o(.text)
    __aeabi_memclr4                          0x08000405   Thumb Code     0  rt_memclr_w.o(.text)
    __aeabi_memclr8                          0x08000405   Thumb Code     0  rt_memclr_w.o(.text)
    __rt_memclr_w                            0x08000405   Thumb Code    78  rt_memclr_w.o(.text)
    _memset_w                                0x08000409   Thumb Code     0  rt_memclr_w.o(.text)
    __use_two_region_memory                  0x08000453   Thumb Code     2  heapauxi.o(.text)
    __rt_heap_escrow$2region                 0x08000455   Thumb Code     2  heapauxi.o(.text)
    __rt_heap_expand$2region                 0x08000457   Thumb Code     2  heapauxi.o(.text)
    __I$use$semihosting                      0x08000459   Thumb Code     0  use_no_semi.o(.text)
    __use_no_semihosting_swi                 0x08000459   Thumb Code     2  use_no_semi.o(.text)
    __aeabi_memcpy4                          0x0800045b   Thumb Code     0  rt_memcpy_w.o(.text)
    __aeabi_memcpy8                          0x0800045b   Thumb Code     0  rt_memcpy_w.o(.text)
    __rt_memcpy_w                            0x0800045b   Thumb Code   100  rt_memcpy_w.o(.text)
    _memcpy_lastbytes_aligned                0x080004a3   Thumb Code     0  rt_memcpy_w.o(.text)
    __aeabi_memclr                           0x080004bf   Thumb Code     0  rt_memclr.o(.text)
    __rt_memclr                              0x080004bf   Thumb Code    68  rt_memclr.o(.text)
    _memset                                  0x080004c3   Thumb Code     0  rt_memclr.o(.text)
    __user_setup_stackheap                   0x08000503   Thumb Code    74  sys_stackheap_outer.o(.text)
    exit                                     0x0800054d   Thumb Code    18  exit.o(.text)
    __user_libspace                          0x08000561   Thumb Code     8  libspace.o(.text)
    __user_perproc_libspace                  0x08000561   Thumb Code     0  libspace.o(.text)
    __user_perthread_libspace                0x08000561   Thumb Code     0  libspace.o(.text)
    ATT_Ctrl                                 0x08000569   Thumb Code   558  att_ctrl.o(i.ATT_Ctrl)
    ATT_VAL_Init                             0x080007d9   Thumb Code   238  att_ctrl.o(i.ATT_VAL_Init)
    BusFault_Handler                         0x080008e5   Thumb Code     4  stm32f4xx_it.o(i.BusFault_Handler)
    DRV_AT24_Read_Str                        0x080008e9   Thumb Code    64  at24c02.o(i.DRV_AT24_Read_Str)
    DRV_AT24_Write_Byte                      0x08000929   Thumb Code    34  at24c02.o(i.DRV_AT24_Write_Byte)
    DRV_AT24_Write_Str                       0x0800094b   Thumb Code    42  at24c02.o(i.DRV_AT24_Write_Str)
    DRV_IIC_Ack                              0x08000975   Thumb Code    54  iic.o(i.DRV_IIC_Ack)
    DRV_IIC_Init                             0x080009b1   Thumb Code    68  iic.o(i.DRV_IIC_Init)
    DRV_IIC_NAck                             0x080009f9   Thumb Code    54  iic.o(i.DRV_IIC_NAck)
    DRV_IIC_Read_Byte                        0x08000a35   Thumb Code    86  iic.o(i.DRV_IIC_Read_Byte)
    DRV_IIC_Send_Byte                        0x08000a91   Thumb Code   102  iic.o(i.DRV_IIC_Send_Byte)
    DRV_IIC_Start                            0x08000afd   Thumb Code    56  iic.o(i.DRV_IIC_Start)
    DRV_IIC_Stop                             0x08000b39   Thumb Code    56  iic.o(i.DRV_IIC_Stop)
    DRV_IIC_Wait_Ack                         0x08000b75   Thumb Code    82  iic.o(i.DRV_IIC_Wait_Ack)
    DRV_Icm20602_Init                        0x08000bcd   Thumb Code   260  icm20602.o(i.DRV_Icm20602_Init)
    DRV_Icm20602_Read                        0x08000cd5   Thumb Code    16  icm20602.o(i.DRV_Icm20602_Read)
    DRV_LED_Init                             0x08000ce5   Thumb Code    50  led.o(i.DRV_LED_Init)
    DRV_LED_LIGHTING                         0x08000d1d   Thumb Code    30  led.o(i.DRV_LED_LIGHTING)
    DRV_PWM_Init                             0x08000d41   Thumb Code   374  pwm.o(i.DRV_PWM_Init)
    DRV_PWM_Output                           0x08000ec5   Thumb Code   350  pwm.o(i.DRV_PWM_Output)
    DRV_SDA_IN                               0x08001031   Thumb Code    42  iic.o(i.DRV_SDA_IN)
    DRV_SDA_OUT                              0x08001061   Thumb Code    42  iic.o(i.DRV_SDA_OUT)
    DRV_SPI_Init                             0x08001091   Thumb Code   226  spi.o(i.DRV_SPI_Init)
    DRV_SPI_Read_Write_Byte                  0x0800117d   Thumb Code    92  spi.o(i.DRV_SPI_Read_Write_Byte)
    DRV_SPI_Receive                          0x080011dd   Thumb Code    30  spi.o(i.DRV_SPI_Receive)
    DRV_UART5_Init                           0x080011fd   Thumb Code   214  uart.o(i.DRV_UART5_Init)
    DRV_USART1_Init                          0x080012e1   Thumb Code   232  uart.o(i.DRV_USART1_Init)
    DRV_USART1_Send                          0x080013d1   Thumb Code    60  uart.o(i.DRV_USART1_Send)
    DT_MSG_Frame_Send                        0x08001419   Thumb Code  1496  msg_interchange.o(i.DT_MSG_Frame_Send)
    DT_MSG_Init                              0x080019f5   Thumb Code    38  msg_interchange.o(i.DT_MSG_Init)
    DebugMon_Handler                         0x08001a21   Thumb Code     2  stm32f4xx_it.o(i.DebugMon_Handler)
    Flight_Ctrl_Task                         0x08001a25   Thumb Code   164  flight_ctrl.o(i.Flight_Ctrl_Task)
    Flight_Data_Share                        0x08001ad5   Thumb Code    58  flight_ctrl.o(i.Flight_Data_Share)
    GPIO_Init                                0x08001b1d   Thumb Code   144  stm32f4xx_gpio.o(i.GPIO_Init)
    GPIO_PinAFConfig                         0x08001bad   Thumb Code    70  stm32f4xx_gpio.o(i.GPIO_PinAFConfig)
    GPIO_ReadInputDataBit                    0x08001bf3   Thumb Code    18  stm32f4xx_gpio.o(i.GPIO_ReadInputDataBit)
    GPIO_ResetBits                           0x08001c05   Thumb Code     4  stm32f4xx_gpio.o(i.GPIO_ResetBits)
    GPIO_SetBits                             0x08001c09   Thumb Code     4  stm32f4xx_gpio.o(i.GPIO_SetBits)
    GPIO_StructInit                          0x08001c0d   Thumb Code    18  stm32f4xx_gpio.o(i.GPIO_StructInit)
    HardFault_Handler                        0x08001c1f   Thumb Code     4  stm32f4xx_it.o(i.HardFault_Handler)
    IMU_Calcu                                0x08001c25   Thumb Code  1174  imu.o(i.IMU_Calcu)
    IMU_Data_Share                           0x080020c1   Thumb Code    58  imu.o(i.IMU_Data_Share)
    IMU_Data_Update                          0x08002109   Thumb Code   834  imu.o(i.IMU_Data_Update)
    IMU_Init                                 0x0800247d   Thumb Code    20  imu.o(i.IMU_Init)
    IMU_RPY_Calcu                            0x08002491   Thumb Code   310  imu.o(i.IMU_RPY_Calcu)
    IMU_Reset                                0x080025ed   Thumb Code   108  imu.o(i.IMU_Reset)
    MPU_GYRO_Calibration                     0x08002661   Thumb Code   212  imu.o(i.MPU_GYRO_Calibration)
    MSG_Check_ADD                            0x08002741   Thumb Code    48  msg_interchange.o(i.MSG_Check_ADD)
    MSG_Ctrl_Task                            0x08002771   Thumb Code   194  msg_interchange.o(i.MSG_Ctrl_Task)
    MSG_RECV_Analysis                        0x0800283d   Thumb Code   148  msg_interchange.o(i.MSG_RECV_Analysis)
    MSG_RECV_ByteGet                         0x080028d9   Thumb Code   236  msg_interchange.o(i.MSG_RECV_ByteGet)
    Manual_Task                              0x080029d1   Thumb Code    58  flight_ctrl.o(i.Manual_Task)
    MemManage_Handler                        0x08002a15   Thumb Code     4  stm32f4xx_it.o(i.MemManage_Handler)
    NMI_Handler                              0x08002a19   Thumb Code     2  stm32f4xx_it.o(i.NMI_Handler)
    NVIC_Init                                0x08002a1d   Thumb Code   106  misc.o(i.NVIC_Init)
    NVIC_PriorityGroupConfig                 0x08002a95   Thumb Code    10  misc.o(i.NVIC_PriorityGroupConfig)
    PAR_Change                               0x08002aa9   Thumb Code   148  par_manage.o(i.PAR_Change)
    PAR_Load                                 0x08002b51   Thumb Code    56  par_manage.o(i.PAR_Load)
    PAR_Store                                0x08002b91   Thumb Code    50  par_manage.o(i.PAR_Store)
    PAR_Store_Task                           0x08002bcd   Thumb Code    70  par_manage.o(i.PAR_Store_Task)
    RCC_AHB1PeriphClockCmd                   0x08002c21   Thumb Code    26  stm32f4xx_rcc.o(i.RCC_AHB1PeriphClockCmd)
    RCC_APB1PeriphClockCmd                   0x08002c41   Thumb Code    26  stm32f4xx_rcc.o(i.RCC_APB1PeriphClockCmd)
    RCC_APB1PeriphResetCmd                   0x08002c61   Thumb Code    26  stm32f4xx_rcc.o(i.RCC_APB1PeriphResetCmd)
    RCC_APB2PeriphClockCmd                   0x08002c81   Thumb Code    26  stm32f4xx_rcc.o(i.RCC_APB2PeriphClockCmd)
    RCC_APB2PeriphResetCmd                   0x08002ca1   Thumb Code    26  stm32f4xx_rcc.o(i.RCC_APB2PeriphResetCmd)
    RCC_GetClocksFreq                        0x08002cc1   Thumb Code   214  stm32f4xx_rcc.o(i.RCC_GetClocksFreq)
    RC_Data_Share                            0x08002da9   Thumb Code    58  remote_signal.o(i.RC_Data_Share)
    RC_Init                                  0x08002df1   Thumb Code    10  remote_signal.o(i.RC_Init)
    RC_Offline_Check                         0x08002e01   Thumb Code    16  remote_signal.o(i.RC_Offline_Check)
    RC_PPM_Calcu                             0x08002e11   Thumb Code    76  remote_signal.o(i.RC_PPM_Calcu)
    RC_PPM_Watch_Dog_Feed                    0x08002e65   Thumb Code    10  remote_signal.o(i.RC_PPM_Watch_Dog_Feed)
    RC_SBUS_Analysis                         0x08002e75   Thumb Code   174  remote_signal.o(i.RC_SBUS_Analysis)
    RC_SBUS_ByteGet                          0x08002f35   Thumb Code   506  remote_signal.o(i.RC_SBUS_ByteGet)
    RC_SBUS_Data_Limited                     0x08003145   Thumb Code    52  remote_signal.o(i.RC_SBUS_Data_Limited)
    RC_SBUS_Offline_Check                    0x0800317d   Thumb Code    32  remote_signal.o(i.RC_SBUS_Offline_Check)
    RC_SBUS_Offline_Reset                    0x080031a5   Thumb Code     8  remote_signal.o(i.RC_SBUS_Offline_Reset)
    Rotation_Ctrl2                           0x080031b1   Thumb Code  5244  att_ctrl.o(i.Rotation_Ctrl2)
    SPI_Cmd                                  0x08004675   Thumb Code    24  stm32f4xx_spi.o(i.SPI_Cmd)
    SPI_I2S_DeInit                           0x0800468d   Thumb Code   152  stm32f4xx_spi.o(i.SPI_I2S_DeInit)
    SPI_I2S_GetFlagStatus                    0x0800473d   Thumb Code    18  stm32f4xx_spi.o(i.SPI_I2S_GetFlagStatus)
    SPI_I2S_ReceiveData                      0x0800474f   Thumb Code     6  stm32f4xx_spi.o(i.SPI_I2S_ReceiveData)
    SPI_I2S_SendData                         0x08004755   Thumb Code     4  stm32f4xx_spi.o(i.SPI_I2S_SendData)
    SPI_Init                                 0x08004759   Thumb Code    60  stm32f4xx_spi.o(i.SPI_Init)
    Sport_Task                               0x08004881   Thumb Code   232  flight_ctrl.o(i.Sport_Task)
    Stabilize_Task                           0x08004989   Thumb Code   200  flight_ctrl.o(i.Stabilize_Task)
    SysTick_CLKSourceConfig                  0x08004a6d   Thumb Code    40  misc.o(i.SysTick_CLKSourceConfig)
    SysTick_Handler                          0x08004a95   Thumb Code    24  delay.o(i.SysTick_Handler)
    SystemInit                               0x08004ab5   Thumb Code    88  system_stm32f4xx.o(i.SystemInit)
    TG_MSG_Frame_Send                        0x08004b1d   Thumb Code   930  msg_interchange.o(i.TG_MSG_Frame_Send)
    TIM1_CC_IRQHandler                       0x08004ed1   Thumb Code    58  remote_signal.o(i.TIM1_CC_IRQHandler)
    TIM_ARRPreloadConfig                     0x08004f15   Thumb Code    24  stm32f4xx_tim.o(i.TIM_ARRPreloadConfig)
    TIM_ClearITPendingBit                    0x08004f2d   Thumb Code     6  stm32f4xx_tim.o(i.TIM_ClearITPendingBit)
    TIM_Cmd                                  0x08004f33   Thumb Code    24  stm32f4xx_tim.o(i.TIM_Cmd)
    TIM_GetCapture1                          0x08004f4b   Thumb Code     6  stm32f4xx_tim.o(i.TIM_GetCapture1)
    TIM_OC1Init                              0x08004f51   Thumb Code   114  stm32f4xx_tim.o(i.TIM_OC1Init)
    TIM_OC1PreloadConfig                     0x08004fcd   Thumb Code    18  stm32f4xx_tim.o(i.TIM_OC1PreloadConfig)
    TIM_OC2Init                              0x08004fe1   Thumb Code   154  stm32f4xx_tim.o(i.TIM_OC2Init)
    TIM_OC2PreloadConfig                     0x08005085   Thumb Code    26  stm32f4xx_tim.o(i.TIM_OC2PreloadConfig)
    TIM_OC3Init                              0x080050a1   Thumb Code   150  stm32f4xx_tim.o(i.TIM_OC3Init)
    TIM_OC3PreloadConfig                     0x08005141   Thumb Code    18  stm32f4xx_tim.o(i.TIM_OC3PreloadConfig)
    TIM_OC4Init                              0x08005155   Thumb Code   112  stm32f4xx_tim.o(i.TIM_OC4Init)
    TIM_OC4PreloadConfig                     0x080051cd   Thumb Code    26  stm32f4xx_tim.o(i.TIM_OC4PreloadConfig)
    TIM_OCStructInit                         0x080051e7   Thumb Code    20  stm32f4xx_tim.o(i.TIM_OCStructInit)
    TIM_SetCompare1                          0x080051fb   Thumb Code     4  stm32f4xx_tim.o(i.TIM_SetCompare1)
    TIM_SetCompare2                          0x080051ff   Thumb Code     4  stm32f4xx_tim.o(i.TIM_SetCompare2)
    TIM_SetCompare3                          0x08005203   Thumb Code     4  stm32f4xx_tim.o(i.TIM_SetCompare3)
    TIM_SetCompare4                          0x08005207   Thumb Code     4  stm32f4xx_tim.o(i.TIM_SetCompare4)
    TIM_TimeBaseInit                         0x0800520d   Thumb Code   104  stm32f4xx_tim.o(i.TIM_TimeBaseInit)
    TIM_TimeBaseStructInit                   0x08005291   Thumb Code    18  stm32f4xx_tim.o(i.TIM_TimeBaseStructInit)
    UART5_IRQHandler                         0x080052a5   Thumb Code    40  uart.o(i.UART5_IRQHandler)
    USART1_IRQHandler                        0x080052d1   Thumb Code    96  uart.o(i.USART1_IRQHandler)
    USART3_IRQHandler                        0x08005341   Thumb Code    96  uart.o(i.USART3_IRQHandler)
    USART_ClearITPendingBit                  0x080053b1   Thumb Code    30  stm32f4xx_usart.o(i.USART_ClearITPendingBit)
    USART_ClockInit                          0x080053cf   Thumb Code    32  stm32f4xx_usart.o(i.USART_ClockInit)
    USART_Cmd                                0x080053ef   Thumb Code    24  stm32f4xx_usart.o(i.USART_Cmd)
    USART_GetITStatus                        0x08005407   Thumb Code    84  stm32f4xx_usart.o(i.USART_GetITStatus)
    USART_ITConfig                           0x0800545b   Thumb Code    74  stm32f4xx_usart.o(i.USART_ITConfig)
    USART_Init                               0x080054a5   Thumb Code   204  stm32f4xx_usart.o(i.USART_Init)
    USART_ReceiveData                        0x08005579   Thumb Code    10  stm32f4xx_usart.o(i.USART_ReceiveData)
    UsageFault_Handler                       0x08005583   Thumb Code     4  stm32f4xx_it.o(i.UsageFault_Handler)
    _sys_exit                                0x08005587   Thumb Code     4  uart.o(i._sys_exit)
    app_task_reate                           0x0800558d   Thumb Code    68  task_manage.o(i.app_task_reate)
    delay_ms                                 0x08005601   Thumb Code    18  delay.o(i.delay_ms)
    delay_us                                 0x08005619   Thumb Code    24  delay.o(i.delay_us)
    fast_atan2                               0x08005631   Thumb Code   350  kaiju_math.o(i.fast_atan2)
    getsystime_us                            0x080057ad   Thumb Code    58  delay.o(i.getsystime_us)
    main                                     0x08005859   Thumb Code   100  main.o(i.main)
    mx_sin                                   0x080058c1   Thumb Code   292  kaiju_math.o(i.mx_sin)
    my_abs                                   0x08005a15   Thumb Code    26  kaiju_math.o(i.my_abs)
    my_cos                                   0x08005a31   Thumb Code   136  kaiju_math.o(i.my_cos)
    my_deadzone                              0x08005ac9   Thumb Code    54  kaiju_math.o(i.my_deadzone)
    my_sin                                   0x08005b01   Thumb Code   108  kaiju_math.o(i.my_sin)
    my_sqrt                                  0x08005b75   Thumb Code    20  kaiju_math.o(i.my_sqrt)
    my_sqrt_reciprocal                       0x08005b89   Thumb Code    76  kaiju_math.o(i.my_sqrt_reciprocal)
    pid_calcu                                0x08005bd9   Thumb Code   266  kaiju_math.o(i.pid_calcu)
    pvPortMalloc                             0x0800679d   Thumb Code   338  heap_4.o(i.pvPortMalloc)
    pxPortInitialiseStack                    0x08006909   Thumb Code    38  port.o(i.pxPortInitialiseStack)
    systick_it_init                          0x08006935   Thumb Code   120  delay.o(i.systick_it_init)
    task_1ms                                 0x080069c5   Thumb Code    52  task_manage.o(i.task_1ms)
    task_200ms                               0x080069fd   Thumb Code    28  task_manage.o(i.task_200ms)
    task_20ms                                0x08006a19   Thumb Code    40  task_manage.o(i.task_20ms)
    uxListRemove                             0x08006a41   Thumb Code    40  list.o(i.uxListRemove)
    vListInitialise                          0x08006a69   Thumb Code    26  list.o(i.vListInitialise)
    vListInitialiseItem                      0x08006a83   Thumb Code     6  list.o(i.vListInitialiseItem)
    vListInsert                              0x08006a89   Thumb Code    52  list.o(i.vListInsert)
    vPortEnterCritical                       0x08006abd   Thumb Code    76  port.o(i.vPortEnterCritical)
    vPortExitCritical                        0x08006b11   Thumb Code    56  port.o(i.vPortExitCritical)
    vPortFree                                0x08006b4d   Thumb Code   150  heap_4.o(i.vPortFree)
    vPortSetupTimerInterrupt                 0x08006bf1   Thumb Code    36  port.o(i.vPortSetupTimerInterrupt)
    vQueueAddToRegistry                      0x08006c19   Thumb Code    90  queue.o(i.vQueueAddToRegistry)
    vQueueWaitForMessageRestricted           0x08006c79   Thumb Code    74  queue.o(i.vQueueWaitForMessageRestricted)
    vTaskDelay                               0x08006cc5   Thumb Code    82  tasks.o(i.vTaskDelay)
    vTaskInternalSetTimeOutState             0x08006d21   Thumb Code    14  tasks.o(i.vTaskInternalSetTimeOutState)
    vTaskMissedYield                         0x08006d39   Thumb Code     8  tasks.o(i.vTaskMissedYield)
    vTaskPlaceOnEventList                    0x08006d45   Thumb Code    52  tasks.o(i.vTaskPlaceOnEventList)
    vTaskPlaceOnEventListRestricted          0x08006d7d   Thumb Code    94  tasks.o(i.vTaskPlaceOnEventListRestricted)
    vTaskStartScheduler                      0x08006de1   Thumb Code   122  tasks.o(i.vTaskStartScheduler)
    vTaskSuspendAll                          0x08006e7d   Thumb Code    12  tasks.o(i.vTaskSuspendAll)
    vTaskSwitchContext                       0x08006e8d   Thumb Code   118  tasks.o(i.vTaskSwitchContext)
    xPortStartScheduler                      0x08006f19   Thumb Code   330  port.o(i.xPortStartScheduler)
    xPortSysTickHandler                      0x08007081   Thumb Code    46  port.o(i.xPortSysTickHandler)
    xQueueGenericCreate                      0x080070b5   Thumb Code   102  queue.o(i.xQueueGenericCreate)
    xQueueGenericReset                       0x0800711d   Thumb Code   214  queue.o(i.xQueueGenericReset)
    xQueueGenericSend                        0x080071f9   Thumb Code   466  queue.o(i.xQueueGenericSend)
    xQueuePeek                               0x080073d1   Thumb Code   362  queue.o(i.xQueuePeek)
    xQueueReceive                            0x08007541   Thumb Code   356  queue.o(i.xQueueReceive)
    xTaskCheckForTimeOut                     0x080076a9   Thumb Code   136  tasks.o(i.xTaskCheckForTimeOut)
    xTaskCreate                              0x08007739   Thumb Code    96  tasks.o(i.xTaskCreate)
    xTaskDelayUntil                          0x08007799   Thumb Code   202  tasks.o(i.xTaskDelayUntil)
    xTaskGetSchedulerState                   0x08007871   Thumb Code    24  tasks.o(i.xTaskGetSchedulerState)
    xTaskGetTickCount                        0x08007891   Thumb Code     6  tasks.o(i.xTaskGetTickCount)
    xTaskIncrementTick                       0x0800789d   Thumb Code   398  tasks.o(i.xTaskIncrementTick)
    xTaskPriorityDisinherit                  0x08007a59   Thumb Code   226  tasks.o(i.xTaskPriorityDisinherit)
    xTaskRemoveFromEventList                 0x08007b49   Thumb Code   264  tasks.o(i.xTaskRemoveFromEventList)
    xTaskResumeAll                           0x08007c69   Thumb Code   338  tasks.o(i.xTaskResumeAll)
    xTimerCreateTimerTask                    0x08007de1   Thumb Code    66  timers.o(i.xTimerCreateTimerTask)
    __aeabi_d2f                              0x08007e39   Thumb Code     0  d2f.o(x$fpl$d2f)
    _d2f                                     0x08007e39   Thumb Code    98  d2f.o(x$fpl$d2f)
    __aeabi_dadd                             0x08007e9d   Thumb Code     0  daddsub_clz.o(x$fpl$dadd)
    _dadd                                    0x08007e9d   Thumb Code   332  daddsub_clz.o(x$fpl$dadd)
    __fpl_dcmp_Inf                           0x08007fed   Thumb Code    24  dcmpi.o(x$fpl$dcmpinf)
    __aeabi_i2d                              0x08008005   Thumb Code     0  dflt_clz.o(x$fpl$dflt)
    _dflt                                    0x08008005   Thumb Code    46  dflt_clz.o(x$fpl$dflt)
    __aeabi_cdcmple                          0x08008035   Thumb Code     0  dleqf.o(x$fpl$dleqf)
    _dcmple                                  0x08008035   Thumb Code   120  dleqf.o(x$fpl$dleqf)
    __fpl_dcmple_InfNaN                      0x08008097   Thumb Code     0  dleqf.o(x$fpl$dleqf)
    __aeabi_dmul                             0x080080ad   Thumb Code     0  dmul.o(x$fpl$dmul)
    _dmul                                    0x080080ad   Thumb Code   332  dmul.o(x$fpl$dmul)
    __fpl_dnaninf                            0x08008201   Thumb Code   156  dnaninf.o(x$fpl$dnaninf)
    __fpl_dretinf                            0x0800829d   Thumb Code    12  dretinf.o(x$fpl$dretinf)
    __aeabi_cdrcmple                         0x080082a9   Thumb Code     0  drleqf.o(x$fpl$drleqf)
    _drcmple                                 0x080082a9   Thumb Code   108  drleqf.o(x$fpl$drleqf)
    __aeabi_drsub                            0x08008315   Thumb Code     0  daddsub_clz.o(x$fpl$drsb)
    _drsb                                    0x08008315   Thumb Code    22  daddsub_clz.o(x$fpl$drsb)
    __aeabi_dsub                             0x0800832d   Thumb Code     0  daddsub_clz.o(x$fpl$dsub)
    _dsub                                    0x0800832d   Thumb Code   464  daddsub_clz.o(x$fpl$dsub)
    __aeabi_f2d                              0x08008501   Thumb Code     0  f2d.o(x$fpl$f2d)
    _f2d                                     0x08008501   Thumb Code    86  f2d.o(x$fpl$f2d)
    __fpl_fnaninf                            0x08008557   Thumb Code   140  fnaninf.o(x$fpl$fnaninf)
    _fp_init                                 0x080085e3   Thumb Code    10  fpinit.o(x$fpl$fpinit)
    __fplib_config_fpu_vfp                   0x080085eb   Thumb Code     0  fpinit.o(x$fpl$fpinit)
    __fplib_config_pureend_doubles           0x080085eb   Thumb Code     0  fpinit.o(x$fpl$fpinit)
    __fpl_fretinf                            0x080085ed   Thumb Code    10  fretinf.o(x$fpl$fretinf)
    __I$use$fp                               0x080085f6   Number         0  usenofp.o(x$fpl$usenofp)
    fast_atan_table                          0x080085f8   Data        1028  kaiju_math.o(.constdata)
    Region$$Table$$Base                      0x080089fc   Number         0  anon$$obj.o(Region$$Table)
    Region$$Table$$Limit                     0x08008a1c   Number         0  anon$$obj.o(Region$$Table)
    SystemCoreClock                          0x20000000   Data           4  system_stm32f4xx.o(.data)
    AHBPrescTable                            0x20000004   Data          16  system_stm32f4xx.o(.data)
    imu_data                                 0x20000044   Data         100  imu.o(.data)
    imu_data_queue                           0x200000a8   Data           4  imu.o(.data)
    rc_data_queue                            0x200000b4   Data           4  remote_signal.o(.data)
    deadline_count                           0x200000b8   Data           2  remote_signal.o(.data)
    rotation_data                            0x200000d0   Data          64  att_ctrl.o(.data)
    rol_arg_L1                               0x20000110   Data          20  att_ctrl.o(.data)
    pit_arg_L1                               0x20000124   Data          20  att_ctrl.o(.data)
    rol_arg_L2                               0x20000138   Data          20  att_ctrl.o(.data)
    pit_arg_L2                               0x2000014c   Data          20  att_ctrl.o(.data)
    fl_data_queue                            0x20000160   Data           4  flight_ctrl.o(.data)
    DT_MSG_ID_ARRAY                          0x20000166   Data           8  msg_interchange.o(.data)
    TG_MSG_ID_ARRAY                          0x2000016e   Data           5  msg_interchange.o(.data)
    __stdout                                 0x20000178   Data           4  uart.o(.data)
    TxCounter1                               0x2000017c   Data           1  uart.o(.data)
    count1                                   0x2000017d   Data           1  uart.o(.data)
    Rx_data                                  0x2000017e   Data           1  uart.o(.data)
    TxCounter2                               0x2000017f   Data           1  uart.o(.data)
    count2                                   0x20000180   Data           1  uart.o(.data)
    ICM_ID                                   0x20000181   Data           1  icm20602.o(.data)
    systime_ms                               0x20000188   Data           4  delay.o(.data)
    RTOS_en                                  0x2000018c   Data           1  delay.o(.data)
    par_info_array                           0x2000018e   Data        1012  par_manage.o(.data)
    fl_par                                   0x20000582   Data          64  par_manage.o(.data)
    is_par_dirty                             0x200005c2   Data           1  par_manage.o(.data)
    is_start_store                           0x200005c3   Data           1  par_manage.o(.data)
    pxCurrentTCB                             0x200005c8   Data           4  tasks.o(.data)
    uxTopUsedPriority                        0x20000600   Data           4  tasks.o(.data)
    z_vec                                    0x20000658   Data          12  imu.o(.bss)
    vec_err_i                                0x20000664   Data          12  imu.o(.bss)
    rc_data                                  0x200006e8   Data          84  remote_signal.o(.bss)
    ch_offline_time                          0x2000073c   Data          16  remote_signal.o(.bss)
    rol_val_L1                               0x20000768   Data          36  att_ctrl.o(.bss)
    pit_val_L1                               0x2000078c   Data          36  att_ctrl.o(.bss)
    rol_val_L2                               0x200007b0   Data          36  att_ctrl.o(.bss)
    pit_val_L2                               0x200007d4   Data          36  att_ctrl.o(.bss)
    fl_data                                  0x200007f8   Data          10  flight_ctrl.o(.bss)
    dt_msg_array                             0x20000802   Data          48  msg_interchange.o(.bss)
    tg_msg_array                             0x20000832   Data          30  msg_interchange.o(.bss)
    msg_recv_buf                             0x20000850   Data          64  msg_interchange.o(.bss)
    TxBuffer1                                0x20000890   Data         256  uart.o(.bss)
    TxBuffer2                                0x20000990   Data         256  uart.o(.bss)
    storaged_par                             0x20000a90   Data          64  par_manage.o(.bss)
    xQueueRegistry                           0x20000ad0   Data          64  queue.o(.bss)
    __libspace_start                         0x2000861c   Data          96  libspace.o(.bss)
    __temporary_stack_top$libspace           0x2000867c   Data           0  libspace.o(.bss)



==============================================================================

Memory Map of the image

  Image Entry point : 0x08000189

  Load Region LR_IROM1 (Base: 0x08000000, Size: 0x00009074, Max: 0x00080000, ABSOLUTE, COMPRESSED[0x00008c4c])

    Execution Region ER_IROM1 (Exec base: 0x08000000, Load base: 0x08000000, Size: 0x00008a1c, Max: 0x00080000, ABSOLUTE)

    Exec Addr    Load Addr    Size         Type   Attr      Idx    E Section Name        Object

    0x08000000   0x08000000   0x00000188   Data   RO         2625    RESET               startup_stm32f40_41xxx.o
    0x08000188   0x08000188   0x00000008   Code   RO         7691  * !!!main             c_w.l(__main.o)
    0x08000190   0x08000190   0x00000034   Code   RO         7902    !!!scatter          c_w.l(__scatter.o)
    0x080001c4   0x080001c4   0x0000005a   Code   RO         7900    !!dczerorl2         c_w.l(__dczerorl2.o)
    0x0800021e   0x0800021e   0x00000002   PAD
    0x08000220   0x08000220   0x0000001c   Code   RO         7904    !!handler_zi        c_w.l(__scatter_zi.o)
    0x0800023c   0x0800023c   0x00000002   Code   RO         7774    .ARM.Collect$$libinit$$00000000  c_w.l(libinit.o)
    0x0800023e   0x0800023e   0x00000004   Code   RO         7780    .ARM.Collect$$libinit$$00000001  c_w.l(libinit2.o)
    0x08000242   0x08000242   0x00000000   Code   RO         7783    .ARM.Collect$$libinit$$00000004  c_w.l(libinit2.o)
    0x08000242   0x08000242   0x00000000   Code   RO         7786    .ARM.Collect$$libinit$$0000000A  c_w.l(libinit2.o)
    0x08000242   0x08000242   0x00000000   Code   RO         7788    .ARM.Collect$$libinit$$0000000C  c_w.l(libinit2.o)
    0x08000242   0x08000242   0x00000000   Code   RO         7790    .ARM.Collect$$libinit$$0000000E  c_w.l(libinit2.o)
    0x08000242   0x08000242   0x00000000   Code   RO         7793    .ARM.Collect$$libinit$$00000011  c_w.l(libinit2.o)
    0x08000242   0x08000242   0x00000000   Code   RO         7795    .ARM.Collect$$libinit$$00000013  c_w.l(libinit2.o)
    0x08000242   0x08000242   0x00000000   Code   RO         7797    .ARM.Collect$$libinit$$00000015  c_w.l(libinit2.o)
    0x08000242   0x08000242   0x00000000   Code   RO         7799    .ARM.Collect$$libinit$$00000017  c_w.l(libinit2.o)
    0x08000242   0x08000242   0x00000000   Code   RO         7801    .ARM.Collect$$libinit$$00000019  c_w.l(libinit2.o)
    0x08000242   0x08000242   0x00000000   Code   RO         7803    .ARM.Collect$$libinit$$0000001B  c_w.l(libinit2.o)
    0x08000242   0x08000242   0x00000000   Code   RO         7805    .ARM.Collect$$libinit$$0000001D  c_w.l(libinit2.o)
    0x08000242   0x08000242   0x00000000   Code   RO         7807    .ARM.Collect$$libinit$$0000001F  c_w.l(libinit2.o)
    0x08000242   0x08000242   0x00000000   Code   RO         7809    .ARM.Collect$$libinit$$00000021  c_w.l(libinit2.o)
    0x08000242   0x08000242   0x00000000   Code   RO         7811    .ARM.Collect$$libinit$$00000023  c_w.l(libinit2.o)
    0x08000242   0x08000242   0x00000000   Code   RO         7813    .ARM.Collect$$libinit$$00000025  c_w.l(libinit2.o)
    0x08000242   0x08000242   0x00000000   Code   RO         7817    .ARM.Collect$$libinit$$0000002C  c_w.l(libinit2.o)
    0x08000242   0x08000242   0x00000000   Code   RO         7819    .ARM.Collect$$libinit$$0000002E  c_w.l(libinit2.o)
    0x08000242   0x08000242   0x00000000   Code   RO         7821    .ARM.Collect$$libinit$$00000030  c_w.l(libinit2.o)
    0x08000242   0x08000242   0x00000000   Code   RO         7823    .ARM.Collect$$libinit$$00000032  c_w.l(libinit2.o)
    0x08000242   0x08000242   0x00000002   Code   RO         7824    .ARM.Collect$$libinit$$00000033  c_w.l(libinit2.o)
    0x08000244   0x08000244   0x00000002   Code   RO         7842    .ARM.Collect$$libshutdown$$00000000  c_w.l(libshutdown.o)
    0x08000246   0x08000246   0x00000000   Code   RO         7852    .ARM.Collect$$libshutdown$$00000002  c_w.l(libshutdown2.o)
    0x08000246   0x08000246   0x00000000   Code   RO         7854    .ARM.Collect$$libshutdown$$00000004  c_w.l(libshutdown2.o)
    0x08000246   0x08000246   0x00000000   Code   RO         7857    .ARM.Collect$$libshutdown$$00000007  c_w.l(libshutdown2.o)
    0x08000246   0x08000246   0x00000000   Code   RO         7860    .ARM.Collect$$libshutdown$$0000000A  c_w.l(libshutdown2.o)
    0x08000246   0x08000246   0x00000000   Code   RO         7862    .ARM.Collect$$libshutdown$$0000000C  c_w.l(libshutdown2.o)
    0x08000246   0x08000246   0x00000000   Code   RO         7865    .ARM.Collect$$libshutdown$$0000000F  c_w.l(libshutdown2.o)
    0x08000246   0x08000246   0x00000002   Code   RO         7866    .ARM.Collect$$libshutdown$$00000010  c_w.l(libshutdown2.o)
    0x08000248   0x08000248   0x00000000   Code   RO         7717    .ARM.Collect$$rtentry$$00000000  c_w.l(__rtentry.o)
    0x08000248   0x08000248   0x00000000   Code   RO         7745    .ARM.Collect$$rtentry$$00000002  c_w.l(__rtentry2.o)
    0x08000248   0x08000248   0x00000006   Code   RO         7757    .ARM.Collect$$rtentry$$00000004  c_w.l(__rtentry4.o)
    0x0800024e   0x0800024e   0x00000000   Code   RO         7747    .ARM.Collect$$rtentry$$00000009  c_w.l(__rtentry2.o)
    0x0800024e   0x0800024e   0x00000004   Code   RO         7748    .ARM.Collect$$rtentry$$0000000A  c_w.l(__rtentry2.o)
    0x08000252   0x08000252   0x00000000   Code   RO         7750    .ARM.Collect$$rtentry$$0000000C  c_w.l(__rtentry2.o)
    0x08000252   0x08000252   0x00000008   Code   RO         7751    .ARM.Collect$$rtentry$$0000000D  c_w.l(__rtentry2.o)
    0x0800025a   0x0800025a   0x00000002   Code   RO         7778    .ARM.Collect$$rtexit$$00000000  c_w.l(rtexit.o)
    0x0800025c   0x0800025c   0x00000000   Code   RO         7826    .ARM.Collect$$rtexit$$00000002  c_w.l(rtexit2.o)
    0x0800025c   0x0800025c   0x00000004   Code   RO         7827    .ARM.Collect$$rtexit$$00000003  c_w.l(rtexit2.o)
    0x08000260   0x08000260   0x00000006   Code   RO         7828    .ARM.Collect$$rtexit$$00000004  c_w.l(rtexit2.o)
    0x08000266   0x08000266   0x00000002   PAD
    0x08000268   0x08000268   0x000000be   Code   RO         2546    .emb_text           port.o
    0x08000326   0x08000326   0x00000002   PAD
    0x08000328   0x08000328   0x00000040   Code   RO         2626    .text               startup_stm32f40_41xxx.o
    0x08000368   0x08000368   0x00000002   Code   RO         7637    .text               c_w.l(use_no_semi_2.o)
    0x0800036a   0x0800036a   0x0000008a   Code   RO         7681    .text               c_w.l(rt_memcpy_v6.o)
    0x080003f4   0x080003f4   0x00000010   Code   RO         7685    .text               c_w.l(aeabi_memset.o)
    0x08000404   0x08000404   0x0000004e   Code   RO         7687    .text               c_w.l(rt_memclr_w.o)
    0x08000452   0x08000452   0x00000006   Code   RO         7689    .text               c_w.l(heapauxi.o)
    0x08000458   0x08000458   0x00000002   Code   RO         7715    .text               c_w.l(use_no_semi.o)
    0x0800045a   0x0800045a   0x00000064   Code   RO         7729    .text               c_w.l(rt_memcpy_w.o)
    0x080004be   0x080004be   0x00000044   Code   RO         7731    .text               c_w.l(rt_memclr.o)
    0x08000502   0x08000502   0x0000004a   Code   RO         7765    .text               c_w.l(sys_stackheap_outer.o)
    0x0800054c   0x0800054c   0x00000012   Code   RO         7767    .text               c_w.l(exit.o)
    0x0800055e   0x0800055e   0x00000002   PAD
    0x08000560   0x08000560   0x00000008   Code   RO         7775    .text               c_w.l(libspace.o)
    0x08000568   0x08000568   0x00000270   Code   RO          513    i.ATT_Ctrl          att_ctrl.o
    0x080007d8   0x080007d8   0x0000010c   Code   RO          514    i.ATT_VAL_Init      att_ctrl.o
    0x080008e4   0x080008e4   0x00000004   Code   RO          213    i.BusFault_Handler  stm32f4xx_it.o
    0x080008e8   0x080008e8   0x00000040   Code   RO          995    i.DRV_AT24_Read_Str  at24c02.o
    0x08000928   0x08000928   0x00000022   Code   RO          996    i.DRV_AT24_Write_Byte  at24c02.o
    0x0800094a   0x0800094a   0x0000002a   Code   RO          997    i.DRV_AT24_Write_Str  at24c02.o
    0x08000974   0x08000974   0x0000003c   Code   RO         1034    i.DRV_IIC_Ack       iic.o
    0x080009b0   0x080009b0   0x00000048   Code   RO         1035    i.DRV_IIC_Init      iic.o
    0x080009f8   0x080009f8   0x0000003c   Code   RO         1036    i.DRV_IIC_NAck      iic.o
    0x08000a34   0x08000a34   0x0000005c   Code   RO         1037    i.DRV_IIC_Read_Byte  iic.o
    0x08000a90   0x08000a90   0x0000006c   Code   RO         1039    i.DRV_IIC_Send_Byte  iic.o
    0x08000afc   0x08000afc   0x0000003c   Code   RO         1040    i.DRV_IIC_Start     iic.o
    0x08000b38   0x08000b38   0x0000003c   Code   RO         1041    i.DRV_IIC_Stop      iic.o
    0x08000b74   0x08000b74   0x00000058   Code   RO         1042    i.DRV_IIC_Wait_Ack  iic.o
    0x08000bcc   0x08000bcc   0x00000108   Code   RO          917    i.DRV_Icm20602_Init  icm20602.o
    0x08000cd4   0x08000cd4   0x00000010   Code   RO          918    i.DRV_Icm20602_Read  icm20602.o
    0x08000ce4   0x08000ce4   0x00000038   Code   RO          965    i.DRV_LED_Init      led.o
    0x08000d1c   0x08000d1c   0x00000024   Code   RO          966    i.DRV_LED_LIGHTING  led.o
    0x08000d40   0x08000d40   0x00000184   Code   RO          744    i.DRV_PWM_Init      pwm.o
    0x08000ec4   0x08000ec4   0x0000016c   Code   RO          745    i.DRV_PWM_Output    pwm.o
    0x08001030   0x08001030   0x00000030   Code   RO         1044    i.DRV_SDA_IN        iic.o
    0x08001060   0x08001060   0x00000030   Code   RO         1045    i.DRV_SDA_OUT       iic.o
    0x08001090   0x08001090   0x000000ec   Code   RO          774    i.DRV_SPI_Init      spi.o
    0x0800117c   0x0800117c   0x00000060   Code   RO          775    i.DRV_SPI_Read_Write_Byte  spi.o
    0x080011dc   0x080011dc   0x0000001e   Code   RO          776    i.DRV_SPI_Receive   spi.o
    0x080011fa   0x080011fa   0x00000002   PAD
    0x080011fc   0x080011fc   0x000000e4   Code   RO          816    i.DRV_UART5_Init    uart.o
    0x080012e0   0x080012e0   0x000000f0   Code   RO          818    i.DRV_USART1_Init   uart.o
    0x080013d0   0x080013d0   0x00000048   Code   RO          819    i.DRV_USART1_Send   uart.o
    0x08001418   0x08001418   0x000005dc   Code   RO          621    i.DT_MSG_Frame_Send  msg_interchange.o
    0x080019f4   0x080019f4   0x0000002c   Code   RO          622    i.DT_MSG_Init       msg_interchange.o
    0x08001a20   0x08001a20   0x00000002   Code   RO          214    i.DebugMon_Handler  stm32f4xx_it.o
    0x08001a22   0x08001a22   0x00000002   PAD
    0x08001a24   0x08001a24   0x000000b0   Code   RO          562    i.Flight_Ctrl_Task  flight_ctrl.o
    0x08001ad4   0x08001ad4   0x00000048   Code   RO          563    i.Flight_Data_Share  flight_ctrl.o
    0x08001b1c   0x08001b1c   0x00000090   Code   RO         4508    i.GPIO_Init         stm32f4xx_gpio.o
    0x08001bac   0x08001bac   0x00000046   Code   RO         4509    i.GPIO_PinAFConfig  stm32f4xx_gpio.o
    0x08001bf2   0x08001bf2   0x00000012   Code   RO         4512    i.GPIO_ReadInputDataBit  stm32f4xx_gpio.o
    0x08001c04   0x08001c04   0x00000004   Code   RO         4515    i.GPIO_ResetBits    stm32f4xx_gpio.o
    0x08001c08   0x08001c08   0x00000004   Code   RO         4516    i.GPIO_SetBits      stm32f4xx_gpio.o
    0x08001c0c   0x08001c0c   0x00000012   Code   RO         4517    i.GPIO_StructInit   stm32f4xx_gpio.o
    0x08001c1e   0x08001c1e   0x00000004   Code   RO          215    i.HardFault_Handler  stm32f4xx_it.o
    0x08001c22   0x08001c22   0x00000002   PAD
    0x08001c24   0x08001c24   0x0000049c   Code   RO          311    i.IMU_Calcu         imu.o
    0x080020c0   0x080020c0   0x00000048   Code   RO          312    i.IMU_Data_Share    imu.o
    0x08002108   0x08002108   0x00000374   Code   RO          313    i.IMU_Data_Update   imu.o
    0x0800247c   0x0800247c   0x00000014   Code   RO          314    i.IMU_Init          imu.o
    0x08002490   0x08002490   0x0000015c   Code   RO          315    i.IMU_RPY_Calcu     imu.o
    0x080025ec   0x080025ec   0x00000074   Code   RO          316    i.IMU_Reset         imu.o
    0x08002660   0x08002660   0x000000e0   Code   RO          318    i.MPU_GYRO_Calibration  imu.o
    0x08002740   0x08002740   0x00000030   Code   RO          623    i.MSG_Check_ADD     msg_interchange.o
    0x08002770   0x08002770   0x000000cc   Code   RO          624    i.MSG_Ctrl_Task     msg_interchange.o
    0x0800283c   0x0800283c   0x0000009c   Code   RO          625    i.MSG_RECV_Analysis  msg_interchange.o
    0x080028d8   0x080028d8   0x000000f8   Code   RO          626    i.MSG_RECV_ByteGet  msg_interchange.o
    0x080029d0   0x080029d0   0x00000044   Code   RO          564    i.Manual_Task       flight_ctrl.o
    0x08002a14   0x08002a14   0x00000004   Code   RO          216    i.MemManage_Handler  stm32f4xx_it.o
    0x08002a18   0x08002a18   0x00000002   Code   RO          217    i.NMI_Handler       stm32f4xx_it.o
    0x08002a1a   0x08002a1a   0x00000002   PAD
    0x08002a1c   0x08002a1c   0x00000078   Code   RO         2633    i.NVIC_Init         misc.o
    0x08002a94   0x08002a94   0x00000014   Code   RO         2634    i.NVIC_PriorityGroupConfig  misc.o
    0x08002aa8   0x08002aa8   0x000000a8   Code   RO         1311    i.PAR_Change        par_manage.o
    0x08002b50   0x08002b50   0x00000040   Code   RO         1312    i.PAR_Load          par_manage.o
    0x08002b90   0x08002b90   0x0000003c   Code   RO         1313    i.PAR_Store         par_manage.o
    0x08002bcc   0x08002bcc   0x00000054   Code   RO         1314    i.PAR_Store_Task    par_manage.o
    0x08002c20   0x08002c20   0x00000020   Code   RO         5434    i.RCC_AHB1PeriphClockCmd  stm32f4xx_rcc.o
    0x08002c40   0x08002c40   0x00000020   Code   RO         5443    i.RCC_APB1PeriphClockCmd  stm32f4xx_rcc.o
    0x08002c60   0x08002c60   0x00000020   Code   RO         5445    i.RCC_APB1PeriphResetCmd  stm32f4xx_rcc.o
    0x08002c80   0x08002c80   0x00000020   Code   RO         5446    i.RCC_APB2PeriphClockCmd  stm32f4xx_rcc.o
    0x08002ca0   0x08002ca0   0x00000020   Code   RO         5448    i.RCC_APB2PeriphResetCmd  stm32f4xx_rcc.o
    0x08002cc0   0x08002cc0   0x000000e8   Code   RO         5455    i.RCC_GetClocksFreq  stm32f4xx_rcc.o
    0x08002da8   0x08002da8   0x00000048   Code   RO          400    i.RC_Data_Share     remote_signal.o
    0x08002df0   0x08002df0   0x00000010   Code   RO          401    i.RC_Init           remote_signal.o
    0x08002e00   0x08002e00   0x00000010   Code   RO          402    i.RC_Offline_Check  remote_signal.o
    0x08002e10   0x08002e10   0x00000054   Code   RO          403    i.RC_PPM_Calcu      remote_signal.o
    0x08002e64   0x08002e64   0x00000010   Code   RO          406    i.RC_PPM_Watch_Dog_Feed  remote_signal.o
    0x08002e74   0x08002e74   0x000000c0   Code   RO          407    i.RC_SBUS_Analysis  remote_signal.o
    0x08002f34   0x08002f34   0x00000210   Code   RO          408    i.RC_SBUS_ByteGet   remote_signal.o
    0x08003144   0x08003144   0x00000038   Code   RO          409    i.RC_SBUS_Data_Limited  remote_signal.o
    0x0800317c   0x0800317c   0x00000028   Code   RO          410    i.RC_SBUS_Offline_Check  remote_signal.o
    0x080031a4   0x080031a4   0x0000000c   Code   RO          411    i.RC_SBUS_Offline_Reset  remote_signal.o
    0x080031b0   0x080031b0   0x000014c4   Code   RO          516    i.Rotation_Ctrl2    att_ctrl.o
    0x08004674   0x08004674   0x00000018   Code   RO         6592    i.SPI_Cmd           stm32f4xx_spi.o
    0x0800468c   0x0800468c   0x000000b0   Code   RO         6599    i.SPI_I2S_DeInit    stm32f4xx_spi.o
    0x0800473c   0x0800473c   0x00000012   Code   RO         6600    i.SPI_I2S_GetFlagStatus  stm32f4xx_spi.o
    0x0800474e   0x0800474e   0x00000006   Code   RO         6603    i.SPI_I2S_ReceiveData  stm32f4xx_spi.o
    0x08004754   0x08004754   0x00000004   Code   RO         6604    i.SPI_I2S_SendData  stm32f4xx_spi.o
    0x08004758   0x08004758   0x0000003c   Code   RO         6605    i.SPI_Init          stm32f4xx_spi.o
    0x08004794   0x08004794   0x000000ec   Code   RO          270    i.SetSysClock       system_stm32f4xx.o
    0x08004880   0x08004880   0x00000108   Code   RO          565    i.Sport_Task        flight_ctrl.o
    0x08004988   0x08004988   0x000000e4   Code   RO          566    i.Stabilize_Task    flight_ctrl.o
    0x08004a6c   0x08004a6c   0x00000028   Code   RO         2637    i.SysTick_CLKSourceConfig  misc.o
    0x08004a94   0x08004a94   0x00000020   Code   RO         1199    i.SysTick_Handler   delay.o
    0x08004ab4   0x08004ab4   0x00000068   Code   RO          272    i.SystemInit        system_stm32f4xx.o
    0x08004b1c   0x08004b1c   0x000003b4   Code   RO          627    i.TG_MSG_Frame_Send  msg_interchange.o
    0x08004ed0   0x08004ed0   0x00000044   Code   RO          412    i.TIM1_CC_IRQHandler  remote_signal.o
    0x08004f14   0x08004f14   0x00000018   Code   RO         6818    i.TIM_ARRPreloadConfig  stm32f4xx_tim.o
    0x08004f2c   0x08004f2c   0x00000006   Code   RO         6825    i.TIM_ClearITPendingBit  stm32f4xx_tim.o
    0x08004f32   0x08004f32   0x00000018   Code   RO         6830    i.TIM_Cmd           stm32f4xx_tim.o
    0x08004f4a   0x08004f4a   0x00000006   Code   RO         6845    i.TIM_GetCapture1   stm32f4xx_tim.o
    0x08004f50   0x08004f50   0x0000007c   Code   RO         6859    i.TIM_OC1Init       stm32f4xx_tim.o
    0x08004fcc   0x08004fcc   0x00000012   Code   RO         6862    i.TIM_OC1PreloadConfig  stm32f4xx_tim.o
    0x08004fde   0x08004fde   0x00000002   PAD
    0x08004fe0   0x08004fe0   0x000000a4   Code   RO         6864    i.TIM_OC2Init       stm32f4xx_tim.o
    0x08005084   0x08005084   0x0000001a   Code   RO         6867    i.TIM_OC2PreloadConfig  stm32f4xx_tim.o
    0x0800509e   0x0800509e   0x00000002   PAD
    0x080050a0   0x080050a0   0x000000a0   Code   RO         6869    i.TIM_OC3Init       stm32f4xx_tim.o
    0x08005140   0x08005140   0x00000012   Code   RO         6872    i.TIM_OC3PreloadConfig  stm32f4xx_tim.o
    0x08005152   0x08005152   0x00000002   PAD
    0x08005154   0x08005154   0x00000078   Code   RO         6874    i.TIM_OC4Init       stm32f4xx_tim.o
    0x080051cc   0x080051cc   0x0000001a   Code   RO         6876    i.TIM_OC4PreloadConfig  stm32f4xx_tim.o
    0x080051e6   0x080051e6   0x00000014   Code   RO         6877    i.TIM_OCStructInit  stm32f4xx_tim.o
    0x080051fa   0x080051fa   0x00000004   Code   RO         6892    i.TIM_SetCompare1   stm32f4xx_tim.o
    0x080051fe   0x080051fe   0x00000004   Code   RO         6893    i.TIM_SetCompare2   stm32f4xx_tim.o
    0x08005202   0x08005202   0x00000004   Code   RO         6894    i.TIM_SetCompare3   stm32f4xx_tim.o
    0x08005206   0x08005206   0x00000004   Code   RO         6895    i.TIM_SetCompare4   stm32f4xx_tim.o
    0x0800520a   0x0800520a   0x00000002   PAD
    0x0800520c   0x0800520c   0x00000084   Code   RO         6902    i.TIM_TimeBaseInit  stm32f4xx_tim.o
    0x08005290   0x08005290   0x00000012   Code   RO         6903    i.TIM_TimeBaseStructInit  stm32f4xx_tim.o
    0x080052a2   0x080052a2   0x00000002   PAD
    0x080052a4   0x080052a4   0x0000002c   Code   RO          822    i.UART5_IRQHandler  uart.o
    0x080052d0   0x080052d0   0x00000070   Code   RO          823    i.USART1_IRQHandler  uart.o
    0x08005340   0x08005340   0x00000070   Code   RO          824    i.USART3_IRQHandler  uart.o
    0x080053b0   0x080053b0   0x0000001e   Code   RO         7381    i.USART_ClearITPendingBit  stm32f4xx_usart.o
    0x080053ce   0x080053ce   0x00000020   Code   RO         7382    i.USART_ClockInit   stm32f4xx_usart.o
    0x080053ee   0x080053ee   0x00000018   Code   RO         7384    i.USART_Cmd         stm32f4xx_usart.o
    0x08005406   0x08005406   0x00000054   Code   RO         7388    i.USART_GetITStatus  stm32f4xx_usart.o
    0x0800545a   0x0800545a   0x0000004a   Code   RO         7390    i.USART_ITConfig    stm32f4xx_usart.o
    0x080054a4   0x080054a4   0x000000d4   Code   RO         7391    i.USART_Init        stm32f4xx_usart.o
    0x08005578   0x08005578   0x0000000a   Code   RO         7398    i.USART_ReceiveData  stm32f4xx_usart.o
    0x08005582   0x08005582   0x00000004   Code   RO          218    i.UsageFault_Handler  stm32f4xx_it.o
    0x08005586   0x08005586   0x00000004   Code   RO          825    i._sys_exit         uart.o
    0x0800558a   0x0800558a   0x00000002   PAD
    0x0800558c   0x0800558c   0x00000074   Code   RO         1269    i.app_task_reate    task_manage.o
    0x08005600   0x08005600   0x00000018   Code   RO         1201    i.delay_ms          delay.o
    0x08005618   0x08005618   0x00000018   Code   RO         1202    i.delay_us          delay.o
    0x08005630   0x08005630   0x0000017c   Code   RO         1124    i.fast_atan2        kaiju_math.o
    0x080057ac   0x080057ac   0x00000040   Code   RO         1204    i.getsystime_us     delay.o
    0x080057ec   0x080057ec   0x00000020   Code   RO          919    i.icm20602_enable   icm20602.o
    0x0800580c   0x0800580c   0x00000026   Code   RO          920    i.icm20602_readbuf  icm20602.o
    0x08005832   0x08005832   0x00000024   Code   RO          921    i.icm20602_writebyte  icm20602.o
    0x08005856   0x08005856   0x00000002   PAD
    0x08005858   0x08005858   0x00000068   Code   RO            4    i.main              main.o
    0x080058c0   0x080058c0   0x00000154   Code   RO         1125    i.mx_sin            kaiju_math.o
    0x08005a14   0x08005a14   0x0000001a   Code   RO         1126    i.my_abs            kaiju_math.o
    0x08005a2e   0x08005a2e   0x00000002   PAD
    0x08005a30   0x08005a30   0x00000098   Code   RO         1127    i.my_cos            kaiju_math.o
    0x08005ac8   0x08005ac8   0x00000036   Code   RO         1128    i.my_deadzone       kaiju_math.o
    0x08005afe   0x08005afe   0x00000002   PAD
    0x08005b00   0x08005b00   0x00000074   Code   RO         1129    i.my_sin            kaiju_math.o
    0x08005b74   0x08005b74   0x00000014   Code   RO         1130    i.my_sqrt           kaiju_math.o
    0x08005b88   0x08005b88   0x00000050   Code   RO         1131    i.my_sqrt_reciprocal  kaiju_math.o
    0x08005bd8   0x08005bd8   0x00000110   Code   RO         1132    i.pid_calcu         kaiju_math.o
    0x08005ce8   0x08005ce8   0x000000c0   Code   RO         1938    i.prvAddCurrentTaskToDelayedList  tasks.o
    0x08005da8   0x08005da8   0x000000ec   Code   RO         1939    i.prvAddNewTaskToReadyList  tasks.o
    0x08005e94   0x08005e94   0x00000064   Code   RO         2317    i.prvCheckForValidListAndQueue  timers.o
    0x08005ef8   0x08005ef8   0x00000048   Code   RO         1940    i.prvCheckTasksWaitingTermination  tasks.o
    0x08005f40   0x08005f40   0x0000002a   Code   RO         1526    i.prvCopyDataFromQueue  queue.o
    0x08005f6a   0x08005f6a   0x0000007e   Code   RO         1527    i.prvCopyDataToQueue  queue.o
    0x08005fe8   0x08005fe8   0x00000012   Code   RO         1941    i.prvDeleteTCB      tasks.o
    0x08005ffa   0x08005ffa   0x00000002   PAD
    0x08005ffc   0x08005ffc   0x00000028   Code   RO         2318    i.prvGetNextExpireTime  timers.o
    0x08006024   0x08006024   0x0000007c   Code   RO         2491    i.prvHeapInit       heap_4.o
    0x080060a0   0x080060a0   0x00000028   Code   RO         1942    i.prvIdleTask       tasks.o
    0x080060c8   0x080060c8   0x0000002e   Code   RO         1530    i.prvInitialiseNewQueue  queue.o
    0x080060f6   0x080060f6   0x000000e0   Code   RO         1943    i.prvInitialiseNewTask  tasks.o
    0x080061d6   0x080061d6   0x00000002   PAD
    0x080061d8   0x080061d8   0x00000068   Code   RO         1944    i.prvInitialiseTaskLists  tasks.o
    0x08006240   0x08006240   0x00000068   Code   RO         2492    i.prvInsertBlockIntoFreeList  heap_4.o
    0x080062a8   0x080062a8   0x00000058   Code   RO         2320    i.prvInsertTimerInActiveList  timers.o
    0x08006300   0x08006300   0x0000001a   Code   RO         1531    i.prvIsQueueEmpty   queue.o
    0x0800631a   0x0800631a   0x0000001e   Code   RO         1532    i.prvIsQueueFull    queue.o
    0x08006338   0x08006338   0x000000ac   Code   RO         1533    i.prvNotifyQueueSetContainer  queue.o
    0x080063e4   0x080063e4   0x00000044   Code   RO         2321    i.prvProcessExpiredTimer  timers.o
    0x08006428   0x08006428   0x0000014c   Code   RO         2322    i.prvProcessReceivedCommands  timers.o
    0x08006574   0x08006574   0x00000074   Code   RO         2323    i.prvProcessTimerOrBlockTask  timers.o
    0x080065e8   0x080065e8   0x00000028   Code   RO         2324    i.prvReloadTimer    timers.o
    0x08006610   0x08006610   0x00000030   Code   RO         1946    i.prvResetNextTaskUnblockTime  tasks.o
    0x08006640   0x08006640   0x0000002c   Code   RO         2325    i.prvSampleTimeNow  timers.o
    0x0800666c   0x0800666c   0x00000044   Code   RO         2326    i.prvSwitchTimerLists  timers.o
    0x080066b0   0x080066b0   0x00000040   Code   RO         2547    i.prvTaskExitError  port.o
    0x080066f0   0x080066f0   0x0000001a   Code   RO         2327    i.prvTimerTask      timers.o
    0x0800670a   0x0800670a   0x00000090   Code   RO         1534    i.prvUnlockQueue    queue.o
    0x0800679a   0x0800679a   0x00000002   PAD
    0x0800679c   0x0800679c   0x0000016c   Code   RO         2493    i.pvPortMalloc      heap_4.o
    0x08006908   0x08006908   0x0000002c   Code   RO         2548    i.pxPortInitialiseStack  port.o
    0x08006934   0x08006934   0x00000090   Code   RO         1205    i.systick_it_init   delay.o
    0x080069c4   0x080069c4   0x00000038   Code   RO         1270    i.task_1ms          task_manage.o
    0x080069fc   0x080069fc   0x0000001c   Code   RO         1271    i.task_200ms        task_manage.o
    0x08006a18   0x08006a18   0x00000028   Code   RO         1272    i.task_20ms         task_manage.o
    0x08006a40   0x08006a40   0x00000028   Code   RO         1486    i.uxListRemove      list.o
    0x08006a68   0x08006a68   0x0000001a   Code   RO         1487    i.vListInitialise   list.o
    0x08006a82   0x08006a82   0x00000006   Code   RO         1488    i.vListInitialiseItem  list.o
    0x08006a88   0x08006a88   0x00000034   Code   RO         1489    i.vListInsert       list.o
    0x08006abc   0x08006abc   0x00000054   Code   RO         2550    i.vPortEnterCritical  port.o
    0x08006b10   0x08006b10   0x0000003c   Code   RO         2551    i.vPortExitCritical  port.o
    0x08006b4c   0x08006b4c   0x000000a4   Code   RO         2494    i.vPortFree         heap_4.o
    0x08006bf0   0x08006bf0   0x00000028   Code   RO         2552    i.vPortSetupTimerInterrupt  port.o
    0x08006c18   0x08006c18   0x00000060   Code   RO         1540    i.vQueueAddToRegistry  queue.o
    0x08006c78   0x08006c78   0x0000004a   Code   RO         1544    i.vQueueWaitForMessageRestricted  queue.o
    0x08006cc2   0x08006cc2   0x00000002   PAD
    0x08006cc4   0x08006cc4   0x0000005c   Code   RO         1959    i.vTaskDelay        tasks.o
    0x08006d20   0x08006d20   0x00000018   Code   RO         1964    i.vTaskInternalSetTimeOutState  tasks.o
    0x08006d38   0x08006d38   0x0000000c   Code   RO         1966    i.vTaskMissedYield  tasks.o
    0x08006d44   0x08006d44   0x00000038   Code   RO         1967    i.vTaskPlaceOnEventList  tasks.o
    0x08006d7c   0x08006d7c   0x00000064   Code   RO         1968    i.vTaskPlaceOnEventListRestricted  tasks.o
    0x08006de0   0x08006de0   0x0000009c   Code   RO         1976    i.vTaskStartScheduler  tasks.o
    0x08006e7c   0x08006e7c   0x00000010   Code   RO         1978    i.vTaskSuspendAll   tasks.o
    0x08006e8c   0x08006e8c   0x0000008c   Code   RO         1979    i.vTaskSwitchContext  tasks.o
    0x08006f18   0x08006f18   0x00000168   Code   RO         2554    i.xPortStartScheduler  port.o
    0x08007080   0x08007080   0x00000034   Code   RO         2555    i.xPortSysTickHandler  port.o
    0x080070b4   0x080070b4   0x00000066   Code   RO         1549    i.xQueueGenericCreate  queue.o
    0x0800711a   0x0800711a   0x00000002   PAD
    0x0800711c   0x0800711c   0x000000dc   Code   RO         1550    i.xQueueGenericReset  queue.o
    0x080071f8   0x080071f8   0x000001d8   Code   RO         1551    i.xQueueGenericSend  queue.o
    0x080073d0   0x080073d0   0x00000170   Code   RO         1557    i.xQueuePeek        queue.o
    0x08007540   0x08007540   0x00000168   Code   RO         1559    i.xQueueReceive     queue.o
    0x080076a8   0x080076a8   0x00000090   Code   RO         1981    i.xTaskCheckForTimeOut  tasks.o
    0x08007738   0x08007738   0x00000060   Code   RO         1982    i.xTaskCreate       tasks.o
    0x08007798   0x08007798   0x000000d8   Code   RO         1983    i.xTaskDelayUntil   tasks.o
    0x08007870   0x08007870   0x00000020   Code   RO         1989    i.xTaskGetSchedulerState  tasks.o
    0x08007890   0x08007890   0x0000000c   Code   RO         1990    i.xTaskGetTickCount  tasks.o
    0x0800789c   0x0800789c   0x000001bc   Code   RO         1992    i.xTaskIncrementTick  tasks.o
    0x08007a58   0x08007a58   0x000000f0   Code   RO         1993    i.xTaskPriorityDisinherit  tasks.o
    0x08007b48   0x08007b48   0x00000120   Code   RO         1995    i.xTaskRemoveFromEventList  tasks.o
    0x08007c68   0x08007c68   0x00000178   Code   RO         1996    i.xTaskResumeAll    tasks.o
    0x08007de0   0x08007de0   0x00000058   Code   RO         2335    i.xTimerCreateTimerTask  timers.o
    0x08007e38   0x08007e38   0x00000062   Code   RO         7693    x$fpl$d2f           fz_wm.l(d2f.o)
    0x08007e9a   0x08007e9a   0x00000002   PAD
    0x08007e9c   0x08007e9c   0x00000150   Code   RO         7695    x$fpl$dadd          fz_wm.l(daddsub_clz.o)
    0x08007fec   0x08007fec   0x00000018   Code   RO         7733    x$fpl$dcmpinf       fz_wm.l(dcmpi.o)
    0x08008004   0x08008004   0x0000002e   Code   RO         7702    x$fpl$dflt          fz_wm.l(dflt_clz.o)
    0x08008032   0x08008032   0x00000002   PAD
    0x08008034   0x08008034   0x00000078   Code   RO         7707    x$fpl$dleqf         fz_wm.l(dleqf.o)
    0x080080ac   0x080080ac   0x00000154   Code   RO         7709    x$fpl$dmul          fz_wm.l(dmul.o)
    0x08008200   0x08008200   0x0000009c   Code   RO         7735    x$fpl$dnaninf       fz_wm.l(dnaninf.o)
    0x0800829c   0x0800829c   0x0000000c   Code   RO         7737    x$fpl$dretinf       fz_wm.l(dretinf.o)
    0x080082a8   0x080082a8   0x0000006c   Code   RO         7711    x$fpl$drleqf        fz_wm.l(drleqf.o)
    0x08008314   0x08008314   0x00000016   Code   RO         7696    x$fpl$drsb          fz_wm.l(daddsub_clz.o)
    0x0800832a   0x0800832a   0x00000002   PAD
    0x0800832c   0x0800832c   0x000001d4   Code   RO         7697    x$fpl$dsub          fz_wm.l(daddsub_clz.o)
    0x08008500   0x08008500   0x00000056   Code   RO         7713    x$fpl$f2d           fz_wm.l(f2d.o)
    0x08008556   0x08008556   0x0000008c   Code   RO         7739    x$fpl$fnaninf       fz_wm.l(fnaninf.o)
    0x080085e2   0x080085e2   0x0000000a   Code   RO         7834    x$fpl$fpinit        fz_wm.l(fpinit.o)
    0x080085ec   0x080085ec   0x0000000a   Code   RO         7741    x$fpl$fretinf       fz_wm.l(fretinf.o)
    0x080085f6   0x080085f6   0x00000000   Code   RO         7743    x$fpl$usenofp       fz_wm.l(usenofp.o)
    0x080085f6   0x080085f6   0x00000002   PAD
    0x080085f8   0x080085f8   0x00000404   Data   RO         1133    .constdata          kaiju_math.o
    0x080089fc   0x080089fc   0x00000020   Data   RO         7898    Region$$Table       anon$$obj.o


    Execution Region RW_IRAM2 (Exec base: 0x10000000, Load base: 0x08008c4c, Size: 0x00000000, Max: 0x00010000, ABSOLUTE)

    **** No section assigned to this execution region ****


    Execution Region RW_IRAM1 (Exec base: 0x20000000, Load base: 0x08008a1c, Size: 0x0000a880, Max: 0x00020000, ABSOLUTE, COMPRESSED[0x00000230])

    Exec Addr    Load Addr    Size         Type   Attr      Idx    E Section Name        Object

    0x20000000   COMPRESSED   0x00000014   Data   RW          273    .data               system_stm32f4xx.o
    0x20000014   COMPRESSED   0x0000009d   Data   RW          320    .data               imu.o
    0x200000b1   COMPRESSED   0x00000003   PAD
    0x200000b4   COMPRESSED   0x00000019   Data   RW          415    .data               remote_signal.o
    0x200000cd   COMPRESSED   0x00000003   PAD
    0x200000d0   COMPRESSED   0x00000090   Data   RW          518    .data               att_ctrl.o
    0x20000160   COMPRESSED   0x00000006   Data   RW          568    .data               flight_ctrl.o
    0x20000166   COMPRESSED   0x0000000f   Data   RW          629    .data               msg_interchange.o
    0x20000175   COMPRESSED   0x00000003   PAD
    0x20000178   COMPRESSED   0x00000009   Data   RW          828    .data               uart.o
    0x20000181   COMPRESSED   0x00000001   Data   RW          922    .data               icm20602.o
    0x20000182   COMPRESSED   0x00000002   PAD
    0x20000184   COMPRESSED   0x00000009   Data   RW         1206    .data               delay.o
    0x2000018d   COMPRESSED   0x00000001   PAD
    0x2000018e   COMPRESSED   0x0000043a   Data   RW         1316    .data               par_manage.o
    0x200005c8   COMPRESSED   0x00000040   Data   RW         1999    .data               tasks.o
    0x20000608   COMPRESSED   0x00000014   Data   RW         2344    .data               timers.o
    0x2000061c   COMPRESSED   0x00000020   Data   RW         2500    .data               heap_4.o
    0x2000063c   COMPRESSED   0x0000000c   Data   RW         2556    .data               port.o
    0x20000648   COMPRESSED   0x00000010   Data   RW         5487    .data               stm32f4xx_rcc.o
    0x20000658        -       0x00000090   Zero   RW          319    .bss                imu.o
    0x200006e8        -       0x0000007d   Zero   RW          414    .bss                remote_signal.o
    0x20000765   COMPRESSED   0x00000003   PAD
    0x20000768        -       0x00000090   Zero   RW          517    .bss                att_ctrl.o
    0x200007f8        -       0x0000000a   Zero   RW          567    .bss                flight_ctrl.o
    0x20000802        -       0x0000008e   Zero   RW          628    .bss                msg_interchange.o
    0x20000890        -       0x00000200   Zero   RW          827    .bss                uart.o
    0x20000a90        -       0x00000040   Zero   RW         1315    .bss                par_manage.o
    0x20000ad0        -       0x00000040   Zero   RW         1566    .bss                queue.o
    0x20000b10        -       0x000002e4   Zero   RW         1998    .bss                tasks.o
    0x20000df4        -       0x00000028   Zero   RW         2343    .bss                timers.o
    0x20000e1c        -       0x00007800   Zero   RW         2499    .bss                heap_4.o
    0x2000861c        -       0x00000060   Zero   RW         7776    .bss                c_w.l(libspace.o)
    0x2000867c   COMPRESSED   0x00000004   PAD
    0x20008680        -       0x00000200   Zero   RW         2624    HEAP                startup_stm32f40_41xxx.o
    0x20008880        -       0x00002000   Zero   RW         2623    STACK               startup_stm32f40_41xxx.o


==============================================================================

Image component sizes


      Code (inc. data)   RO Data    RW Data    ZI Data      Debug   Object Name

       140          0          0          0          0       2543   at24c02.o
      6208        216          0        144        144       5647   att_ctrl.o
       288         44          0          9          0      29370   delay.o
         0          0          0          0          0      14568   event_groups.o
       808         96          0          6         10       4111   flight_ctrl.o
       756         74          0         32      30720       4683   heap_4.o
       386         10          0          1          0       3829   icm20602.o
       696         54          0          0          0       5809   iic.o
      2844        164          0        157        144       8155   imu.o
      1440        112       1028          0          0       7436   kaiju_math.o
        92         12          0          0          0       1126   led.o
       124          0          0          0          0       2897   list.o
       104          4          0          0          0     312345   main.o
       180         24          0          0          0       2237   misc.o
      3148         92          0         15        142       7954   msg_interchange.o
       376         52          0       1082         64       4586   par_manage.o
       894         78          0         12          0      10836   port.o
       752         28          0          0          0       1944   pwm.o
      2278         28          0          0         64      17456   queue.o
      1100        100          0         25        125       8532   remote_signal.o
       362         14          0          0          0       2503   spi.o
        64         26        392          0       8704        856   startup_stm32f40_41xxx.o
       258          0          0          0          0       4245   stm32f4xx_gpio.o
        20          0          0          0          0       2881   stm32f4xx_it.o
       392         48          0         16          0       6045   stm32f4xx_rcc.o
       288         24          0          0          0       4327   stm32f4xx_spi.o
       902         66          0          0          0      12502   stm32f4xx_tim.o
       466          8          0          0          0       5758   stm32f4xx_usart.o
       340         32          0         20          0       1973   system_stm32f4xx.o
       240         52          0          0          0       2329   task_manage.o
      3378        372          0         64        740      29634   tasks.o
      1010        112          0         20         40      23776   timers.o
       812         70          0          9        512       6790   uart.o

    ----------------------------------------------------------------------
     31184       2012       1452       1624      41412     559683   Object Totals
         0          0         32          0          0          0   (incl. Generated)
        38          0          0         12          3          0   (incl. Padding)

    ----------------------------------------------------------------------

      Code (inc. data)   RO Data    RW Data    ZI Data      Debug   Library Member Name

        90          0          0          0          0          0   __dczerorl2.o
         8          0          0          0          0         68   __main.o
         0          0          0          0          0          0   __rtentry.o
        12          0          0          0          0          0   __rtentry2.o
         6          0          0          0          0          0   __rtentry4.o
        52          8          0          0          0          0   __scatter.o
        28          0          0          0          0          0   __scatter_zi.o
        16          0          0          0          0         68   aeabi_memset.o
        18          0          0          0          0         80   exit.o
         6          0          0          0          0        152   heapauxi.o
         2          0          0          0          0          0   libinit.o
         6          0          0          0          0          0   libinit2.o
         2          0          0          0          0          0   libshutdown.o
         2          0          0          0          0          0   libshutdown2.o
         8          4          0          0         96         68   libspace.o
        68          0          0          0          0         68   rt_memclr.o
        78          0          0          0          0         80   rt_memclr_w.o
       138          0          0          0          0         68   rt_memcpy_v6.o
       100          0          0          0          0         80   rt_memcpy_w.o
         2          0          0          0          0          0   rtexit.o
        10          0          0          0          0          0   rtexit2.o
        74          0          0          0          0         80   sys_stackheap_outer.o
         2          0          0          0          0         68   use_no_semi.o
         2          0          0          0          0         68   use_no_semi_2.o
        98          4          0          0          0        140   d2f.o
       826         16          0          0          0        492   daddsub_clz.o
        24          0          0          0          0        116   dcmpi.o
        46          0          0          0          0        116   dflt_clz.o
       120          4          0          0          0        140   dleqf.o
       340         12          0          0          0        152   dmul.o
       156          4          0          0          0        140   dnaninf.o
        12          0          0          0          0        116   dretinf.o
       108          0          0          0          0        128   drleqf.o
        86          4          0          0          0        132   f2d.o
       140          4          0          0          0        132   fnaninf.o
        10          0          0          0          0        116   fpinit.o
        10          0          0          0          0        116   fretinf.o
         0          0          0          0          0          0   usenofp.o

    ----------------------------------------------------------------------
      2720         60          0          0        100       2984   Library Totals
        14          0          0          0          4          0   (incl. Padding)

    ----------------------------------------------------------------------

      Code (inc. data)   RO Data    RW Data    ZI Data      Debug   Library Name

       730         12          0          0         96        948   c_w.l
      1976         48          0          0          0       2036   fz_wm.l

    ----------------------------------------------------------------------
      2720         60          0          0        100       2984   Library Totals

    ----------------------------------------------------------------------

==============================================================================


      Code (inc. data)   RO Data    RW Data    ZI Data      Debug   

     33904       2072       1452       1624      41512     541251   Grand Totals
     33904       2072       1452        560      41512     541251   ELF Image Totals (compressed)
     33904       2072       1452        560          0          0   ROM Totals

==============================================================================

    Total RO  Size (Code + RO Data)                35356 (  34.53kB)
    Total RW  Size (RW Data + ZI Data)             43136 (  42.13kB)
    Total ROM Size (Code + RO Data + RW Data)      35916 (  35.07kB)

==============================================================================

