Component: ARM Compiler 5.06 update 1 (build 61) Tool: armlink [4d35a8]

==============================================================================

Section Cross References

    main.o(.text) refers to system_stm32f10x.o(.text) for SystemInit
    main.o(.text) refers to misc.o(.text) for NVIC_PriorityGroupConfig
    main.o(.text) refers to delay.o(.text) for SysTick_IT_Init
    main.o(.text) refers to spi.o(.text) for drv_spi_init
    main.o(.text) refers to remote_signal.o(.text) for TIM1_CH1_Input_Init
    main.o(.text) refers to pwm.o(.text) for TIM4_PWM_Init
    main.o(.text) refers to uart.o(.text) for uart1_init
    main.o(.text) refers to led.o(.text) for LED_Init
    main.o(.text) refers to icm20602.o(.text) for Drv_Icm20602_Init
    main.o(.text) refers to imu.o(.text) for imu_Init
    main.o(.text) refers to schedule.o(.text) for schedule_init
    system_stm32f10x.o(.text) refers to system_stm32f10x.o(.data) for SystemCoreClock
    key.o(.text) refers to stm32f10x_rcc.o(.text) for RCC_APB2PeriphClockCmd
    key.o(.text) refers to stm32f10x_gpio.o(.text) for GPIO_Init
    key.o(.text) refers to delay.o(.text) for delay_ms
    key.o(.text) refers to key.o(.data) for key_up
    led.o(.text) refers to stm32f10x_rcc.o(.text) for RCC_APB2PeriphClockCmd
    led.o(.text) refers to stm32f10x_gpio.o(.text) for GPIO_Init
    pwm.o(.text) refers to stm32f10x_rcc.o(.text) for RCC_APB1PeriphClockCmd
    pwm.o(.text) refers to stm32f10x_gpio.o(.text) for GPIO_Init
    pwm.o(.text) refers to stm32f10x_tim.o(.text) for TIM_TimeBaseInit
    pwm.o(.text) refers to arg_manage.o(.data) for flight_arg
    spi.o(.text) refers to stm32f10x_rcc.o(.text) for RCC_APB2PeriphClockCmd
    spi.o(.text) refers to stm32f10x_gpio.o(.text) for GPIO_Init
    spi.o(.text) refers to stm32f10x_spi.o(.text) for SPI_I2S_DeInit
    uart.o(.text) refers (Special) to use_no_semi_2.o(.text) for __use_no_semihosting
    uart.o(.text) refers to stm32f10x_rcc.o(.text) for RCC_APB2PeriphClockCmd
    uart.o(.text) refers to stm32f10x_gpio.o(.text) for GPIO_Init
    uart.o(.text) refers to misc.o(.text) for NVIC_Init
    uart.o(.text) refers to stm32f10x_usart.o(.text) for USART_Init
    uart.o(.text) refers to remote_signal.o(.text) for Channel_data_ByteGet
    uart.o(.text) refers to uart.o(.data) for Rx_data
    uart.o(.text) refers to uart.o(.bss) for TxBuffer1
    uart.o(.bss) refers (Special) to use_no_semi_2.o(.text) for __use_no_semihosting
    uart.o(.data) refers (Special) to use_no_semi_2.o(.text) for __use_no_semihosting
    icm20602.o(.text) refers to stm32f10x_gpio.o(.text) for GPIO_ResetBits
    icm20602.o(.text) refers to spi.o(.text) for drv_spi_read_write_byte
    icm20602.o(.text) refers to delay.o(.text) for delay_ms
    icm20602.o(.text) refers to icm20602.o(.data) for ICM_ID
    imu.o(.text) refers to _printf_percent.o(.ARM.Collect$$_printf_percent$$00000000) for _printf_percent
    imu.o(.text) refers to _printf_d.o(.ARM.Collect$$_printf_percent$$00000009) for _printf_d
    imu.o(.text) refers to _printf_dec.o(.text) for _printf_int_dec
    imu.o(.text) refers to icm20602.o(.text) for Drv_Icm20602_Read
    imu.o(.text) refers to delay.o(.text) for delay_ms
    imu.o(.text) refers to fflt_clz.o(x$fpl$fflt) for __aeabi_i2f
    imu.o(.text) refers to fdiv.o(x$fpl$fdiv) for __aeabi_fdiv
    imu.o(.text) refers to faddsub_clz.o(x$fpl$fsub) for __aeabi_fsub
    imu.o(.text) refers to fmul.o(x$fpl$fmul) for __aeabi_fmul
    imu.o(.text) refers to faddsub_clz.o(x$fpl$fadd) for __aeabi_fadd
    imu.o(.text) refers to imu.o(.data) for mpu_data
    imu.o(.text) refers to imu.o(.bss) for gyro_lpf
    imu.o(.text) refers to kaiju_math.o(.text) for my_sqrt_reciprocal
    imu.o(.text) refers to feqf.o(x$fpl$feqf) for __aeabi_cfcmpeq
    imu.o(.text) refers to faddsub_clz.o(x$fpl$frsb) for __aeabi_frsub
    imu.o(.text) refers to frleqf.o(x$fpl$frleqf) for __aeabi_cfrcmple
    imu.o(.text) refers to fleqf.o(x$fpl$fleqf) for __aeabi_cfcmple
    imu.o(.text) refers to noretval__2printf.o(.text) for __2printf
    imu.o(.text) refers to uart.o(.data) for Rx_data
    remote_signal.o(.text) refers to fflt_clz.o(x$fpl$fflt) for __aeabi_i2f
    remote_signal.o(.text) refers to fmul.o(x$fpl$fmul) for __aeabi_fmul
    remote_signal.o(.text) refers to ffix.o(x$fpl$ffix) for __aeabi_f2iz
    remote_signal.o(.text) refers to delay.o(.text) for GetSysTime_us
    remote_signal.o(.text) refers to stm32f10x_rcc.o(.text) for RCC_APB2PeriphClockCmd
    remote_signal.o(.text) refers to stm32f10x_gpio.o(.text) for GPIO_Init
    remote_signal.o(.text) refers to stm32f10x_tim.o(.text) for TIM_TimeBaseInit
    remote_signal.o(.text) refers to misc.o(.text) for NVIC_Init
    remote_signal.o(.text) refers to remote_signal.o(.data) for deadline_count
    remote_signal.o(.text) refers to remote_signal.o(.bss) for rc_in
    schedule.o(.text) refers to imu.o(.text) for IMU_initial_data_update
    schedule.o(.text) refers to msginterchange.o(.text) for imu_send
[...]
    ../clib/printf.c                         0x00000000   Number         0  _printf_intcommon.o ABSOLUTE
    ../clib/printf.c                         0x00000000   Number         0  __printf_ss_wp.o ABSOLUTE
    ../clib/printf.c                         0x00000000   Number         0  noretval__2printf.o ABSOLUTE
    ../clib/printf.c                         0x00000000   Number         0  __printf_flags_ss_wp.o ABSOLUTE
    ../clib/printf.c                         0x00000000   Number         0  __printf.o ABSOLUTE
    ../clib/printf.c                         0x00000000   Number         0  __printf_nopercent.o ABSOLUTE
    ../clib/printf_percent.s                 0x00000000   Number         0  _printf_d.o ABSOLUTE
    ../clib/printf_percent.s                 0x00000000   Number         0  _printf_percent_end.o ABSOLUTE
    ../clib/printf_percent.s                 0x00000000   Number         0  _printf_percent.o ABSOLUTE
    ../clib/signal.c                         0x00000000   Number         0  defsig_segv_inner.o ABSOLUTE
    ../clib/signal.c                         0x00000000   Number         0  defsig_exit.o ABSOLUTE
    ../clib/signal.c                         0x00000000   Number         0  defsig_fpe_inner.o ABSOLUTE
    ../clib/signal.c                         0x00000000   Number         0  defsig_rtmem_inner.o ABSOLUTE
    ../clib/signal.c                         0x00000000   Number         0  defsig_other.o ABSOLUTE
    ../clib/signal.c                         0x00000000   Number         0  __raise.o ABSOLUTE
    ../clib/signal.c                         0x00000000   Number         0  defsig_general.o ABSOLUTE
    ../clib/signal.c                         0x00000000   Number         0  defsig_cppl_inner.o ABSOLUTE
    ../clib/signal.c                         0x00000000   Number         0  defsig_pvfn_inner.o ABSOLUTE
    ../clib/signal.c                         0x00000000   Number         0  defsig_stak_inner.o ABSOLUTE
    ../clib/signal.c                         0x00000000   Number         0  defsig_rtred_inner.o ABSOLUTE
    ../clib/signal.c                         0x00000000   Number         0  defsig_abrt_inner.o ABSOLUTE
    ../clib/signal.c                         0x00000000   Number         0  defsig_rtmem_outer.o ABSOLUTE
    ../clib/signal.c                         0x00000000   Number         0  defsig_rtmem_formal.o ABSOLUTE
    ../clib/signal.s                         0x00000000   Number         0  defsig.o ABSOLUTE
    ../clib/stdio.c                          0x00000000   Number         0  ferror.o ABSOLUTE
    ../clib/stdio.c                          0x00000000   Number         0  ferror_locked.o ABSOLUTE
    ../clib/stdlib.c                         0x00000000   Number         0  exit.o ABSOLUTE
    ../fplib/faddsub.s                       0x00000000   Number         0  faddsub_clz.o ABSOLUTE
    ../fplib/fcmpi.s                         0x00000000   Number         0  fcmpi.o ABSOLUTE
    ../fplib/fdiv.s                          0x00000000   Number         0  fdiv.o ABSOLUTE
    ../fplib/feqf.s                          0x00000000   Number         0  feqf.o ABSOLUTE
    ../fplib/ffix.s                          0x00000000   Number         0  ffix.o ABSOLUTE
    ../fplib/fflt.s                          0x00000000   Number         0  fflt_clz.o ABSOLUTE
    ../fplib/fleqf.s                         0x00000000   Number         0  fleqf.o ABSOLUTE
    ../fplib/fmul.s                          0x00000000   Number         0  fmul.o ABSOLUTE
    ../fplib/fnaninf.s                       0x00000000   Number         0  fnaninf.o ABSOLUTE
    ../fplib/fpinit.s                        0x00000000   Number         0  fpinit.o ABSOLUTE
    ../fplib/fretinf.s                       0x00000000   Number         0  fretinf.o ABSOLUTE
    ../fplib/frleqf.s                        0x00000000   Number         0  frleqf.o ABSOLUTE
    ../fplib/usenofp.s                       0x00000000   Number         0  usenofp.o ABSOLUTE
    ..\CORE\core_cm3.c                       0x00000000   Number         0  core_cm3.o ABSOLUTE
    ..\CORE\startup_stm32f10x_md.s           0x00000000   Number         0  startup_stm32f10x_md.o ABSOLUTE
    ..\HARDWARE\arg_manage.c                 0x00000000   Number         0  arg_manage.o ABSOLUTE
    ..\HARDWARE\at24c02.c                    0x00000000   Number         0  at24c02.o ABSOLUTE
    ..\HARDWARE\att_ctrl.c                   0x00000000   Number         0  att_ctrl.o ABSOLUTE
    ..\HARDWARE\flight_ctrl.c                0x00000000   Number         0  flight_ctrl.o ABSOLUTE
    ..\HARDWARE\icm20602.c                   0x00000000   Number         0  icm20602.o ABSOLUTE
    ..\HARDWARE\iic.c                        0x00000000   Number         0  iic.o ABSOLUTE
    ..\HARDWARE\imu.c                        0x00000000   Number         0  imu.o ABSOLUTE
    ..\HARDWARE\key.c                        0x00000000   Number         0  key.o ABSOLUTE
    ..\HARDWARE\led.c                        0x00000000   Number         0  led.o ABSOLUTE
    ..\HARDWARE\msgInterchange.c             0x00000000   Number         0  msginterchange.o ABSOLUTE
    ..\HARDWARE\pwm.c                        0x00000000   Number         0  pwm.o ABSOLUTE
    ..\HARDWARE\remote_signal.c              0x00000000   Number         0  remote_signal.o ABSOLUTE
    ..\HARDWARE\schedule.c                   0x00000000   Number         0  schedule.o ABSOLUTE
    ..\HARDWARE\spi.c                        0x00000000   Number         0  spi.o ABSOLUTE
    ..\HARDWARE\uart.c                       0x00000000   Number         0  uart.o ABSOLUTE
    ..\STM32F10x_FWLib\src\misc.c            0x00000000   Number         0  misc.o ABSOLUTE
    ..\STM32F10x_FWLib\src\stm32f10x_adc.c   0x00000000   Number         0  stm32f10x_adc.o ABSOLUTE
    ..\STM32F10x_FWLib\src\stm32f10x_bkp.c   0x00000000   Number         0  stm32f10x_bkp.o ABSOLUTE
    ..\STM32F10x_FWLib\src\stm32f10x_can.c   0x00000000   Number         0  stm32f10x_can.o ABSOLUTE
    ..\STM32F10x_FWLib\src\stm32f10x_cec.c   0x00000000   Number         0  stm32f10x_cec.o ABSOLUTE
    ..\STM32F10x_FWLib\src\stm32f10x_crc.c   0x00000000   Number         0  stm32f10x_crc.o ABSOLUTE
    ..\STM32F10x_FWLib\src\stm32f10x_dac.c   0x00000000   Number         0  stm32f10x_dac.o ABSOLUTE
    ..\STM32F10x_FWLib\src\stm32f10x_dbgmcu.c 0x00000000   Number         0  stm32f10x_dbgmcu.o ABSOLUTE
    ..\STM32F10x_FWLib\src\stm32f10x_dma.c   0x00000000   Number         0  stm32f10x_dma.o ABSOLUTE
    ..\STM32F10x_FWLib\src\stm32f10x_exti.c  0x00000000   Number         0  stm32f10x_exti.o ABSOLUTE
    ..\STM32F10x_FWLib\src\stm32f10x_flash.c 0x00000000   Number         0  stm32f10x_flash.o ABSOLUTE
    ..\STM32F10x_FWLib\src\stm32f10x_fsmc.c  0x00000000   Number         0  stm32f10x_fsmc.o ABSOLUTE
    ..\STM32F10x_FWLib\src\stm32f10x_gpio.c  0x00000000   Number         0  stm32f10x_gpio.o ABSOLUTE
    ..\STM32F10x_FWLib\src\stm32f10x_i2c.c   0x00000000   Number         0  stm32f10x_i2c.o ABSOLUTE
    ..\STM32F10x_FWLib\src\stm32f10x_iwdg.c  0x00000000   Number         0  stm32f10x_iwdg.o ABSOLUTE
    ..\STM32F10x_FWLib\src\stm32f10x_pwr.c   0x00000000   Number         0  stm32f10x_pwr.o ABSOLUTE
    ..\STM32F10x_FWLib\src\stm32f10x_rcc.c   0x00000000   Number         0  stm32f10x_rcc.o ABSOLUTE
    ..\STM32F10x_FWLib\src\stm32f10x_rtc.c   0x00000000   Number         0  stm32f10x_rtc.o ABSOLUTE
    ..\STM32F10x_FWLib\src\stm32f10x_sdio.c  0x00000000   Number         0  stm32f10x_sdio.o ABSOLUTE
    ..\STM32F10x_FWLib\src\stm32f10x_spi.c   0x00000000   Number         0  stm32f10x_spi.o ABSOLUTE
    ..\STM32F10x_FWLib\src\stm32f10x_tim.c   0x00000000   Number         0  stm32f10x_tim.o ABSOLUTE
    ..\STM32F10x_FWLib\src\stm32f10x_usart.c 0x00000000   Number         0  stm32f10x_usart.o ABSOLUTE
    ..\STM32F10x_FWLib\src\stm32f10x_wwdg.c  0x00000000   Number         0  stm32f10x_wwdg.o ABSOLUTE
    ..\SYSTEM\delay\delay.c                  0x00000000   Number         0  delay.o ABSOLUTE
    ..\SYSTEM\math\kaiju_math.c              0x00000000   Number         0  kaiju_math.o ABSOLUTE
    ..\USER\main.c                           0x00000000   Number         0  main.o ABSOLUTE
    ..\USER\stm32f10x_it.c                   0x00000000   Number         0  stm32f10x_it.o ABSOLUTE
    ..\USER\system_stm32f10x.c               0x00000000   Number         0  system_stm32f10x.o ABSOLUTE
    ..\\CORE\\core_cm3.c                     0x00000000   Number         0  core_cm3.o ABSOLUTE
    dc.s                                     0x00000000   Number         0  dc.o ABSOLUTE
    RESET                                    0x08000000   Section      236  startup_stm32f10x_md.o(RESET)
    !!!main                                  0x080000ec   Section        8  __main.o(!!!main)
    !!!scatter                               0x080000f4   Section       52  __scatter.o(!!!scatter)
    !!dczerorl2                              0x08000128   Section       90  __dczerorl2.o(!!dczerorl2)
    !!handler_zi                             0x08000184   Section       28  __scatter_zi.o(!!handler_zi)
    .ARM.Collect$$_printf_percent$$00000000  0x080001a0   Section        0  _printf_percent.o(.ARM.Collect$$_printf_percent$$00000000)
    .ARM.Collect$$_printf_percent$$00000009  0x080001a0   Section        6  _printf_d.o(.ARM.Collect$$_printf_percent$$00000009)
    .ARM.Collect$$_printf_percent$$00000017  0x080001a6   Section        4  _printf_percent_end.o(.ARM.Collect$$_printf_percent$$00000017)
    .ARM.Collect$$libinit$$00000000          0x080001aa   Section        2  libinit.o(.ARM.Collect$$libinit$$00000000)
    .ARM.Collect$$libinit$$00000002          0x080001ac   Section        0  libinit2.o(.ARM.Collect$$libinit$$00000002)
    .ARM.Collect$$libinit$$00000004          0x080001ac   Section        0  libinit2.o(.ARM.Collect$$libinit$$00000004)
    .ARM.Collect$$libinit$$0000000A          0x080001ac   Section        0  libinit2.o(.ARM.Collect$$libinit$$0000000A)
    .ARM.Collect$$libinit$$0000000C          0x080001ac   Section        0  libinit2.o(.ARM.Collect$$libinit$$0000000C)
    .ARM.Collect$$libinit$$0000000E          0x080001ac   Section        0  libinit2.o(.ARM.Collect$$libinit$$0000000E)
    .ARM.Collect$$libinit$$00000011          0x080001ac   Section        0  libinit2.o(.ARM.Collect$$libinit$$00000011)
    .ARM.Collect$$libinit$$00000013          0x080001ac   Section        0  libinit2.o(.ARM.Collect$$libinit$$00000013)
    .ARM.Collect$$libinit$$00000015          0x080001ac   Section        0  libinit2.o(.ARM.Collect$$libinit$$00000015)
    .ARM.Collect$$libinit$$00000017          0x080001ac   Section        0  libinit2.o(.ARM.Collect$$libinit$$00000017)
    .ARM.Collect$$libinit$$00000019          0x080001ac   Section        0  libinit2.o(.ARM.Collect$$libinit$$00000019)
    .ARM.Collect$$libinit$$0000001B          0x080001ac   Section        0  libinit2.o(.ARM.Collect$$libinit$$0000001B)
    .ARM.Collect$$libinit$$0000001D          0x080001ac   Section        0  libinit2.o(.ARM.Collect$$libinit$$0000001D)
    .ARM.Collect$$libinit$$0000001F          0x080001ac   Section        0  libinit2.o(.ARM.Collect$$libinit$$0000001F)
    .ARM.Collect$$libinit$$00000021          0x080001ac   Section        0  libinit2.o(.ARM.Collect$$libinit$$00000021)
    .ARM.Collect$$libinit$$00000023          0x080001ac   Section        0  libinit2.o(.ARM.Collect$$libinit$$00000023)
    .ARM.Collect$$libinit$$00000025          0x080001ac   Section        0  libinit2.o(.ARM.Collect$$libinit$$00000025)
    .ARM.Collect$$libinit$$0000002C          0x080001ac   Section        0  libinit2.o(.ARM.Collect$$libinit$$0000002C)
    .ARM.Collect$$libinit$$0000002E          0x080001ac   Section        0  libinit2.o(.ARM.Collect$$libinit$$0000002E)
    .ARM.Collect$$libinit$$00000030          0x080001ac   Section        0  libinit2.o(.ARM.Collect$$libinit$$00000030)
    .ARM.Collect$$libinit$$00000032          0x080001ac   Section        0  libinit2.o(.ARM.Collect$$libinit$$00000032)
    .ARM.Collect$$libinit$$00000033          0x080001ac   Section        2  libinit2.o(.ARM.Collect$$libinit$$00000033)
    .ARM.Collect$$libshutdown$$00000000      0x080001ae   Section        2  libshutdown.o(.ARM.Collect$$libshutdown$$00000000)
    .ARM.Collect$$libshutdown$$00000002      0x080001b0   Section        0  libshutdown2.o(.ARM.Collect$$libshutdown$$00000002)
    .ARM.Collect$$libshutdown$$00000004      0x080001b0   Section        0  libshutdown2.o(.ARM.Collect$$libshutdown$$00000004)
    .ARM.Collect$$libshutdown$$00000007      0x080001b0   Section        0  libshutdown2.o(.ARM.Collect$$libshutdown$$00000007)
    .ARM.Collect$$libshutdown$$0000000A      0x080001b0   Section        0  libshutdown2.o(.ARM.Collect$$libshutdown$$0000000A)
    .ARM.Collect$$libshutdown$$0000000C      0x080001b0   Section        0  libshutdown2.o(.ARM.Collect$$libshutdown$$0000000C)
    .ARM.Collect$$libshutdown$$0000000F      0x080001b0   Section        0  libshutdown2.o(.ARM.Collect$$libshutdown$$0000000F)
    .ARM.Collect$$libshutdown$$00000010      0x080001b0   Section        2  libshutdown2.o(.ARM.Collect$$libshutdown$$00000010)
    .ARM.Collect$$rtentry$$00000000          0x080001b2   Section        0  __rtentry.o(.ARM.Collect$$rtentry$$00000000)
    .ARM.Collect$$rtentry$$00000002          0x080001b2   Section        0  __rtentry2.o(.ARM.Collect$$rtentry$$00000002)
    .ARM.Collect$$rtentry$$00000004          0x080001b2   Section        6  __rtentry4.o(.ARM.Collect$$rtentry$$00000004)
    .ARM.Collect$$rtentry$$00000009          0x080001b8   Section        0  __rtentry2.o(.ARM.Collect$$rtentry$$00000009)
    .ARM.Collect$$rtentry$$0000000A          0x080001b8   Section        4  __rtentry2.o(.ARM.Collect$$rtentry$$0000000A)
    .ARM.Collect$$rtentry$$0000000C          0x080001bc   Section        0  __rtentry2.o(.ARM.Collect$$rtentry$$0000000C)
    .ARM.Collect$$rtentry$$0000000D          0x080001bc   Section        8  __rtentry2.o(.ARM.Collect$$rtentry$$0000000D)
    .ARM.Collect$$rtexit$$00000000           0x080001c4   Section        2  rtexit.o(.ARM.Collect$$rtexit$$00000000)
    .ARM.Collect$$rtexit$$00000002           0x080001c6   Section        0  rtexit2.o(.ARM.Collect$$rtexit$$00000002)
    .ARM.Collect$$rtexit$$00000003           0x080001c6   Section        4  rtexit2.o(.ARM.Collect$$rtexit$$00000003)
    .ARM.Collect$$rtexit$$00000004           0x080001ca   Section        6  rtexit2.o(.ARM.Collect$$rtexit$$00000004)
    .text                                    0x080001d0   Section        0  main.o(.text)
    .text                                    0x0800021a   Section        0  stm32f10x_it.o(.text)
    .text                                    0x08000234   Section        0  system_stm32f10x.o(.text)
    SetSysClockTo72                          0x08000235   Thumb Code   214  system_stm32f10x.o(.text)
    SetSysClock                              0x0800030b   Thumb Code     8  system_stm32f10x.o(.text)
    .text                                    0x08000414   Section        0  led.o(.text)
    .text                                    0x08000448   Section        0  pwm.o(.text)
    .text                                    0x08000684   Section        0  spi.o(.text)
    .text                                    0x080007e0   Section        0  uart.o(.text)
    .text                                    0x08000ba4   Section        0  icm20602.o(.text)
    icm20602_enable                          0x08000ba5   Thumb Code    26  icm20602.o(.text)
    icm20602_readbuf                         0x08000bbf   Thumb Code    38  icm20602.o(.text)
    icm20602_writebyte                       0x08000be5   Thumb Code    36  icm20602.o(.text)
    .text                                    0x08000d24   Section        0  imu.o(.text)
    .text                                    0x080019d4   Section        0  remote_signal.o(.text)
    .text                                    0x08001ea8   Section        0  schedule.o(.text)
    task_1ms                                 0x08001ea9   Thumb Code    18  schedule.o(.text)
    task_5ms                                 0x08001ebb   Thumb Code     2  schedule.o(.text)
    task_10ms                                0x08001ebd   Thumb Code     2  schedule.o(.text)
    task_20ms                                0x08001ebf   Thumb Code    22  schedule.o(.text)
    .text                                    0x08001f68   Section        0  msginterchange.o(.text)
    .text                                    0x0800201c   Section        0  flight_ctrl.o(.text)
    .text                                    0x0800214c   Section        0  att_ctrl.o(.text)
    .text                                    0x0800225c   Section       64  startup_stm32f10x_md.o(.text)
    .text                                    0x0800229c   Section        0  misc.o(.text)
    .text                                    0x08002378   Section        0  stm32f10x_gpio.o(.text)
    .text                                    0x080026d4   Section        0  stm32f10x_rcc.o(.text)
    .text                                    0x08002a78   Section        0  stm32f10x_spi.o(.text)
    .text                                    0x08002d84   Section        0  stm32f10x_tim.o(.text)
    TI4_Config                               0x0800322b   Thumb Code   130  stm32f10x_tim.o(.text)
    TI3_Config                               0x080032bf   Thumb Code   122  stm32f10x_tim.o(.text)
    TI2_Config                               0x08003353   Thumb Code   130  stm32f10x_tim.o(.text)
    TI1_Config                               0x080033e7   Thumb Code   108  stm32f10x_tim.o(.text)
    .text                                    0x08003ba0   Section        0  stm32f10x_usart.o(.text)
    .text                                    0x08003fa8   Section        0  delay.o(.text)
    .text                                    0x080040e8   Section        0  kaiju_math.o(.text)
    .text                                    0x080043e4   Section        2  use_no_semi_2.o(.text)
    .text                                    0x080043e8   Section        0  noretval__2printf.o(.text)
    .text                                    0x08004400   Section        0  __printf.o(.text)
    .text                                    0x08004468   Section        0  _printf_dec.o(.text)
    .text                                    0x080044e0   Section      100  rt_memcpy_w.o(.text)
    .text                                    0x08004544   Section        0  heapauxi.o(.text)
    .text                                    0x0800454a   Section        2  use_no_semi.o(.text)
    .text                                    0x0800454c   Section        0  _printf_intcommon.o(.text)
    .text                                    0x08004600   Section        0  _printf_char_file.o(.text)
    .text                                    0x08004624   Section        0  _printf_char_common.o(.text)
    _printf_input_char                       0x08004625   Thumb Code    10  _printf_char_common.o(.text)
    .text                                    0x08004654   Section        0  ferror.o(.text)
    .text                                    0x0800465c   Section       74  sys_stackheap_outer.o(.text)
    .text                                    0x080046a6   Section        0  exit.o(.text)
    .text                                    0x080046b8   Section        8  libspace.o(.text)
    x$fpl$fadd                               0x080046c0   Section      196  faddsub_clz.o(x$fpl$fadd)
    _fadd1                                   0x080046cf   Thumb Code     0  faddsub_clz.o(x$fpl$fadd)
    x$fpl$fcmpinf                            0x08004784   Section       24  fcmpi.o(x$fpl$fcmpinf)
    x$fpl$fdiv                               0x0800479c   Section      388  fdiv.o(x$fpl$fdiv)
    _fdiv1                                   0x0800479d   Thumb Code     0  fdiv.o(x$fpl$fdiv)
    x$fpl$feqf                               0x08004920   Section      104  feqf.o(x$fpl$feqf)
    x$fpl$ffix                               0x08004988   Section       54  ffix.o(x$fpl$ffix)
    x$fpl$fflt                               0x080049c0   Section       48  fflt_clz.o(x$fpl$fflt)
    x$fpl$ffltu                              0x080049f0   Section       38  fflt_clz.o(x$fpl$ffltu)
    x$fpl$fleqf                              0x08004a18   Section      104  fleqf.o(x$fpl$fleqf)
    x$fpl$fmul                               0x08004a80   Section      258  fmul.o(x$fpl$fmul)
    x$fpl$fnaninf                            0x08004b82   Section      140  fnaninf.o(x$fpl$fnaninf)
    x$fpl$fretinf                            0x08004c0e   Section       10  fretinf.o(x$fpl$fretinf)
    x$fpl$frleqf                             0x08004c18   Section       98  frleqf.o(x$fpl$frleqf)
    x$fpl$frsb                               0x08004c7a   Section       20  faddsub_clz.o(x$fpl$frsb)
    x$fpl$fsub                               0x08004c90   Section      234  faddsub_clz.o(x$fpl$fsub)
    _fsub1                                   0x08004c9f   Thumb Code     0  faddsub_clz.o(x$fpl$fsub)
    x$fpl$usenofp                            0x08004d7a   Section        0  usenofp.o(x$fpl$usenofp)
    .constdata                               0x08004d7c   Section     1028  kaiju_math.o(.constdata)
    .data                                    0x20000000   Section       20  system_stm32f10x.o(.data)
    .data                                    0x20000014   Section        9  uart.o(.data)
    .data                                    0x2000001d   Section        1  icm20602.o(.data)
    .data                                    0x20000020   Section      152  imu.o(.data)
    t_temp                                   0x200000b4   Data           4  imu.o(.data)
    .data                                    0x200000b8   Section       21  remote_signal.o(.data)
    sbus_time                                0x200000bc   Data           8  remote_signal.o(.data)
    cnt                                      0x200000c4   Data           1  remote_signal.o(.data)
    frame_cnt                                0x200000c5   Data           1  remote_signal.o(.data)
    begin_counter                            0x200000c8   Data           4  remote_signal.o(.data)
    channel_num                              0x200000cc   Data           1  remote_signal.o(.data)
    .data                                    0x200000d0   Section       52  schedule.o(.data)
    .data                                    0x20000104   Section        2  flight_ctrl.o(.data)
    .data                                    0x20000108   Section       38  arg_manage.o(.data)
    state                                    0x20000128   Data           1  arg_manage.o(.data)
    target_arg                               0x20000129   Data           1  arg_manage.o(.data)
    buf                                      0x2000012a   Data           4  arg_manage.o(.data)
    .data                                    0x20000130   Section       64  att_ctrl.o(.data)
    .data                                    0x20000170   Section       20  stm32f10x_rcc.o(.data)
    APBAHBPrescTable                         0x20000170   Data          16  stm32f10x_rcc.o(.data)
    ADCPrescTable                            0x20000180   Data           4  stm32f10x_rcc.o(.data)
    .data                                    0x20000184   Section        8  delay.o(.data)
    fac_us                                   0x20000184   Data           1  delay.o(.data)
    fac_ms                                   0x20000186   Data           2  delay.o(.data)
    .bss                                     0x2000018c   Section      512  uart.o(.bss)
    .bss                                     0x2000038c   Section      144  imu.o(.bss)
    gyro_lpf                                 0x200003a4   Data          60  imu.o(.bss)
    acc_lpf                                  0x200003e0   Data          60  imu.o(.bss)
    .bss                                     0x2000041c   Section      125  remote_signal.o(.bss)
    datatmp                                  0x20000480   Data          25  remote_signal.o(.bss)
    .bss                                     0x2000049c   Section       64  att_ctrl.o(.bss)
    .bss                                     0x200004dc   Section       96  libspace.o(.bss)
    HEAP                                     0x20000540   Section      512  startup_stm32f10x_md.o(HEAP)
    Heap_Mem                                 0x20000540   Data         512  startup_stm32f10x_md.o(HEAP)
    STACK                                    0x20000740   Section     1024  startup_stm32f10x_md.o(STACK)
    Stack_Mem                                0x20000740   Data        1024  startup_stm32f10x_md.o(STACK)
    __initial_sp                             0x20000b40   Data           0  startup_stm32f10x_md.o(STACK)

    Global Symbols

    Symbol Name                              Value     Ov Type        Size  Object(Section)

    BuildAttributes$$THM_ISAv4$P$D$K$B$S$PE$A:L22UL41UL21$X:L11$S22US41US21$IEEE1$IW$USESV6$~STKCKD$USESV7$~SHL$OSPACE$ROPI$EBA8$UX$STANDARDLIB$REQ8$PRES8$EABIv2 0x00000000   Number         0  anon$$obj.o ABSOLUTE
    __ARM_use_no_argv                        0x00000000   Number         0  main.o ABSOLUTE
    __ARM_exceptions_init                     - Undefined Weak Reference
    __alloca_initialize                       - Undefined Weak Reference
    __arm_preinit_                            - Undefined Weak Reference
    __cpp_initialize__aeabi_                  - Undefined Weak Reference
    __cxa_finalize                            - Undefined Weak Reference
    __rt_locale                               - Undefined Weak Reference
    __sigvec_lookup                           - Undefined Weak Reference
    _atexit_init                              - Undefined Weak Reference
    _call_atexit_fns                          - Undefined Weak Reference
    _clock_init                               - Undefined Weak Reference
    _fp_trap_init                             - Undefined Weak Reference
    _fp_trap_shutdown                         - Undefined Weak Reference
    _get_lc_collate                           - Undefined Weak Reference
    _get_lc_ctype                             - Undefined Weak Reference
    _get_lc_monetary                          - Undefined Weak Reference
    _get_lc_numeric                           - Undefined Weak Reference
    _get_lc_time                              - Undefined Weak Reference
    _getenv_init                              - Undefined Weak Reference
    _handle_redirection                       - Undefined Weak Reference
    _init_alloc                               - Undefined Weak Reference
    _init_user_alloc                          - Undefined Weak Reference
    _initio                                   - Undefined Weak Reference
    _mutex_acquire                            - Undefined Weak Reference
    _mutex_release                            - Undefined Weak Reference
    _printf_post_padding                      - Undefined Weak Reference
    _printf_pre_padding                       - Undefined Weak Reference
    _printf_truncate_signed                   - Undefined Weak Reference
    _printf_truncate_unsigned                 - Undefined Weak Reference
    _rand_init                                - Undefined Weak Reference
    _signal_finish                            - Undefined Weak Reference
    _signal_init                              - Undefined Weak Reference
    _terminate_alloc                          - Undefined Weak Reference
    _terminate_user_alloc                     - Undefined Weak Reference
    _terminateio                              - Undefined Weak Reference
    __Vectors_Size                           0x000000ec   Number         0  startup_stm32f10x_md.o ABSOLUTE
    __Vectors                                0x08000000   Data           4  startup_stm32f10x_md.o(RESET)
    __Vectors_End                            0x080000ec   Data           0  startup_stm32f10x_md.o(RESET)
    __main                                   0x080000ed   Thumb Code     8  __main.o(!!!main)
    __scatterload                            0x080000f5   Thumb Code     0  __scatter.o(!!!scatter)
    __scatterload_rt2                        0x080000f5   Thumb Code    44  __scatter.o(!!!scatter)
    __scatterload_rt2_thumb_only             0x080000f5   Thumb Code     0  __scatter.o(!!!scatter)
    __scatterload_null                       0x08000103   Thumb Code     0  __scatter.o(!!!scatter)
    __decompress                             0x08000129   Thumb Code    90  __dczerorl2.o(!!dczerorl2)
    __decompress1                            0x08000129   Thumb Code     0  __dczerorl2.o(!!dczerorl2)
    __scatterload_zeroinit                   0x08000185   Thumb Code    28  __scatter_zi.o(!!handler_zi)
    _printf_d                                0x080001a1   Thumb Code     0  _printf_d.o(.ARM.Collect$$_printf_percent$$00000009)
    _printf_percent                          0x080001a1   Thumb Code     0  _printf_percent.o(.ARM.Collect$$_printf_percent$$00000000)
    _printf_percent_end                      0x080001a7   Thumb Code     0  _printf_percent_end.o(.ARM.Collect$$_printf_percent$$00000017)
    __rt_lib_init                            0x080001ab   Thumb Code     0  libinit.o(.ARM.Collect$$libinit$$00000000)
    __rt_lib_init_alloca_1                   0x080001ad   Thumb Code     0  libinit2.o(.ARM.Collect$$libinit$$0000002E)
    __rt_lib_init_argv_1                     0x080001ad   Thumb Code     0  libinit2.o(.ARM.Collect$$libinit$$0000002C)
    __rt_lib_init_atexit_1                   0x080001ad   Thumb Code     0  libinit2.o(.ARM.Collect$$libinit$$0000001B)
    __rt_lib_init_clock_1                    0x080001ad   Thumb Code     0  libinit2.o(.ARM.Collect$$libinit$$00000021)
    __rt_lib_init_cpp_1                      0x080001ad   Thumb Code     0  libinit2.o(.ARM.Collect$$libinit$$00000032)
    __rt_lib_init_exceptions_1               0x080001ad   Thumb Code     0  libinit2.o(.ARM.Collect$$libinit$$00000030)
    __rt_lib_init_fp_1                       0x080001ad   Thumb Code     0  libinit2.o(.ARM.Collect$$libinit$$00000002)
    __rt_lib_init_fp_trap_1                  0x080001ad   Thumb Code     0  libinit2.o(.ARM.Collect$$libinit$$0000001F)
    __rt_lib_init_getenv_1                   0x080001ad   Thumb Code     0  libinit2.o(.ARM.Collect$$libinit$$00000023)
    __rt_lib_init_heap_1                     0x080001ad   Thumb Code     0  libinit2.o(.ARM.Collect$$libinit$$0000000A)
    __rt_lib_init_lc_collate_1               0x080001ad   Thumb Code     0  libinit2.o(.ARM.Collect$$libinit$$00000011)
    __rt_lib_init_lc_ctype_1                 0x080001ad   Thumb Code     0  libinit2.o(.ARM.Collect$$libinit$$00000013)
    __rt_lib_init_lc_monetary_1              0x080001ad   Thumb Code     0  libinit2.o(.ARM.Collect$$libinit$$00000015)
    __rt_lib_init_lc_numeric_1               0x080001ad   Thumb Code     0  libinit2.o(.ARM.Collect$$libinit$$00000017)
    __rt_lib_init_lc_time_1                  0x080001ad   Thumb Code     0  libinit2.o(.ARM.Collect$$libinit$$00000019)
    __rt_lib_init_preinit_1                  0x080001ad   Thumb Code     0  libinit2.o(.ARM.Collect$$libinit$$00000004)
    __rt_lib_init_rand_1                     0x080001ad   Thumb Code     0  libinit2.o(.ARM.Collect$$libinit$$0000000E)
    __rt_lib_init_return                     0x080001ad   Thumb Code     0  libinit2.o(.ARM.Collect$$libinit$$00000033)
    __rt_lib_init_signal_1                   0x080001ad   Thumb Code     0  libinit2.o(.ARM.Collect$$libinit$$0000001D)
    __rt_lib_init_stdio_1                    0x080001ad   Thumb Code     0  libinit2.o(.ARM.Collect$$libinit$$00000025)
    __rt_lib_init_user_alloc_1               0x080001ad   Thumb Code     0  libinit2.o(.ARM.Collect$$libinit$$0000000C)
    __rt_lib_shutdown                        0x080001af   Thumb Code     0  libshutdown.o(.ARM.Collect$$libshutdown$$00000000)
    __rt_lib_shutdown_cpp_1                  0x080001b1   Thumb Code     0  libshutdown2.o(.ARM.Collect$$libshutdown$$00000002)
    __rt_lib_shutdown_fp_trap_1              0x080001b1   Thumb Code     0  libshutdown2.o(.ARM.Collect$$libshutdown$$00000007)
    __rt_lib_shutdown_heap_1                 0x080001b1   Thumb Code     0  libshutdown2.o(.ARM.Collect$$libshutdown$$0000000F)
    __rt_lib_shutdown_return                 0x080001b1   Thumb Code     0  libshutdown2.o(.ARM.Collect$$libshutdown$$00000010)
    __rt_lib_shutdown_signal_1               0x080001b1   Thumb Code     0  libshutdown2.o(.ARM.Collect$$libshutdown$$0000000A)
    __rt_lib_shutdown_stdio_1                0x080001b1   Thumb Code     0  libshutdown2.o(.ARM.Collect$$libshutdown$$00000004)
    __rt_lib_shutdown_user_alloc_1           0x080001b1   Thumb Code     0  libshutdown2.o(.ARM.Collect$$libshutdown$$0000000C)
    __rt_entry                               0x080001b3   Thumb Code     0  __rtentry.o(.ARM.Collect$$rtentry$$00000000)
    __rt_entry_presh_1                       0x080001b3   Thumb Code     0  __rtentry2.o(.ARM.Collect$$rtentry$$00000002)
    __rt_entry_sh                            0x080001b3   Thumb Code     0  __rtentry4.o(.ARM.Collect$$rtentry$$00000004)
    __rt_entry_li                            0x080001b9   Thumb Code     0  __rtentry2.o(.ARM.Collect$$rtentry$$0000000A)
    __rt_entry_postsh_1                      0x080001b9   Thumb Code     0  __rtentry2.o(.ARM.Collect$$rtentry$$00000009)
    __rt_entry_main                          0x080001bd   Thumb Code     0  __rtentry2.o(.ARM.Collect$$rtentry$$0000000D)
    __rt_entry_postli_1                      0x080001bd   Thumb Code     0  __rtentry2.o(.ARM.Collect$$rtentry$$0000000C)
    __rt_exit                                0x080001c5   Thumb Code     0  rtexit.o(.ARM.Collect$$rtexit$$00000000)
    __rt_exit_ls                             0x080001c7   Thumb Code     0  rtexit2.o(.ARM.Collect$$rtexit$$00000003)
    __rt_exit_prels_1                        0x080001c7   Thumb Code     0  rtexit2.o(.ARM.Collect$$rtexit$$00000002)
    __rt_exit_exit                           0x080001cb   Thumb Code     0  rtexit2.o(.ARM.Collect$$rtexit$$00000004)
    main                                     0x080001d1   Thumb Code    74  main.o(.text)
    NMI_Handler                              0x0800021b   Thumb Code     2  stm32f10x_it.o(.text)
    HardFault_Handler                        0x0800021d   Thumb Code     4  stm32f10x_it.o(.text)
    MemManage_Handler                        0x08000221   Thumb Code     4  stm32f10x_it.o(.text)
    BusFault_Handler                         0x08000225   Thumb Code     4  stm32f10x_it.o(.text)
    UsageFault_Handler                       0x08000229   Thumb Code     4  stm32f10x_it.o(.text)
    SVC_Handler                              0x0800022d   Thumb Code     2  stm32f10x_it.o(.text)
    DebugMon_Handler                         0x0800022f   Thumb Code     2  stm32f10x_it.o(.text)
    PendSV_Handler                           0x08000231   Thumb Code     2  stm32f10x_it.o(.text)
    SystemInit                               0x08000313   Thumb Code    78  system_stm32f10x.o(.text)
    SystemCoreClockUpdate                    0x08000361   Thumb Code   142  system_stm32f10x.o(.text)
    LED_Init                                 0x08000415   Thumb Code    46  led.o(.text)
    TIM4_PWM_Init                            0x08000449   Thumb Code   206  pwm.o(.text)
    pwm_output                               0x08000517   Thumb Code   350  pwm.o(.text)
    drv_spi_init                             0x08000685   Thumb Code   190  spi.o(.text)
    drv_spi_read_write_byte                  0x08000743   Thumb Code    92  spi.o(.text)
    drv_spi_transmit                         0x0800079f   Thumb Code    28  spi.o(.text)
    drv_spi_receive                          0x080007bb   Thumb Code    30  spi.o(.text)
    _sys_exit                                0x080007e1   Thumb Code     4  uart.o(.text)
    fputc                                    0x080007e5   Thumb Code    24  uart.o(.text)
    uart1_init                               0x080007fd   Thumb Code   152  uart.o(.text)
    USART1_IRQHandler                        0x08000895   Thumb Code    98  uart.o(.text)
    Uart1_Send                               0x080008f7   Thumb Code    62  uart.o(.text)
    uart2_init                               0x08000935   Thumb Code   156  uart.o(.text)
    USART2_IRQHandler                        0x080009d1   Thumb Code    96  uart.o(.text)
    Uart2_Send                               0x08000a31   Thumb Code    62  uart.o(.text)
    uart3_init                               0x08000a6f   Thumb Code   166  uart.o(.text)
    USART3_IRQHandler                        0x08000b15   Thumb Code    40  uart.o(.text)
    Uart3_Send                               0x08000b3d   Thumb Code    56  uart.o(.text)
    Drv_Icm20602_Init                        0x08000c09   Thumb Code   260  icm20602.o(.text)
    Drv_Icm20602_Read                        0x08000d0d   Thumb Code    16  icm20602.o(.text)
    MPU_GYRO_Calibration                     0x08000d25   Thumb Code   188  imu.o(.text)
    IMU_initial_data_update                  0x08000de1   Thumb Code   784  imu.o(.text)
    imu                                      0x080010f1   Thumb Code  1778  imu.o(.text)
    calculate_RPY                            0x080017e3   Thumb Code   204  imu.o(.text)
    imu_reset                                0x080018af   Thumb Code    68  imu.o(.text)
    MPU_ACC_Calibration                      0x080018f3   Thumb Code   138  imu.o(.text)
    imu_Init                                 0x0800197d   Thumb Code    34  imu.o(.text)
    Channel_offline_reset                    0x080019d5   Thumb Code     8  remote_signal.o(.text)
    Channel_data_Analysis                    0x080019dd   Thumb Code    66  remote_signal.o(.text)
    Channel_data_ByteGet                     0x08001a1f   Thumb Code   544  remote_signal.o(.text)
    Channel_offline_check                    0x08001c3f   Thumb Code    32  remote_signal.o(.text)
    TIM1_CH1_Input_Init                      0x08001c5f   Thumb Code   164  remote_signal.o(.text)
    ch_watch_dog_feed                        0x08001d03   Thumb Code    10  remote_signal.o(.text)
    PPM_calcu                                0x08001d0d   Thumb Code    78  remote_signal.o(.text)
    TIM1_CC_IRQHandler                       0x08001d5b   Thumb Code    58  remote_signal.o(.text)
    ch_offline_check                         0x08001d95   Thumb Code   134  remote_signal.o(.text)
    ch_data_limited                          0x08001e1b   Thumb Code   130  remote_signal.o(.text)
    schedule_init                            0x08001ed5   Thumb Code    32  schedule.o(.text)
    schedule_run                             0x08001ef5   Thumb Code   100  schedule.o(.text)
    imu_send                                 0x08001f69   Thumb Code   124  msginterchange.o(.text)
    Stabilize_task                           0x0800201d   Thumb Code   136  flight_ctrl.o(.text)
    Manual_task                              0x080020a5   Thumb Code    26  flight_ctrl.o(.text)
    flight_ctrl_task                         0x080020bf   Thumb Code   114  flight_ctrl.o(.text)
    att_val_init                             0x0800214d   Thumb Code    24  att_ctrl.o(.text)
    att_ctrl                                 0x08002165   Thumb Code   196  att_ctrl.o(.text)
    Reset_Handler                            0x0800225d   Thumb Code     8  startup_stm32f10x_md.o(.text)
    ADC1_2_IRQHandler                        0x08002277   Thumb Code     0  startup_stm32f10x_md.o(.text)
    CAN1_RX1_IRQHandler                      0x08002277   Thumb Code     0  startup_stm32f10x_md.o(.text)
    CAN1_SCE_IRQHandler                      0x08002277   Thumb Code     0  startup_stm32f10x_md.o(.text)
    DMA1_Channel1_IRQHandler                 0x08002277   Thumb Code     0  startup_stm32f10x_md.o(.text)
    DMA1_Channel2_IRQHandler                 0x08002277   Thumb Code     0  startup_stm32f10x_md.o(.text)
    DMA1_Channel3_IRQHandler                 0x08002277   Thumb Code     0  startup_stm32f10x_md.o(.text)
    DMA1_Channel4_IRQHandler                 0x08002277   Thumb Code     0  startup_stm32f10x_md.o(.text)
    DMA1_Channel5_IRQHandler                 0x08002277   Thumb Code     0  startup_stm32f10x_md.o(.text)
    DMA1_Channel6_IRQHandler                 0x08002277   Thumb Code     0  startup_stm32f10x_md.o(.text)
    DMA1_Channel7_IRQHandler                 0x08002277   Thumb Code     0  startup_stm32f10x_md.o(.text)
    EXTI0_IRQHandler                         0x08002277   Thumb Code     0  startup_stm32f10x_md.o(.text)
    EXTI15_10_IRQHandler                     0x08002277   Thumb Code     0  startup_stm32f10x_md.o(.text)
    EXTI1_IRQHandler                         0x08002277   Thumb Code     0  startup_stm32f10x_md.o(.text)
    EXTI2_IRQHandler                         0x08002277   Thumb Code     0  startup_stm32f10x_md.o(.text)
    EXTI3_IRQHandler                         0x08002277   Thumb Code     0  startup_stm32f10x_md.o(.text)
    EXTI4_IRQHandler                         0x08002277   Thumb Code     0  startup_stm32f10x_md.o(.text)
    EXTI9_5_IRQHandler                       0x08002277   Thumb Code     0  startup_stm32f10x_md.o(.text)
    FLASH_IRQHandler                         0x08002277   Thumb Code     0  startup_stm32f10x_md.o(.text)
    I2C1_ER_IRQHandler                       0x08002277   Thumb Code     0  startup_stm32f10x_md.o(.text)
    I2C1_EV_IRQHandler                       0x08002277   Thumb Code     0  startup_stm32f10x_md.o(.text)
    I2C2_ER_IRQHandler                       0x08002277   Thumb Code     0  startup_stm32f10x_md.o(.text)
    I2C2_EV_IRQHandler                       0x08002277   Thumb Code     0  startup_stm32f10x_md.o(.text)
    PVD_IRQHandler                           0x08002277   Thumb Code     0  startup_stm32f10x_md.o(.text)
    RCC_IRQHandler                           0x08002277   Thumb Code     0  startup_stm32f10x_md.o(.text)
    RTCAlarm_IRQHandler                      0x08002277   Thumb Code     0  startup_stm32f10x_md.o(.text)
    RTC_IRQHandler                           0x08002277   Thumb Code     0  startup_stm32f10x_md.o(.text)
    SPI1_IRQHandler                          0x08002277   Thumb Code     0  startup_stm32f10x_md.o(.text)
    SPI2_IRQHandler                          0x08002277   Thumb Code     0  startup_stm32f10x_md.o(.text)
    TAMPER_IRQHandler                        0x08002277   Thumb Code     0  startup_stm32f10x_md.o(.text)
    TIM1_BRK_IRQHandler                      0x08002277   Thumb Code     0  startup_stm32f10x_md.o(.text)
    TIM1_TRG_COM_IRQHandler                  0x08002277   Thumb Code     0  startup_stm32f10x_md.o(.text)
    TIM1_UP_IRQHandler                       0x08002277   Thumb Code     0  startup_stm32f10x_md.o(.text)
    TIM2_IRQHandler                          0x08002277   Thumb Code     0  startup_stm32f10x_md.o(.text)
    TIM3_IRQHandler                          0x08002277   Thumb Code     0  startup_stm32f10x_md.o(.text)
    TIM4_IRQHandler                          0x08002277   Thumb Code     0  startup_stm32f10x_md.o(.text)
    USBWakeUp_IRQHandler                     0x08002277   Thumb Code     0  startup_stm32f10x_md.o(.text)
    USB_HP_CAN1_TX_IRQHandler                0x08002277   Thumb Code     0  startup_stm32f10x_md.o(.text)
    USB_LP_CAN1_RX0_IRQHandler               0x08002277   Thumb Code     0  startup_stm32f10x_md.o(.text)
    WWDG_IRQHandler                          0x08002277   Thumb Code     0  startup_stm32f10x_md.o(.text)
    __user_initial_stackheap                 0x08002279   Thumb Code     0  startup_stm32f10x_md.o(.text)
    NVIC_PriorityGroupConfig                 0x0800229d   Thumb Code    10  misc.o(.text)
    NVIC_Init                                0x080022a7   Thumb Code   100  misc.o(.text)
    NVIC_SetVectorTable                      0x0800230b   Thumb Code    14  misc.o(.text)
    NVIC_SystemLPConfig                      0x08002319   Thumb Code    34  misc.o(.text)
    SysTick_CLKSourceConfig                  0x0800233b   Thumb Code    40  misc.o(.text)
    GPIO_DeInit                              0x08002379   Thumb Code   172  stm32f10x_gpio.o(.text)
    GPIO_AFIODeInit                          0x08002425   Thumb Code    20  stm32f10x_gpio.o(.text)
    GPIO_Init                                0x08002439   Thumb Code   278  stm32f10x_gpio.o(.text)
    GPIO_StructInit                          0x0800254f   Thumb Code    16  stm32f10x_gpio.o(.text)
    GPIO_ReadInputDataBit                    0x0800255f   Thumb Code    18  stm32f10x_gpio.o(.text)
    GPIO_ReadInputData                       0x08002571   Thumb Code     8  stm32f10x_gpio.o(.text)
    GPIO_ReadOutputDataBit                   0x08002579   Thumb Code    18  stm32f10x_gpio.o(.text)
    GPIO_ReadOutputData                      0x0800258b   Thumb Code     8  stm32f10x_gpio.o(.text)
    GPIO_SetBits                             0x08002593   Thumb Code     4  stm32f10x_gpio.o(.text)
    GPIO_ResetBits                           0x08002597   Thumb Code     4  stm32f10x_gpio.o(.text)
    GPIO_WriteBit                            0x0800259b   Thumb Code    10  stm32f10x_gpio.o(.text)
    GPIO_Write                               0x080025a5   Thumb Code     4  stm32f10x_gpio.o(.text)
    GPIO_PinLockConfig                       0x080025a9   Thumb Code    18  stm32f10x_gpio.o(.text)
    GPIO_EventOutputConfig                   0x080025bb   Thumb Code    26  stm32f10x_gpio.o(.text)
    GPIO_EventOutputCmd                      0x080025d5   Thumb Code     6  stm32f10x_gpio.o(.text)
    GPIO_PinRemapConfig                      0x080025db   Thumb Code   138  stm32f10x_gpio.o(.text)
    GPIO_EXTILineConfig                      0x08002665   Thumb Code    66  stm32f10x_gpio.o(.text)
    GPIO_ETH_MediaInterfaceConfig            0x080026a7   Thumb Code     8  stm32f10x_gpio.o(.text)
    RCC_DeInit                               0x080026d5   Thumb Code    64  stm32f10x_rcc.o(.text)
    RCC_HSEConfig                            0x08002715   Thumb Code    70  stm32f10x_rcc.o(.text)
    RCC_GetFlagStatus                        0x0800275b   Thumb Code    56  stm32f10x_rcc.o(.text)
    RCC_WaitForHSEStartUp                    0x08002793   Thumb Code    56  stm32f10x_rcc.o(.text)
    RCC_AdjustHSICalibrationValue            0x080027cb   Thumb Code    20  stm32f10x_rcc.o(.text)
    RCC_HSICmd                               0x080027df   Thumb Code     6  stm32f10x_rcc.o(.text)
    RCC_PLLConfig                            0x080027e5   Thumb Code    24  stm32f10x_rcc.o(.text)
    RCC_PLLCmd                               0x080027fd   Thumb Code     6  stm32f10x_rcc.o(.text)
    RCC_SYSCLKConfig                         0x08002803   Thumb Code    18  stm32f10x_rcc.o(.text)
    RCC_GetSYSCLKSource                      0x08002815   Thumb Code    10  stm32f10x_rcc.o(.text)
    RCC_HCLKConfig                           0x0800281f   Thumb Code    18  stm32f10x_rcc.o(.text)
    RCC_PCLK1Config                          0x08002831   Thumb Code    18  stm32f10x_rcc.o(.text)
    RCC_PCLK2Config                          0x08002843   Thumb Code    20  stm32f10x_rcc.o(.text)
    RCC_ITConfig                             0x08002857   Thumb Code    26  stm32f10x_rcc.o(.text)
    RCC_USBCLKConfig                         0x08002871   Thumb Code     8  stm32f10x_rcc.o(.text)
    RCC_ADCCLKConfig                         0x08002879   Thumb Code    18  stm32f10x_rcc.o(.text)
    RCC_LSEConfig                            0x0800288b   Thumb Code    50  stm32f10x_rcc.o(.text)
    RCC_LSICmd                               0x080028bd   Thumb Code     6  stm32f10x_rcc.o(.text)
    RCC_RTCCLKConfig                         0x080028c3   Thumb Code    12  stm32f10x_rcc.o(.text)
    RCC_RTCCLKCmd                            0x080028cf   Thumb Code     8  stm32f10x_rcc.o(.text)
    RCC_GetClocksFreq                        0x080028d7   Thumb Code   192  stm32f10x_rcc.o(.text)
    RCC_AHBPeriphClockCmd                    0x08002997   Thumb Code    26  stm32f10x_rcc.o(.text)
    RCC_APB2PeriphClockCmd                   0x080029b1   Thumb Code    26  stm32f10x_rcc.o(.text)
    RCC_APB1PeriphClockCmd                   0x080029cb   Thumb Code    26  stm32f10x_rcc.o(.text)
    RCC_APB2PeriphResetCmd                   0x080029e5   Thumb Code    26  stm32f10x_rcc.o(.text)
    RCC_APB1PeriphResetCmd                   0x080029ff   Thumb Code    26  stm32f10x_rcc.o(.text)
    RCC_BackupResetCmd                       0x08002a19   Thumb Code     8  stm32f10x_rcc.o(.text)
    RCC_ClockSecuritySystemCmd               0x08002a21   Thumb Code     6  stm32f10x_rcc.o(.text)
    RCC_MCOConfig                            0x08002a27   Thumb Code     6  stm32f10x_rcc.o(.text)
    RCC_ClearFlag                            0x08002a2d   Thumb Code    14  stm32f10x_rcc.o(.text)
    RCC_GetITStatus                          0x08002a3b   Thumb Code    20  stm32f10x_rcc.o(.text)
    RCC_ClearITPendingBit                    0x08002a4f   Thumb Code     6  stm32f10x_rcc.o(.text)
    SPI_I2S_DeInit                           0x08002a79   Thumb Code    76  stm32f10x_spi.o(.text)
    SPI_Init                                 0x08002ac5   Thumb Code    60  stm32f10x_spi.o(.text)
    I2S_Init                                 0x08002b01   Thumb Code   226  stm32f10x_spi.o(.text)
    SPI_StructInit                           0x08002be3   Thumb Code    24  stm32f10x_spi.o(.text)
    I2S_StructInit                           0x08002bfb   Thumb Code    20  stm32f10x_spi.o(.text)
    SPI_Cmd                                  0x08002c0f   Thumb Code    24  stm32f10x_spi.o(.text)
    I2S_Cmd                                  0x08002c27   Thumb Code    24  stm32f10x_spi.o(.text)
    SPI_I2S_ITConfig                         0x08002c3f   Thumb Code    32  stm32f10x_spi.o(.text)
    SPI_I2S_DMACmd                           0x08002c5f   Thumb Code    18  stm32f10x_spi.o(.text)
    SPI_I2S_SendData                         0x08002c71   Thumb Code     4  stm32f10x_spi.o(.text)
    SPI_I2S_ReceiveData                      0x08002c75   Thumb Code     6  stm32f10x_spi.o(.text)
    SPI_NSSInternalSoftwareConfig            0x08002c7b   Thumb Code    30  stm32f10x_spi.o(.text)
    SPI_SSOutputCmd                          0x08002c99   Thumb Code    24  stm32f10x_spi.o(.text)
    SPI_DataSizeConfig                       0x08002cb1   Thumb Code    18  stm32f10x_spi.o(.text)
    SPI_TransmitCRC                          0x08002cc3   Thumb Code    10  stm32f10x_spi.o(.text)
    SPI_CalculateCRC                         0x08002ccd   Thumb Code    24  stm32f10x_spi.o(.text)
    SPI_GetCRC                               0x08002ce5   Thumb Code    16  stm32f10x_spi.o(.text)
    SPI_GetCRCPolynomial                     0x08002cf5   Thumb Code     6  stm32f10x_spi.o(.text)
    SPI_BiDirectionalLineConfig              0x08002cfb   Thumb Code    28  stm32f10x_spi.o(.text)
    SPI_I2S_GetFlagStatus                    0x08002d17   Thumb Code    18  stm32f10x_spi.o(.text)
    SPI_I2S_ClearFlag                        0x08002d29   Thumb Code     6  stm32f10x_spi.o(.text)
    SPI_I2S_GetITStatus                      0x08002d2f   Thumb Code    52  stm32f10x_spi.o(.text)
    SPI_I2S_ClearITPendingBit                0x08002d63   Thumb Code    20  stm32f10x_spi.o(.text)
    TIM_DeInit                               0x08002d85   Thumb Code   424  stm32f10x_tim.o(.text)
    TIM_TimeBaseInit                         0x08002f2d   Thumb Code   122  stm32f10x_tim.o(.text)
    TIM_OC1Init                              0x08002fa7   Thumb Code   132  stm32f10x_tim.o(.text)
    TIM_OC2Init                              0x0800302b   Thumb Code   154  stm32f10x_tim.o(.text)
    TIM_OC3Init                              0x080030c5   Thumb Code   150  stm32f10x_tim.o(.text)
    TIM_OC4Init                              0x0800315b   Thumb Code   182  stm32f10x_tim.o(.text)
    TIM_SetIC4Prescaler                      0x08003211   Thumb Code    26  stm32f10x_tim.o(.text)
    TIM_SetIC3Prescaler                      0x080032ad   Thumb Code    18  stm32f10x_tim.o(.text)
    TIM_SetIC2Prescaler                      0x08003339   Thumb Code    26  stm32f10x_tim.o(.text)
    TIM_SetIC1Prescaler                      0x080033d5   Thumb Code    18  stm32f10x_tim.o(.text)
    TIM_ICInit                               0x08003453   Thumb Code   150  stm32f10x_tim.o(.text)
    TIM_PWMIConfig                           0x080034e9   Thumb Code   124  stm32f10x_tim.o(.text)
    TIM_BDTRConfig                           0x08003565   Thumb Code    32  stm32f10x_tim.o(.text)
    TIM_TimeBaseStructInit                   0x08003585   Thumb Code    18  stm32f10x_tim.o(.text)
    TIM_OCStructInit                         0x08003597   Thumb Code    20  stm32f10x_tim.o(.text)
    TIM_ICStructInit                         0x080035ab   Thumb Code    18  stm32f10x_tim.o(.text)
    TIM_BDTRStructInit                       0x080035bd   Thumb Code    40  stm32f10x_tim.o(.text)
    TIM_Cmd                                  0x080035e5   Thumb Code    24  stm32f10x_tim.o(.text)
    TIM_CtrlPWMOutputs                       0x080035fd   Thumb Code    30  stm32f10x_tim.o(.text)
    TIM_ITConfig                             0x0800361b   Thumb Code    18  stm32f10x_tim.o(.text)
    TIM_GenerateEvent                        0x0800362d   Thumb Code     4  stm32f10x_tim.o(.text)
    TIM_DMAConfig                            0x08003631   Thumb Code    10  stm32f10x_tim.o(.text)
    TIM_DMACmd                               0x0800363b   Thumb Code    18  stm32f10x_tim.o(.text)
    TIM_InternalClockConfig                  0x0800364d   Thumb Code    12  stm32f10x_tim.o(.text)
    TIM_SelectInputTrigger                   0x08003659   Thumb Code    18  stm32f10x_tim.o(.text)
    TIM_ITRxExternalClockConfig              0x0800366b   Thumb Code    24  stm32f10x_tim.o(.text)
    TIM_TIxExternalClockConfig               0x08003683   Thumb Code    62  stm32f10x_tim.o(.text)
    TIM_ETRConfig                            0x080036c1   Thumb Code    28  stm32f10x_tim.o(.text)
    TIM_ETRClockMode1Config                  0x080036dd   Thumb Code    54  stm32f10x_tim.o(.text)
    TIM_ETRClockMode2Config                  0x08003713   Thumb Code    32  stm32f10x_tim.o(.text)
    TIM_PrescalerConfig                      0x08003733   Thumb Code     6  stm32f10x_tim.o(.text)
    TIM_CounterModeConfig                    0x08003739   Thumb Code    18  stm32f10x_tim.o(.text)
    TIM_EncoderInterfaceConfig               0x0800374b   Thumb Code    66  stm32f10x_tim.o(.text)
    TIM_ForcedOC1Config                      0x0800378d   Thumb Code    18  stm32f10x_tim.o(.text)
    TIM_ForcedOC2Config                      0x0800379f   Thumb Code    26  stm32f10x_tim.o(.text)
    TIM_ForcedOC3Config                      0x080037b9   Thumb Code    18  stm32f10x_tim.o(.text)
    TIM_ForcedOC4Config                      0x080037cb   Thumb Code    26  stm32f10x_tim.o(.text)
    TIM_ARRPreloadConfig                     0x080037e5   Thumb Code    24  stm32f10x_tim.o(.text)
    TIM_SelectCOM                            0x080037fd   Thumb Code    24  stm32f10x_tim.o(.text)
    TIM_SelectCCDMA                          0x08003815   Thumb Code    24  stm32f10x_tim.o(.text)
    TIM_CCPreloadControl                     0x0800382d   Thumb Code    24  stm32f10x_tim.o(.text)
    TIM_OC1PreloadConfig                     0x08003845   Thumb Code    18  stm32f10x_tim.o(.text)
    TIM_OC2PreloadConfig                     0x08003857   Thumb Code    26  stm32f10x_tim.o(.text)
    TIM_OC3PreloadConfig                     0x08003871   Thumb Code    18  stm32f10x_tim.o(.text)
    TIM_OC4PreloadConfig                     0x08003883   Thumb Code    26  stm32f10x_tim.o(.text)
    TIM_OC1FastConfig                        0x0800389d   Thumb Code    18  stm32f10x_tim.o(.text)
    TIM_OC2FastConfig                        0x080038af   Thumb Code    26  stm32f10x_tim.o(.text)
    TIM_OC3FastConfig                        0x080038c9   Thumb Code    18  stm32f10x_tim.o(.text)
    TIM_OC4FastConfig                        0x080038db   Thumb Code    26  stm32f10x_tim.o(.text)
    TIM_ClearOC1Ref                          0x080038f5   Thumb Code    18  stm32f10x_tim.o(.text)
    TIM_ClearOC2Ref                          0x08003907   Thumb Code    24  stm32f10x_tim.o(.text)
    TIM_ClearOC3Ref                          0x0800391f   Thumb Code    18  stm32f10x_tim.o(.text)
    TIM_ClearOC4Ref                          0x08003931   Thumb Code    24  stm32f10x_tim.o(.text)
    TIM_OC1PolarityConfig                    0x08003949   Thumb Code    18  stm32f10x_tim.o(.text)
    TIM_OC1NPolarityConfig                   0x0800395b   Thumb Code    18  stm32f10x_tim.o(.text)
    TIM_OC2PolarityConfig                    0x0800396d   Thumb Code    26  stm32f10x_tim.o(.text)
    TIM_OC2NPolarityConfig                   0x08003987   Thumb Code    26  stm32f10x_tim.o(.text)
    TIM_OC3PolarityConfig                    0x080039a1   Thumb Code    26  stm32f10x_tim.o(.text)
    TIM_OC3NPolarityConfig                   0x080039bb   Thumb Code    26  stm32f10x_tim.o(.text)
    TIM_OC4PolarityConfig                    0x080039d5   Thumb Code    26  stm32f10x_tim.o(.text)
    TIM_CCxCmd                               0x080039ef   Thumb Code    30  stm32f10x_tim.o(.text)
    TIM_CCxNCmd                              0x08003a0d   Thumb Code    30  stm32f10x_tim.o(.text)
    TIM_SelectOCxM                           0x08003a2b   Thumb Code    82  stm32f10x_tim.o(.text)
    TIM_UpdateDisableConfig                  0x08003a7d   Thumb Code    24  stm32f10x_tim.o(.text)
    TIM_UpdateRequestConfig                  0x08003a95   Thumb Code    24  stm32f10x_tim.o(.text)
    TIM_SelectHallSensor                     0x08003aad   Thumb Code    24  stm32f10x_tim.o(.text)
    TIM_SelectOnePulseMode                   0x08003ac5   Thumb Code    18  stm32f10x_tim.o(.text)
    TIM_SelectOutputTrigger                  0x08003ad7   Thumb Code    18  stm32f10x_tim.o(.text)
    TIM_SelectSlaveMode                      0x08003ae9   Thumb Code    18  stm32f10x_tim.o(.text)
    TIM_SelectMasterSlaveMode                0x08003afb   Thumb Code    18  stm32f10x_tim.o(.text)
    TIM_SetCounter                           0x08003b0d   Thumb Code     4  stm32f10x_tim.o(.text)
    TIM_SetAutoreload                        0x08003b11   Thumb Code     4  stm32f10x_tim.o(.text)
    TIM_SetCompare1                          0x08003b15   Thumb Code     4  stm32f10x_tim.o(.text)
    TIM_SetCompare2                          0x08003b19   Thumb Code     4  stm32f10x_tim.o(.text)
    TIM_SetCompare3                          0x08003b1d   Thumb Code     4  stm32f10x_tim.o(.text)
    TIM_SetCompare4                          0x08003b21   Thumb Code     6  stm32f10x_tim.o(.text)
    TIM_SetClockDivision                     0x08003b27   Thumb Code    18  stm32f10x_tim.o(.text)
    TIM_GetCapture1                          0x08003b39   Thumb Code     6  stm32f10x_tim.o(.text)
    TIM_GetCapture2                          0x08003b3f   Thumb Code     6  stm32f10x_tim.o(.text)
    TIM_GetCapture3                          0x08003b45   Thumb Code     6  stm32f10x_tim.o(.text)
    TIM_GetCapture4                          0x08003b4b   Thumb Code     8  stm32f10x_tim.o(.text)
    TIM_GetCounter                           0x08003b53   Thumb Code     6  stm32f10x_tim.o(.text)
    TIM_GetPrescaler                         0x08003b59   Thumb Code     6  stm32f10x_tim.o(.text)
    TIM_GetFlagStatus                        0x08003b5f   Thumb Code    18  stm32f10x_tim.o(.text)
    TIM_ClearFlag                            0x08003b71   Thumb Code     6  stm32f10x_tim.o(.text)
    TIM_GetITStatus                          0x08003b77   Thumb Code    34  stm32f10x_tim.o(.text)
    TIM_ClearITPendingBit                    0x08003b99   Thumb Code     6  stm32f10x_tim.o(.text)
    USART_DeInit                             0x08003ba1   Thumb Code   134  stm32f10x_usart.o(.text)
    USART_Init                               0x08003c27   Thumb Code   210  stm32f10x_usart.o(.text)
    USART_StructInit                         0x08003cf9   Thumb Code    24  stm32f10x_usart.o(.text)
    USART_ClockInit                          0x08003d11   Thumb Code    34  stm32f10x_usart.o(.text)
    USART_ClockStructInit                    0x08003d33   Thumb Code    12  stm32f10x_usart.o(.text)
    USART_Cmd                                0x08003d3f   Thumb Code    24  stm32f10x_usart.o(.text)
    USART_ITConfig                           0x08003d57   Thumb Code    74  stm32f10x_usart.o(.text)
    USART_DMACmd                             0x08003da1   Thumb Code    18  stm32f10x_usart.o(.text)
    USART_SetAddress                         0x08003db3   Thumb Code    18  stm32f10x_usart.o(.text)
    USART_WakeUpConfig                       0x08003dc5   Thumb Code    18  stm32f10x_usart.o(.text)
    USART_ReceiverWakeUpCmd                  0x08003dd7   Thumb Code    24  stm32f10x_usart.o(.text)
    USART_LINBreakDetectLengthConfig         0x08003def   Thumb Code    18  stm32f10x_usart.o(.text)
    USART_LINCmd                             0x08003e01   Thumb Code    24  stm32f10x_usart.o(.text)
    USART_SendData                           0x08003e19   Thumb Code     8  stm32f10x_usart.o(.text)
    USART_ReceiveData                        0x08003e21   Thumb Code    10  stm32f10x_usart.o(.text)
    USART_SendBreak                          0x08003e2b   Thumb Code    10  stm32f10x_usart.o(.text)
    USART_SetGuardTime                       0x08003e35   Thumb Code    16  stm32f10x_usart.o(.text)
    USART_SetPrescaler                       0x08003e45   Thumb Code    16  stm32f10x_usart.o(.text)
    USART_SmartCardCmd                       0x08003e55   Thumb Code    24  stm32f10x_usart.o(.text)
    USART_SmartCardNACKCmd                   0x08003e6d   Thumb Code    24  stm32f10x_usart.o(.text)
    USART_HalfDuplexCmd                      0x08003e85   Thumb Code    24  stm32f10x_usart.o(.text)
    USART_OverSampling8Cmd                   0x08003e9d   Thumb Code    22  stm32f10x_usart.o(.text)
    USART_OneBitMethodCmd                    0x08003eb3   Thumb Code    24  stm32f10x_usart.o(.text)
    USART_IrDAConfig                         0x08003ecb   Thumb Code    18  stm32f10x_usart.o(.text)
    USART_IrDACmd                            0x08003edd   Thumb Code    24  stm32f10x_usart.o(.text)
    USART_GetFlagStatus                      0x08003ef5   Thumb Code    26  stm32f10x_usart.o(.text)
    USART_ClearFlag                          0x08003f0f   Thumb Code    18  stm32f10x_usart.o(.text)
    USART_GetITStatus                        0x08003f21   Thumb Code    84  stm32f10x_usart.o(.text)
    USART_ClearITPendingBit                  0x08003f75   Thumb Code    52  stm32f10x_usart.o(.text)
    delay_init                               0x08003fa9   Thumb Code    50  delay.o(.text)
    GetSysTime_us                            0x08003fdb   Thumb Code    58  delay.o(.text)
    delay_us                                 0x08004015   Thumb Code    24  delay.o(.text)
    delay_ms                                 0x0800402d   Thumb Code    18  delay.o(.text)
    SysTick_IT_Init                          0x0800403f   Thumb Code   122  delay.o(.text)
    SysTick_Handler                          0x080040b9   Thumb Code    12  delay.o(.text)
    GetSysTime_ms                            0x080040c5   Thumb Code     6  delay.o(.text)
    my_sqrt_reciprocal                       0x080040e9   Thumb Code   108  kaiju_math.o(.text)
    my_sqrt                                  0x08004155   Thumb Code    20  kaiju_math.o(.text)
    my_abs                                   0x08004169   Thumb Code    24  kaiju_math.o(.text)
    fast_atan2                               0x08004181   Thumb Code   344  kaiju_math.o(.text)
    PID_calcu                                0x080042d9   Thumb Code   244  kaiju_math.o(.text)
    __use_no_semihosting                     0x080043e5   Thumb Code     2  use_no_semi_2.o(.text)
    __2printf                                0x080043e9   Thumb Code    20  noretval__2printf.o(.text)
    __printf                                 0x08004401   Thumb Code   104  __printf.o(.text)
    _printf_int_dec                          0x08004469   Thumb Code   104  _printf_dec.o(.text)
    __aeabi_memcpy4                          0x080044e1   Thumb Code     0  rt_memcpy_w.o(.text)
    __aeabi_memcpy8                          0x080044e1   Thumb Code     0  rt_memcpy_w.o(.text)
    __rt_memcpy_w                            0x080044e1   Thumb Code   100  rt_memcpy_w.o(.text)
    _memcpy_lastbytes_aligned                0x08004529   Thumb Code     0  rt_memcpy_w.o(.text)
    __use_two_region_memory                  0x08004545   Thumb Code     2  heapauxi.o(.text)
    __rt_heap_escrow$2region                 0x08004547   Thumb Code     2  heapauxi.o(.text)
    __rt_heap_expand$2region                 0x08004549   Thumb Code     2  heapauxi.o(.text)
    __I$use$semihosting                      0x0800454b   Thumb Code     0  use_no_semi.o(.text)
    __use_no_semihosting_swi                 0x0800454b   Thumb Code     2  use_no_semi.o(.text)
    _printf_int_common                       0x0800454d   Thumb Code   178  _printf_intcommon.o(.text)
    _printf_char_file                        0x08004601   Thumb Code    32  _printf_char_file.o(.text)
    _printf_char_common                      0x0800462f   Thumb Code    32  _printf_char_common.o(.text)
    ferror                                   0x08004655   Thumb Code     8  ferror.o(.text)
    __user_setup_stackheap                   0x0800465d   Thumb Code    74  sys_stackheap_outer.o(.text)
    exit                                     0x080046a7   Thumb Code    18  exit.o(.text)
    __user_libspace                          0x080046b9   Thumb Code     8  libspace.o(.text)
    __user_perproc_libspace                  0x080046b9   Thumb Code     0  libspace.o(.text)
    __user_perthread_libspace                0x080046b9   Thumb Code     0  libspace.o(.text)
    __aeabi_fadd                             0x080046c1   Thumb Code     0  faddsub_clz.o(x$fpl$fadd)
    _fadd                                    0x080046c1   Thumb Code   196  faddsub_clz.o(x$fpl$fadd)
    __fpl_fcmp_Inf                           0x08004785   Thumb Code    24  fcmpi.o(x$fpl$fcmpinf)
    __aeabi_fdiv                             0x0800479d   Thumb Code     0  fdiv.o(x$fpl$fdiv)
    _fdiv                                    0x0800479d   Thumb Code   384  fdiv.o(x$fpl$fdiv)
    __aeabi_cfcmpeq                          0x08004921   Thumb Code     0  feqf.o(x$fpl$feqf)
    _fcmpeq                                  0x08004921   Thumb Code   104  feqf.o(x$fpl$feqf)
    __aeabi_f2iz                             0x08004989   Thumb Code     0  ffix.o(x$fpl$ffix)
    _ffix                                    0x08004989   Thumb Code    54  ffix.o(x$fpl$ffix)
    __aeabi_i2f                              0x080049c1   Thumb Code     0  fflt_clz.o(x$fpl$fflt)
    _fflt                                    0x080049c1   Thumb Code    48  fflt_clz.o(x$fpl$fflt)
    __aeabi_ui2f                             0x080049f1   Thumb Code     0  fflt_clz.o(x$fpl$ffltu)
    _ffltu                                   0x080049f1   Thumb Code    38  fflt_clz.o(x$fpl$ffltu)
    __aeabi_cfcmple                          0x08004a19   Thumb Code     0  fleqf.o(x$fpl$fleqf)
    _fcmple                                  0x08004a19   Thumb Code   104  fleqf.o(x$fpl$fleqf)
    __fpl_fcmple_InfNaN                      0x08004a6b   Thumb Code     0  fleqf.o(x$fpl$fleqf)
    __aeabi_fmul                             0x08004a81   Thumb Code     0  fmul.o(x$fpl$fmul)
    _fmul                                    0x08004a81   Thumb Code   258  fmul.o(x$fpl$fmul)
    __fpl_fnaninf                            0x08004b83   Thumb Code   140  fnaninf.o(x$fpl$fnaninf)
    __fpl_fretinf                            0x08004c0f   Thumb Code    10  fretinf.o(x$fpl$fretinf)
    __aeabi_cfrcmple                         0x08004c19   Thumb Code     0  frleqf.o(x$fpl$frleqf)
    _frcmple                                 0x08004c19   Thumb Code    98  frleqf.o(x$fpl$frleqf)
    __aeabi_frsub                            0x08004c7b   Thumb Code     0  faddsub_clz.o(x$fpl$frsb)
    _frsb                                    0x08004c7b   Thumb Code    20  faddsub_clz.o(x$fpl$frsb)
    __aeabi_fsub                             0x08004c91   Thumb Code     0  faddsub_clz.o(x$fpl$fsub)
    _fsub                                    0x08004c91   Thumb Code   234  faddsub_clz.o(x$fpl$fsub)
    __I$use$fp                               0x08004d7a   Number         0  usenofp.o(x$fpl$usenofp)
    fast_atan_table                          0x08004d7c   Data        1028  kaiju_math.o(.constdata)
    Region$$Table$$Base                      0x08005180   Number         0  anon$$obj.o(Region$$Table)
    Region$$Table$$Limit                     0x080051a0   Number         0  anon$$obj.o(Region$$Table)
    SystemCoreClock                          0x20000000   Data           4  system_stm32f10x.o(.data)
    AHBPrescTable                            0x20000004   Data          16  system_stm32f10x.o(.data)
    __stdout                                 0x20000014   Data           4  uart.o(.data)
    TxCounter1                               0x20000018   Data           1  uart.o(.data)
    count1                                   0x20000019   Data           1  uart.o(.data)
    Rx_data                                  0x2000001a   Data           1  uart.o(.data)
    TxCounter2                               0x2000001b   Data           1  uart.o(.data)
    count2                                   0x2000001c   Data           1  uart.o(.data)
    ICM_ID                                   0x2000001d   Data           1  icm20602.o(.data)
    mpu_data                                 0x20000020   Data          48  imu.o(.data)
    imu_data                                 0x20000050   Data         100  imu.o(.data)
    deadline_count                           0x200000b8   Data           2  remote_signal.o(.data)
    task_queue                               0x200000d0   Data          48  schedule.o(.data)
    time_now                                 0x20000100   Data           4  schedule.o(.data)
    fl_st                                    0x20000104   Data           2  flight_ctrl.o(.data)
    flight_arg                               0x20000108   Data          32  arg_manage.o(.data)
    rol_arg_L1                               0x20000130   Data          16  att_ctrl.o(.data)
    pit_arg_L1                               0x20000140   Data          16  att_ctrl.o(.data)
    rol_arg_L2                               0x20000150   Data          16  att_ctrl.o(.data)
    pit_arg_L2                               0x20000160   Data          16  att_ctrl.o(.data)
    systime_ms                               0x20000188   Data           4  delay.o(.data)
    TxBuffer1                                0x2000018c   Data         256  uart.o(.bss)
    TxBuffer2                                0x2000028c   Data         256  uart.o(.bss)
    z_vec                                    0x2000038c   Data          12  imu.o(.bss)
    vec_err_i                                0x20000398   Data          12  imu.o(.bss)
    rc_in                                    0x2000041c   Data          84  remote_signal.o(.bss)
    ch_offline_time                          0x20000470   Data          16  remote_signal.o(.bss)
    rol_val_L1                               0x2000049c   Data          16  att_ctrl.o(.bss)
    pit_val_L1                               0x200004ac   Data          16  att_ctrl.o(.bss)
    rol_val_L2                               0x200004bc   Data          16  att_ctrl.o(.bss)
    pit_val_L2                               0x200004cc   Data          16  att_ctrl.o(.bss)
    __libspace_start                         0x200004dc   Data          96  libspace.o(.bss)
    __temporary_stack_top$libspace           0x2000053c   Data           0  libspace.o(.bss)



==============================================================================

Memory Map of the image

  Image Entry point : 0x080000ed

  Load Region LR_IROM1 (Base: 0x08000000, Size: 0x0000532c, Max: 0x00010000, ABSOLUTE, COMPRESSED[0x00005220])

    Execution Region ER_IROM1 (Exec base: 0x08000000, Load base: 0x08000000, Size: 0x000051a0, Max: 0x00010000, ABSOLUTE)

    Exec Addr    Load Addr    Size         Type   Attr      Idx    E Section Name        Object

    0x08000000   0x08000000   0x000000ec   Data   RO          444    RESET               startup_stm32f10x_md.o
    0x080000ec   0x080000ec   0x00000008   Code   RO          799  * !!!main             c_w.l(__main.o)
    0x080000f4   0x080000f4   0x00000034   Code   RO         1004    !!!scatter          c_w.l(__scatter.o)
    0x08000128   0x08000128   0x0000005a   Code   RO         1002    !!dczerorl2         c_w.l(__dczerorl2.o)
    0x08000182   0x08000182   0x00000002   PAD
    0x08000184   0x08000184   0x0000001c   Code   RO         1006    !!handler_zi        c_w.l(__scatter_zi.o)
    0x080001a0   0x080001a0   0x00000000   Code   RO          794    .ARM.Collect$$_printf_percent$$00000000  c_w.l(_printf_percent.o)
    0x080001a0   0x080001a0   0x00000006   Code   RO          793    .ARM.Collect$$_printf_percent$$00000009  c_w.l(_printf_d.o)
    0x080001a6   0x080001a6   0x00000004   Code   RO          836    .ARM.Collect$$_printf_percent$$00000017  c_w.l(_printf_percent_end.o)
    0x080001aa   0x080001aa   0x00000002   Code   RO          876    .ARM.Collect$$libinit$$00000000  c_w.l(libinit.o)
    0x080001ac   0x080001ac   0x00000000   Code   RO          883    .ARM.Collect$$libinit$$00000002  c_w.l(libinit2.o)
    0x080001ac   0x080001ac   0x00000000   Code   RO          885    .ARM.Collect$$libinit$$00000004  c_w.l(libinit2.o)
    0x080001ac   0x080001ac   0x00000000   Code   RO          888    .ARM.Collect$$libinit$$0000000A  c_w.l(libinit2.o)
    0x080001ac   0x080001ac   0x00000000   Code   RO          890    .ARM.Collect$$libinit$$0000000C  c_w.l(libinit2.o)
    0x080001ac   0x080001ac   0x00000000   Code   RO          892    .ARM.Collect$$libinit$$0000000E  c_w.l(libinit2.o)
    0x080001ac   0x080001ac   0x00000000   Code   RO          895    .ARM.Collect$$libinit$$00000011  c_w.l(libinit2.o)
    0x080001ac   0x080001ac   0x00000000   Code   RO          897    .ARM.Collect$$libinit$$00000013  c_w.l(libinit2.o)
    0x080001ac   0x080001ac   0x00000000   Code   RO          899    .ARM.Collect$$libinit$$00000015  c_w.l(libinit2.o)
    0x080001ac   0x080001ac   0x00000000   Code   RO          901    .ARM.Collect$$libinit$$00000017  c_w.l(libinit2.o)
    0x080001ac   0x080001ac   0x00000000   Code   RO          903    .ARM.Collect$$libinit$$00000019  c_w.l(libinit2.o)
    0x080001ac   0x080001ac   0x00000000   Code   RO          905    .ARM.Collect$$libinit$$0000001B  c_w.l(libinit2.o)
    0x080001ac   0x080001ac   0x00000000   Code   RO          907    .ARM.Collect$$libinit$$0000001D  c_w.l(libinit2.o)
    0x080001ac   0x080001ac   0x00000000   Code   RO          909    .ARM.Collect$$libinit$$0000001F  c_w.l(libinit2.o)
    0x080001ac   0x080001ac   0x00000000   Code   RO          911    .ARM.Collect$$libinit$$00000021  c_w.l(libinit2.o)
    0x080001ac   0x080001ac   0x00000000   Code   RO          913    .ARM.Collect$$libinit$$00000023  c_w.l(libinit2.o)
    0x080001ac   0x080001ac   0x00000000   Code   RO          915    .ARM.Collect$$libinit$$00000025  c_w.l(libinit2.o)
    0x080001ac   0x080001ac   0x00000000   Code   RO          919    .ARM.Collect$$libinit$$0000002C  c_w.l(libinit2.o)
    0x080001ac   0x080001ac   0x00000000   Code   RO          921    .ARM.Collect$$libinit$$0000002E  c_w.l(libinit2.o)
    0x080001ac   0x080001ac   0x00000000   Code   RO          923    .ARM.Collect$$libinit$$00000030  c_w.l(libinit2.o)
    0x080001ac   0x080001ac   0x00000000   Code   RO          925    .ARM.Collect$$libinit$$00000032  c_w.l(libinit2.o)
    0x080001ac   0x080001ac   0x00000002   Code   RO          926    .ARM.Collect$$libinit$$00000033  c_w.l(libinit2.o)
    0x080001ae   0x080001ae   0x00000002   Code   RO          944    .ARM.Collect$$libshutdown$$00000000  c_w.l(libshutdown.o)
    0x080001b0   0x080001b0   0x00000000   Code   RO          954    .ARM.Collect$$libshutdown$$00000002  c_w.l(libshutdown2.o)
    0x080001b0   0x080001b0   0x00000000   Code   RO          956    .ARM.Collect$$libshutdown$$00000004  c_w.l(libshutdown2.o)
    0x080001b0   0x080001b0   0x00000000   Code   RO          959    .ARM.Collect$$libshutdown$$00000007  c_w.l(libshutdown2.o)
    0x080001b0   0x080001b0   0x00000000   Code   RO          962    .ARM.Collect$$libshutdown$$0000000A  c_w.l(libshutdown2.o)
    0x080001b0   0x080001b0   0x00000000   Code   RO          964    .ARM.Collect$$libshutdown$$0000000C  c_w.l(libshutdown2.o)
    0x080001b0   0x080001b0   0x00000000   Code   RO          967    .ARM.Collect$$libshutdown$$0000000F  c_w.l(libshutdown2.o)
    0x080001b0   0x080001b0   0x00000002   Code   RO          968    .ARM.Collect$$libshutdown$$00000010  c_w.l(libshutdown2.o)
    0x080001b2   0x080001b2   0x00000000   Code   RO          831    .ARM.Collect$$rtentry$$00000000  c_w.l(__rtentry.o)
    0x080001b2   0x080001b2   0x00000000   Code   RO          845    .ARM.Collect$$rtentry$$00000002  c_w.l(__rtentry2.o)
    0x080001b2   0x080001b2   0x00000006   Code   RO          857    .ARM.Collect$$rtentry$$00000004  c_w.l(__rtentry4.o)
    0x080001b8   0x080001b8   0x00000000   Code   RO          847    .ARM.Collect$$rtentry$$00000009  c_w.l(__rtentry2.o)
    0x080001b8   0x080001b8   0x00000004   Code   RO          848    .ARM.Collect$$rtentry$$0000000A  c_w.l(__rtentry2.o)
    0x080001bc   0x080001bc   0x00000000   Code   RO          850    .ARM.Collect$$rtentry$$0000000C  c_w.l(__rtentry2.o)
    0x080001bc   0x080001bc   0x00000008   Code   RO          851    .ARM.Collect$$rtentry$$0000000D  c_w.l(__rtentry2.o)
    0x080001c4   0x080001c4   0x00000002   Code   RO          880    .ARM.Collect$$rtexit$$00000000  c_w.l(rtexit.o)
    0x080001c6   0x080001c6   0x00000000   Code   RO          928    .ARM.Collect$$rtexit$$00000002  c_w.l(rtexit2.o)
    0x080001c6   0x080001c6   0x00000004   Code   RO          929    .ARM.Collect$$rtexit$$00000003  c_w.l(rtexit2.o)
    0x080001ca   0x080001ca   0x00000006   Code   RO          930    .ARM.Collect$$rtexit$$00000004  c_w.l(rtexit2.o)
    0x080001d0   0x080001d0   0x0000004a   Code   RO            1    .text               main.o
    0x0800021a   0x0800021a   0x00000018   Code   RO          138    .text               stm32f10x_it.o
    0x08000232   0x08000232   0x00000002   PAD
    0x08000234   0x08000234   0x000001e0   Code   RO          153    .text               system_stm32f10x.o
    0x08000414   0x08000414   0x00000034   Code   RO          187    .text               led.o
    0x08000448   0x08000448   0x0000023c   Code   RO          199    .text               pwm.o
    0x08000684   0x08000684   0x0000015c   Code   RO          218    .text               spi.o
    0x080007e0   0x080007e0   0x000003c4   Code   RO          230    .text               uart.o
    0x08000ba4   0x08000ba4   0x00000180   Code   RO          254    .text               icm20602.o
    0x08000d24   0x08000d24   0x00000cb0   Code   RO          269    .text               imu.o
    0x080019d4   0x080019d4   0x000004d4   Code   RO          288    .text               remote_signal.o
    0x08001ea8   0x08001ea8   0x000000c0   Code   RO          307    .text               schedule.o
    0x08001f68   0x08001f68   0x000000b4   Code   RO          329    .text               msginterchange.o
    0x0800201c   0x0800201c   0x00000130   Code   RO          341    .text               flight_ctrl.o
    0x0800214c   0x0800214c   0x00000110   Code   RO          385    .text               att_ctrl.o
    0x0800225c   0x0800225c   0x00000040   Code   RO          445    .text               startup_stm32f10x_md.o
    0x0800229c   0x0800229c   0x000000dc   Code   RO          449    .text               misc.o
    0x08002378   0x08002378   0x0000035c   Code   RO          593    .text               stm32f10x_gpio.o
    0x080026d4   0x080026d4   0x000003a4   Code   RO          641    .text               stm32f10x_rcc.o
    0x08002a78   0x08002a78   0x0000030c   Code   RO          679    .text               stm32f10x_spi.o
    0x08002d84   0x08002d84   0x00000e1a   Code   RO          691    .text               stm32f10x_tim.o
    0x08003b9e   0x08003b9e   0x00000002   PAD
    0x08003ba0   0x08003ba0   0x00000408   Code   RO          703    .text               stm32f10x_usart.o
    0x08003fa8   0x08003fa8   0x00000140   Code   RO          727    .text               delay.o
    0x080040e8   0x080040e8   0x000002fc   Code   RO          746    .text               kaiju_math.o
    0x080043e4   0x080043e4   0x00000002   Code   RO          763    .text               c_w.l(use_no_semi_2.o)
    0x080043e6   0x080043e6   0x00000002   PAD
    0x080043e8   0x080043e8   0x00000018   Code   RO          767    .text               c_w.l(noretval__2printf.o)
    0x08004400   0x08004400   0x00000068   Code   RO          769    .text               c_w.l(__printf.o)
    0x08004468   0x08004468   0x00000078   Code   RO          771    .text               c_w.l(_printf_dec.o)
    0x080044e0   0x080044e0   0x00000064   Code   RO          795    .text               c_w.l(rt_memcpy_w.o)
    0x08004544   0x08004544   0x00000006   Code   RO          797    .text               c_w.l(heapauxi.o)
    0x0800454a   0x0800454a   0x00000002   Code   RO          829    .text               c_w.l(use_no_semi.o)
    0x0800454c   0x0800454c   0x000000b2   Code   RO          832    .text               c_w.l(_printf_intcommon.o)
    0x080045fe   0x080045fe   0x00000002   PAD
    0x08004600   0x08004600   0x00000024   Code   RO          834    .text               c_w.l(_printf_char_file.o)
    0x08004624   0x08004624   0x00000030   Code   RO          859    .text               c_w.l(_printf_char_common.o)
    0x08004654   0x08004654   0x00000008   Code   RO          861    .text               c_w.l(ferror.o)
    0x0800465c   0x0800465c   0x0000004a   Code   RO          865    .text               c_w.l(sys_stackheap_outer.o)
    0x080046a6   0x080046a6   0x00000012   Code   RO          869    .text               c_w.l(exit.o)
    0x080046b8   0x080046b8   0x00000008   Code   RO          877    .text               c_w.l(libspace.o)
    0x080046c0   0x080046c0   0x000000c4   Code   RO          801    x$fpl$fadd          fz_ws.l(faddsub_clz.o)
    0x08004784   0x08004784   0x00000018   Code   RO          837    x$fpl$fcmpinf       fz_ws.l(fcmpi.o)
    0x0800479c   0x0800479c   0x00000184   Code   RO          808    x$fpl$fdiv          fz_ws.l(fdiv.o)
    0x08004920   0x08004920   0x00000068   Code   RO          811    x$fpl$feqf          fz_ws.l(feqf.o)
    0x08004988   0x08004988   0x00000036   Code   RO          813    x$fpl$ffix          fz_ws.l(ffix.o)
    0x080049be   0x080049be   0x00000002   PAD
    0x080049c0   0x080049c0   0x00000030   Code   RO          818    x$fpl$fflt          fz_ws.l(fflt_clz.o)
    0x080049f0   0x080049f0   0x00000026   Code   RO          817    x$fpl$ffltu         fz_ws.l(fflt_clz.o)
    0x08004a16   0x08004a16   0x00000002   PAD
    0x08004a18   0x08004a18   0x00000068   Code   RO          823    x$fpl$fleqf         fz_ws.l(fleqf.o)
    0x08004a80   0x08004a80   0x00000102   Code   RO          825    x$fpl$fmul          fz_ws.l(fmul.o)
    0x08004b82   0x08004b82   0x0000008c   Code   RO          839    x$fpl$fnaninf       fz_ws.l(fnaninf.o)
    0x08004c0e   0x08004c0e   0x0000000a   Code   RO          841    x$fpl$fretinf       fz_ws.l(fretinf.o)
    0x08004c18   0x08004c18   0x00000062   Code   RO          827    x$fpl$frleqf        fz_ws.l(frleqf.o)
    0x08004c7a   0x08004c7a   0x00000014   Code   RO          802    x$fpl$frsb          fz_ws.l(faddsub_clz.o)
    0x08004c8e   0x08004c8e   0x00000002   PAD
    0x08004c90   0x08004c90   0x000000ea   Code   RO          803    x$fpl$fsub          fz_ws.l(faddsub_clz.o)
    0x08004d7a   0x08004d7a   0x00000000   Code   RO          843    x$fpl$usenofp       fz_ws.l(usenofp.o)
    0x08004d7a   0x08004d7a   0x00000002   PAD
    0x08004d7c   0x08004d7c   0x00000404   Data   RO          747    .constdata          kaiju_math.o
    0x08005180   0x08005180   0x00000020   Data   RO         1000    Region$$Table       anon$$obj.o


    Execution Region RW_IRAM1 (Exec base: 0x20000000, Load base: 0x080051a0, Size: 0x00000b40, Max: 0x00005000, ABSOLUTE, COMPRESSED[0x00000080])

    Exec Addr    Load Addr    Size         Type   Attr      Idx    E Section Name        Object

    0x20000000   COMPRESSED   0x00000014   Data   RW          154    .data               system_stm32f10x.o
    0x20000014   COMPRESSED   0x00000009   Data   RW          232    .data               uart.o
    0x2000001d   COMPRESSED   0x00000001   Data   RW          255    .data               icm20602.o
    0x2000001e   COMPRESSED   0x00000002   PAD
    0x20000020   COMPRESSED   0x00000098   Data   RW          271    .data               imu.o
    0x200000b8   COMPRESSED   0x00000015   Data   RW          290    .data               remote_signal.o
    0x200000cd   COMPRESSED   0x00000003   PAD
    0x200000d0   COMPRESSED   0x00000034   Data   RW          308    .data               schedule.o
    0x20000104   COMPRESSED   0x00000002   Data   RW          342    .data               flight_ctrl.o
    0x20000106   COMPRESSED   0x00000002   PAD
    0x20000108   COMPRESSED   0x00000026   Data   RW          365    .data               arg_manage.o
    0x2000012e   COMPRESSED   0x00000002   PAD
    0x20000130   COMPRESSED   0x00000040   Data   RW          387    .data               att_ctrl.o
    0x20000170   COMPRESSED   0x00000014   Data   RW          642    .data               stm32f10x_rcc.o
    0x20000184   COMPRESSED   0x00000008   Data   RW          728    .data               delay.o
    0x2000018c        -       0x00000200   Zero   RW          231    .bss                uart.o
    0x2000038c        -       0x00000090   Zero   RW          270    .bss                imu.o
    0x2000041c        -       0x0000007d   Zero   RW          289    .bss                remote_signal.o
    0x20000499   COMPRESSED   0x00000003   PAD
    0x2000049c        -       0x00000040   Zero   RW          386    .bss                att_ctrl.o
    0x200004dc        -       0x00000060   Zero   RW          878    .bss                c_w.l(libspace.o)
    0x2000053c   COMPRESSED   0x00000004   PAD
    0x20000540        -       0x00000200   Zero   RW          443    HEAP                startup_stm32f10x_md.o
    0x20000740        -       0x00000400   Zero   RW          442    STACK               startup_stm32f10x_md.o


==============================================================================

Image component sizes


      Code (inc. data)   RO Data    RW Data    ZI Data      Debug   Object Name

         0          0          0         38          0       1882   arg_manage.o
       272         52          0         64         64       1430   att_ctrl.o
         0          0          0          0          0         32   core_cm3.o
       320         30          0          8          0      17007   delay.o
       304         28          0          2          0       1494   flight_ctrl.o
       384          8          0          1          0       2083   icm20602.o
      3248        138          0        152        144       4436   imu.o
       764         24       1028          0          0       2799   kaiju_math.o
        52          6          0          0          0        475   led.o
        74          0          0          0          0     259171   main.o
       220         22          0          0          0       1801   misc.o
       180         56          0          0          0        595   msginterchange.o
       572         16          0          0          0       2159   pwm.o
      1236         66          0         21        125       4212   remote_signal.o
       192         16          0         52          0       1763   schedule.o
       348          8          0          0          0       1764   spi.o
        64         26        236          0       1536        804   startup_stm32f10x_md.o
       860         38          0          0          0       5733   stm32f10x_gpio.o
        24          0          0          0          0       1106   stm32f10x_it.o
       932         36          0         20          0       8912   stm32f10x_rcc.o
       780         14          0          0          0       6614   stm32f10x_spi.o
      3610         88          0          0          0      22840   stm32f10x_tim.o
      1032         22          0          0          0       8460   stm32f10x_usart.o
       480         38          0         20          0       1791   system_stm32f10x.o
       964         48          0          9        512       5172   uart.o

    ----------------------------------------------------------------------
     16916        780       1296        396       2384     364535   Object Totals
         0          0         32          0          0          0   (incl. Generated)
         4          0          0          9          3          0   (incl. Padding)

    ----------------------------------------------------------------------

      Code (inc. data)   RO Data    RW Data    ZI Data      Debug   Library Member Name

        90          0          0          0          0          0   __dczerorl2.o
         8          0          0          0          0         68   __main.o
       104          0          0          0          0         84   __printf.o
         0          0          0          0          0          0   __rtentry.o
        12          0          0          0          0          0   __rtentry2.o
         6          0          0          0          0          0   __rtentry4.o
        52          8          0          0          0          0   __scatter.o
        28          0          0          0          0          0   __scatter_zi.o
        48          6          0          0          0         96   _printf_char_common.o
        36          4          0          0          0         80   _printf_char_file.o
         6          0          0          0          0          0   _printf_d.o
       120         16          0          0          0         92   _printf_dec.o
       178          0          0          0          0         88   _printf_intcommon.o
         0          0          0          0          0          0   _printf_percent.o
         4          0          0          0          0          0   _printf_percent_end.o
        18          0          0          0          0         80   exit.o
         8          0          0          0          0         68   ferror.o
         6          0          0          0          0        152   heapauxi.o
         2          0          0          0          0          0   libinit.o
         2          0          0          0          0          0   libinit2.o
         2          0          0          0          0          0   libshutdown.o
         2          0          0          0          0          0   libshutdown2.o
         8          4          0          0         96         68   libspace.o
        24          4          0          0          0         84   noretval__2printf.o
       100          0          0          0          0         80   rt_memcpy_w.o
         2          0          0          0          0          0   rtexit.o
        10          0          0          0          0          0   rtexit2.o
        74          0          0          0          0         80   sys_stackheap_outer.o
         2          0          0          0          0         68   use_no_semi.o
         2          0          0          0          0         68   use_no_semi_2.o
       450          8          0          0          0        236   faddsub_clz.o
        24          0          0          0          0         68   fcmpi.o
       388         76          0          0          0         96   fdiv.o
       104          4          0          0          0         84   feqf.o
        54          4          0          0          0         84   ffix.o
        86          0          0          0          0        136   fflt_clz.o
       104          4          0          0          0         84   fleqf.o
       258          4          0          0          0         84   fmul.o
       140          4          0          0          0         84   fnaninf.o
        10          0          0          0          0         68   fretinf.o
        98          0          0          0          0         68   frleqf.o
         0          0          0          0          0          0   usenofp.o

    ----------------------------------------------------------------------
      2684        146          0          0        100       2348   Library Totals
        14          0          0          0          4          0   (incl. Padding)

    ----------------------------------------------------------------------

      Code (inc. data)   RO Data    RW Data    ZI Data      Debug   Library Name

       954         42          0          0         96       1256   c_w.l
      1716        104          0          0          0       1092   fz_ws.l

    ----------------------------------------------------------------------
      2684        146          0          0        100       2348   Library Totals

    ----------------------------------------------------------------------

==============================================================================


      Code (inc. data)   RO Data    RW Data    ZI Data      Debug   

     19600        926       1296        396       2484     363707   Grand Totals
     19600        926       1296        128       2484     363707   ELF Image Totals (compressed)
     19600        926       1296        128          0          0   ROM Totals

==============================================================================

    Total RO  Size (Code + RO Data)                20896 (  20.41kB)
    Total RW  Size (RW Data + ZI Data)              2880 (   2.81kB)
    Total ROM Size (Code + RO Data + RW Data)      21024 (  20.53kB)

==============================================================================

