<html>
<body>
<pre>
<h1>µVision Build Log</h1>
<h2>Tool Versions:</h2>
IDE-Version: ¦ÌVision V5.25.3.0
Copyright (C) 2018 ARM Ltd and ARM Germany GmbH. All rights reserved.
License Information: asd asd, asd, LIC=47GU5-G4NWE-125LE-53E3L-SL42S-6NCYG
 
Tool Versions:
Toolchain:       MDK-ARM Plus  Version: 5.18
Toolchain Path:  D:\keil_v5\ARM\ARMCC\Bin
C Compiler:      Armcc.exe V5.06 update 1 (build 61)
Assembler:       Armasm.exe V5.06 update 1 (build 61)
Linker/Locator:  ArmLink.exe V5.06 update 1 (build 61)
Library Manager: ArmAr.exe V5.06 update 1 (build 61)
Hex Converter:   FromElf.exe V5.06 update 1 (build 61)
CPU DLL:         SARMCM3.DLL V5.18
Dialog DLL:      DCM.DLL V1.13.6.0
Target DLL:      STLink\ST-LINKIII-KEIL_SWO.dll V2.0.18.0
Dialog DLL:      TCM.DLL V1.14.8.0
 
<h2>Project:</h2>
C:\Users\86176\Desktop\KaijuPilot_F4_Project\KaijuPilot_F4\Project\KaijuPilot_F4.uvprojx
Project File Date:  01/11/2023

<h2>Output:</h2>
*** Using Compiler 'V5.06 update 1 (build 61)', folder: 'D:\keil_v5\ARM\ARMCC\Bin'
Rebuild target 'KaijuPilot'
compiling stm32f4xx_it.c...
compiling system_stm32f4xx.c...
compiling flight_ctrl.c...
compiling msg_interchange.c...
compiling remote_signal.c...
..\SOFTWARE\applications\remote_signal.c(81): warning:  #177-D: variable "sbus_time" was declared but never referenced
  	static u32 sbus_time[2];
..\SOFTWARE\applications\remote_signal.c: 1 warning, 0 errors
compiling imu.c...
compiling main.c...
compiling att_ctrl.c...
compiling route_ctrl.c...
compiling tecs.c...
compiling pwm.c...
compiling led.c...
compiling icm20602.c...
compiling spi.c...
compiling pos_calcu.c...
compiling uart.c...
..\SOFTWARE\driver\uart.c(209): warning:  #550-D: variable "com_data" was set but never used
  	u8 com_data;
..\SOFTWARE\driver\uart.c: 1 warning, 0 errors
compiling croutine.c...
compiling event_groups.c...
compiling at24c02.c...
compiling kaiju_math.c...
compiling iic.c...
compiling bmp280.c...
compiling par_manage.c...
compiling task_manage.c...
compiling delay.c...
..\SOFTWARE\system\delay.c(66): warning:  #223-D: function "xPortSysTickHandler" declared implicitly
  		xPortSysTickHandler();
..\SOFTWARE\system\delay.c: 1 warning, 0 errors
compiling list.c...
assembling startup_stm32f40_41xxx.s...
compiling queue.c...
compiling heap_4.c...
compiling timers.c...
compiling stream_buffer.c...
compiling tasks.c...
compiling port.c...
compiling misc.c...
compiling stm32f4xx_adc.c...
compiling stm32f4xx_crc.c...
compiling stm32f4xx_cec.c...
compiling stm32f4xx_can.c...
compiling stm32f4xx_cryp.c...
compiling stm32f4xx_cryp_des.c...
compiling stm32f4xx_cryp_aes.c...
compiling stm32f4xx_cryp_tdes.c...
compiling stm32f4xx_dac.c...
compiling stm32f4xx_dbgmcu.c...
compiling stm32f4xx_dfsdm.c...
compiling stm32f4xx_dcmi.c...
compiling stm32f4xx_dma2d.c...
compiling stm32f4xx_dma.c...
compiling stm32f4xx_dsi.c...
compiling stm32f4xx_flash_ramfunc.c...
compiling stm32f4xx_flash.c...
compiling stm32f4xx_exti.c...
compiling stm32f4xx_gpio.c...
compiling stm32f4xx_hash.c...
compiling stm32f4xx_hash_md5.c...
compiling stm32f4xx_fmpi2c.c...
compiling stm32f4xx_fsmc.c...
compiling stm32f4xx_hash_sha1.c...
compiling stm32f4xx_iwdg.c...
compiling stm32f4xx_lptim.c...
compiling stm32f4xx_pwr.c...
compiling stm32f4xx_qspi.c...
compiling stm32f4xx_ltdc.c...
compiling stm32f4xx_i2c.c...
compiling stm32f4xx_rcc.c...
compiling stm32f4xx_rng.c...
compiling stm32f4xx_sai.c...
compiling stm32f4xx_spi.c...
compiling stm32f4xx_sdio.c...
compiling stm32f4xx_syscfg.c...
compiling stm32f4xx_rtc.c...
compiling stm32f4xx_spdifrx.c...
compiling stm32f4xx_tim.c...
compiling stm32f4xx_usart.c...
compiling stm32f4xx_wwdg.c...
linking...
Program Size: Code=36956 RO-data=1452 RW-data=1684 ZI-data=41620  
FromELF: creating hex file...
"..\OBJ\KaijuPilot_F4.axf" - 0 Error(s), 3 Warning(s).

<h2>Software Packages used:</h2>

Package Vendor: Keil
                http://www.keil.com/pack/Keil.STM32F4xx_DFP.1.0.8.pack
                Keil.STM32F4xx_DFP.1.0.8
                STMicroelectronics STM32F4 Series Device Support, Drivers and Examples

<h2>Collection of Component include folders:</h2>
  .\RTE\_KaijuPilot
  D:\keil_v5\ARM\PACK\STM32F4xx_DFP\1.0.8\Device\Include

<h2>Collection of Component Files used:</h2>
Build Time Elapsed:  00:00:23
</pre>
</body>
</html>
